mvn : fev. 08, 2026 8:15:25 PM org.hibernate.Version logVersion
No linha:1 caractere:54
+ ... ublic\Workspace\quest hands\backend" ; mvn clean test -q 2>&1 | Out-F ...
+                                            ~~~~~~~~~~~~~~~~~~~~~~
    + CategoryInfo          : NotSpecified: (fev. 08, 2026 8...sion logVersion 
   :String) [], RemoteException
    + FullyQualifiedErrorId : NativeCommandError
 
INFO: HHH000412: Hibernate ORM core version 5.6.15.Final
fev. 08, 2026 8:15:26 PM org.hibernate.jpa.internal.util.LogHelper 
logPersistenceUnitInformation
INFO: HHH000204: Processing PersistenceUnitInfo [name: <default>]
fev. 08, 2026 8:15:26 PM org.hibernate.Version logVersion
INFO: HHH000412: Hibernate ORM core version 5.6.15.Final
fev. 08, 2026 8:15:26 PM 
org.hibernate.annotations.common.reflection.java.JavaReflectionManager <clinit>
INFO: HCANN000001: Hibernate Commons Annotations {5.1.2.Final}
fev. 08, 2026 8:15:26 PM org.hibernate.dialect.Dialect <init>
INFO: HHH000400: Using dialect: 
io.quarkus.hibernate.orm.runtime.dialect.QuarkusPostgreSQL10Dialect
fev. 08, 2026 8:15:27 PM io.quarkus.bootstrap.runner.Timing printStartupTime
INFO: controle-estoque 1.0.0 on JVM (powered by Quarkus 2.16.6.Final) started 
in 4.336s. Listening on: http://localhost:8081
fev. 08, 2026 8:15:27 PM io.quarkus.bootstrap.runner.Timing printStartupTime
INFO: Profile test activated. 
fev. 08, 2026 8:15:27 PM io.quarkus.bootstrap.runner.Timing printStartupTime
INFO: Installed features: [agroal, cdi, hibernate-orm, hibernate-orm-panache, 
jdbc-postgresql, narayana-jta, resteasy, resteasy-jackson, 
smallrye-context-propagation, vertx]
fev. 08, 2026 8:15:29 PM org.hibernate.engine.jdbc.spi.SqlExceptionHelper 
logExceptions
WARN: SQL Error: 0, SQLState: 23505
fev. 08, 2026 8:15:29 PM org.hibernate.engine.jdbc.spi.SqlExceptionHelper 
logExceptions
ERROR: ERRO: duplicar valor da chave viola a restriþÒo de unicidade 
"uk_fk3yutmr81q9vnj581vnfn12r"
  Detalhe: Chave (code)=(NEG-STOCK) jß existe.
fev. 08, 2026 8:15:29 PM io.quarkus.vertx.http.runtime.QuarkusErrorHandler 
handle
ERROR: HTTP Request to /raw-materials failed, error id: 
1219e6c1-bfc5-4ef5-a0ec-05f438119002-1
org.jboss.resteasy.spi.UnhandledException: 
javax.persistence.PersistenceException: 
org.hibernate.exception.ConstraintViolationException: could not execute 
statement
	at org.jboss.resteasy.core.ExceptionHandler.handleApplicationException(Excepti
onHandler.java:105)
	at org.jboss.resteasy.core.ExceptionHandler.handleException(ExceptionHandler.j
ava:359)
	at org.jboss.resteasy.core.SynchronousDispatcher.writeException(SynchronousDis
patcher.java:218)
	at org.jboss.resteasy.core.SynchronousDispatcher.invoke(SynchronousDispatcher.
java:519)
	at org.jboss.resteasy.core.SynchronousDispatcher.lambda$invoke$4(SynchronousDi
spatcher.java:261)
	at org.jboss.resteasy.core.SynchronousDispatcher.lambda$preprocess$0(Synchrono
usDispatcher.java:161)
	at org.jboss.resteasy.core.interception.jaxrs.PreMatchContainerRequestContext.
filter(PreMatchContainerRequestContext.java:364)
	at org.jboss.resteasy.core.SynchronousDispatcher.preprocess(SynchronousDispatc
her.java:164)
	at org.jboss.resteasy.core.SynchronousDispatcher.invoke(SynchronousDispatcher.
java:247)
	at io.quarkus.resteasy.runtime.standalone.RequestDispatcher.service(RequestDis
patcher.java:82)
	at io.quarkus.resteasy.runtime.standalone.VertxRequestHandler.dispatch(VertxRe
questHandler.java:147)
	at io.quarkus.resteasy.runtime.standalone.VertxRequestHandler$1.run(VertxReque
stHandler.java:93)
	at io.quarkus.vertx.core.runtime.VertxCoreRecorder$14.runWith(VertxCoreRecorde
r.java:576)
	at org.jboss.threads.EnhancedQueueExecutor$Task.run(EnhancedQueueExecutor.java
:2449)
	at org.jboss.threads.EnhancedQueueExecutor$ThreadBody.run(EnhancedQueueExecuto
r.java:1478)
	at org.jboss.threads.DelegatingRunnable.run(DelegatingRunnable.java:29)
	at org.jboss.threads.ThreadLocalResettingRunnable.run(ThreadLocalResettingRunn
able.java:29)
	at io.netty.util.concurrent.FastThreadLocalRunnable.run(FastThreadLocalRunnabl
e.java:30)
	at java.base/java.lang.Thread.run(Thread.java:842)
Caused by: javax.persistence.PersistenceException: 
org.hibernate.exception.ConstraintViolationException: could not execute 
statement
	at org.hibernate.internal.ExceptionConverterImpl.convert(ExceptionConverterImp
l.java:154)
	at org.hibernate.internal.ExceptionConverterImpl.convert(ExceptionConverterImp
l.java:181)
	at org.hibernate.internal.ExceptionConverterImpl.convert(ExceptionConverterImp
l.java:188)
	at org.hibernate.internal.SessionImpl.firePersist(SessionImpl.java:762)
	at org.hibernate.internal.SessionImpl.persist(SessionImpl.java:742)
	at io.quarkus.hibernate.orm.runtime.session.TransactionScopedSession.persist(T
ransactionScopedSession.java:144)
	at org.hibernate.engine.spi.SessionLazyDelegator.persist(SessionLazyDelegator.
java:241)
	at org.hibernate.Session_5b93bee577ae2f8d76647de04cfab36afbf52958_Synthetic_Cl
ientProxy.persist(Unknown Source)
	at io.quarkus.hibernate.orm.panache.common.runtime.AbstractJpaOperations.persi
st(AbstractJpaOperations.java:101)
	at io.quarkus.hibernate.orm.panache.common.runtime.AbstractJpaOperations.persi
st(AbstractJpaOperations.java:96)
	at io.quarkus.hibernate.orm.panache.PanacheRepositoryBase.persist(PanacheRepos
itoryBase.java:54)
	at com.example.repository.RawMaterialRepository_ClientProxy.persist(Unknown 
Source)
	at 
com.example.resource.RawMaterialResource.create(RawMaterialResource.java:27)
	at com.example.resource.RawMaterialResource_Subclass.create$$superforward1(Unk
nown Source)
	at 
com.example.resource.RawMaterialResource_Subclass$$function$$1.apply(Unknown 
Source)
	at io.quarkus.arc.impl.AroundInvokeInvocationContext.proceed(AroundInvokeInvoc
ationContext.java:54)
	at io.quarkus.narayana.jta.runtime.interceptor.TransactionalInterceptorBase.in
vokeInOurTx(TransactionalInterceptorBase.java:133)
	at io.quarkus.narayana.jta.runtime.interceptor.TransactionalInterceptorBase.in
vokeInOurTx(TransactionalInterceptorBase.java:104)
	at io.quarkus.narayana.jta.runtime.interceptor.TransactionalInterceptorRequire
d.doIntercept(TransactionalInterceptorRequired.java:38)
	at io.quarkus.narayana.jta.runtime.interceptor.TransactionalInterceptorBase.in
tercept(TransactionalInterceptorBase.java:58)
	at io.quarkus.narayana.jta.runtime.interceptor.TransactionalInterceptorRequire
d.intercept(TransactionalInterceptorRequired.java:32)
	at io.quarkus.narayana.jta.runtime.interceptor.TransactionalInterceptorRequire
d_Bean.intercept(Unknown Source)
	at 
io.quarkus.arc.impl.InterceptorInvocation.invoke(InterceptorInvocation.java:42)
	at io.quarkus.arc.impl.AroundInvokeInvocationContext.perform(AroundInvokeInvoc
ationContext.java:41)
	at io.quarkus.arc.impl.InvocationContexts.performAroundInvoke(InvocationContex
ts.java:33)
	at com.example.resource.RawMaterialResource_Subclass.create(Unknown Source)
	at java.base/jdk.internal.reflect.NativeMethodAccessorImpl.invoke0(Native 
Method)
	at java.base/jdk.internal.reflect.NativeMethodAccessorImpl.invoke(NativeMethod
AccessorImpl.java:77)
	at java.base/jdk.internal.reflect.DelegatingMethodAccessorImpl.invoke(Delegati
ngMethodAccessorImpl.java:43)
	at java.base/java.lang.reflect.Method.invoke(Method.java:568)
	at 
org.jboss.resteasy.core.MethodInjectorImpl.invoke(MethodInjectorImpl.java:170)
	at 
org.jboss.resteasy.core.MethodInjectorImpl.invoke(MethodInjectorImpl.java:130)
	at org.jboss.resteasy.core.ResourceMethodInvoker.internalInvokeOnTarget(Resour
ceMethodInvoker.java:660)
	at org.jboss.resteasy.core.ResourceMethodInvoker.invokeOnTargetAfterFilter(Res
ourceMethodInvoker.java:524)
	at org.jboss.resteasy.core.ResourceMethodInvoker.lambda$invokeOnTarget$2(Resou
rceMethodInvoker.java:474)
	at org.jboss.resteasy.core.interception.jaxrs.PreMatchContainerRequestContext.
filter(PreMatchContainerRequestContext.java:364)
	at org.jboss.resteasy.core.ResourceMethodInvoker.invokeOnTarget(ResourceMethod
Invoker.java:476)
	at org.jboss.resteasy.core.ResourceMethodInvoker.invoke(ResourceMethodInvoker.
java:434)
	at org.jboss.resteasy.core.ResourceMethodInvoker.invoke(ResourceMethodInvoker.
java:408)
	at org.jboss.resteasy.core.ResourceMethodInvoker.invoke(ResourceMethodInvoker.
java:69)
	at org.jboss.resteasy.core.SynchronousDispatcher.invoke(SynchronousDispatcher.
java:492)
	... 15 more
Caused by: org.hibernate.exception.ConstraintViolationException: could not 
execute statement
	at org.hibernate.exception.internal.SQLStateConversionDelegate.convert(SQLStat
eConversionDelegate.java:109)
	at org.hibernate.exception.internal.StandardSQLExceptionConverter.convert(Stan
dardSQLExceptionConverter.java:37)
	at org.hibernate.engine.jdbc.spi.SqlExceptionHelper.convert(SqlExceptionHelper
.java:113)
	at org.hibernate.engine.jdbc.spi.SqlExceptionHelper.convert(SqlExceptionHelper
.java:99)
	at org.hibernate.engine.jdbc.internal.ResultSetReturnImpl.executeUpdate(Result
SetReturnImpl.java:200)
	at org.hibernate.dialect.identity.GetGeneratedKeysDelegate.executeAndExtract(G
etGeneratedKeysDelegate.java:58)
	at org.hibernate.id.insert.AbstractReturningDelegate.performInsert(AbstractRet
urningDelegate.java:43)
	at org.hibernate.persister.entity.AbstractEntityPersister.insert(AbstractEntit
yPersister.java:3279)
	at org.hibernate.persister.entity.AbstractEntityPersister.insert(AbstractEntit
yPersister.java:3914)
	at org.hibernate.action.internal.EntityIdentityInsertAction.execute(EntityIden
tityInsertAction.java:84)
	at org.hibernate.engine.spi.ActionQueue.execute(ActionQueue.java:645)
	at org.hibernate.engine.spi.ActionQueue.addResolvedEntityInsertAction(ActionQu
eue.java:282)
	at org.hibernate.engine.spi.ActionQueue.addInsertAction(ActionQueue.java:263)
	at org.hibernate.engine.spi.ActionQueue.addAction(ActionQueue.java:317)
	at org.hibernate.event.internal.AbstractSaveEventListener.addInsertAction(Abst
ractSaveEventListener.java:329)
	at org.hibernate.event.internal.AbstractSaveEventListener.performSaveOrReplica
te(AbstractSaveEventListener.java:286)
	at org.hibernate.event.internal.AbstractSaveEventListener.performSave(Abstract
SaveEventListener.java:192)
	at org.hibernate.event.internal.AbstractSaveEventListener.saveWithGeneratedId(
AbstractSaveEventListener.java:122)
	at org.hibernate.event.internal.DefaultPersistEventListener.entityIsTransient(
DefaultPersistEventListener.java:185)
	at org.hibernate.event.internal.DefaultPersistEventListener.onPersist(DefaultP
ersistEventListener.java:128)
	at org.hibernate.event.internal.DefaultPersistEventListener.onPersist(DefaultP
ersistEventListener.java:55)
	at org.hibernate.event.service.internal.EventListenerGroupImpl.fireEventOnEach
Listener(EventListenerGroupImpl.java:107)
	at org.hibernate.internal.SessionImpl.firePersist(SessionImpl.java:756)
	... 52 more
Caused by: org.postgresql.util.PSQLException: ERRO: duplicar valor da chave 
viola a restriþÒo de unicidade "uk_fk3yutmr81q9vnj581vnfn12r"
  Detalhe: Chave (code)=(NEG-STOCK) jß existe.
	at org.postgresql.core.v3.QueryExecutorImpl.receiveErrorResponse(QueryExecutor
Impl.java:2676)
	at org.postgresql.core.v3.QueryExecutorImpl.processResults(QueryExecutorImpl.j
ava:2366)
	at 
org.postgresql.core.v3.QueryExecutorImpl.execute(QueryExecutorImpl.java:356)
	at org.postgresql.jdbc.PgStatement.executeInternal(PgStatement.java:496)
	at org.postgresql.jdbc.PgStatement.execute(PgStatement.java:413)
	at org.postgresql.jdbc.PgPreparedStatement.executeWithFlags(PgPreparedStatemen
t.java:190)
	at org.postgresql.jdbc.PgPreparedStatement.executeUpdate(PgPreparedStatement.j
ava:152)
	at io.agroal.pool.wrapper.PreparedStatementWrapper.executeUpdate(PreparedState
mentWrapper.java:88)
	at org.hibernate.engine.jdbc.internal.ResultSetReturnImpl.executeUpdate(Result
SetReturnImpl.java:197)
	... 70 more

fev. 08, 2026 8:15:29 PM org.hibernate.engine.jdbc.spi.SqlExceptionHelper 
logExceptions
WARN: SQL Error: 0, SQLState: 22001
fev. 08, 2026 8:15:29 PM org.hibernate.engine.jdbc.spi.SqlExceptionHelper 
logExceptions
ERROR: ERRO: valor Ú muito longo para tipo character varying(255)
fev. 08, 2026 8:15:29 PM io.quarkus.vertx.http.runtime.QuarkusErrorHandler 
handle
ERROR: HTTP Request to /products failed, error id: 
1219e6c1-bfc5-4ef5-a0ec-05f438119002-2
org.jboss.resteasy.spi.UnhandledException: 
javax.persistence.PersistenceException: org.hibernate.exception.DataException: 
could not execute statement
	at org.jboss.resteasy.core.ExceptionHandler.handleApplicationException(Excepti
onHandler.java:105)
	at org.jboss.resteasy.core.ExceptionHandler.handleException(ExceptionHandler.j
ava:359)
	at org.jboss.resteasy.core.SynchronousDispatcher.writeException(SynchronousDis
patcher.java:218)
	at org.jboss.resteasy.core.SynchronousDispatcher.invoke(SynchronousDispatcher.
java:519)
	at org.jboss.resteasy.core.SynchronousDispatcher.lambda$invoke$4(SynchronousDi
spatcher.java:261)
	at org.jboss.resteasy.core.SynchronousDispatcher.lambda$preprocess$0(Synchrono
usDispatcher.java:161)
	at org.jboss.resteasy.core.interception.jaxrs.PreMatchContainerRequestContext.
filter(PreMatchContainerRequestContext.java:364)
	at org.jboss.resteasy.core.SynchronousDispatcher.preprocess(SynchronousDispatc
her.java:164)
	at org.jboss.resteasy.core.SynchronousDispatcher.invoke(SynchronousDispatcher.
java:247)
	at io.quarkus.resteasy.runtime.standalone.RequestDispatcher.service(RequestDis
patcher.java:82)
	at io.quarkus.resteasy.runtime.standalone.VertxRequestHandler.dispatch(VertxRe
questHandler.java:147)
	at io.quarkus.resteasy.runtime.standalone.VertxRequestHandler$1.run(VertxReque
stHandler.java:93)
	at io.quarkus.vertx.core.runtime.VertxCoreRecorder$14.runWith(VertxCoreRecorde
r.java:576)
	at org.jboss.threads.EnhancedQueueExecutor$Task.run(EnhancedQueueExecutor.java
:2449)
	at org.jboss.threads.EnhancedQueueExecutor$ThreadBody.run(EnhancedQueueExecuto
r.java:1478)
	at org.jboss.threads.DelegatingRunnable.run(DelegatingRunnable.java:29)
	at org.jboss.threads.ThreadLocalResettingRunnable.run(ThreadLocalResettingRunn
able.java:29)
	at io.netty.util.concurrent.FastThreadLocalRunnable.run(FastThreadLocalRunnabl
e.java:30)
	at java.base/java.lang.Thread.run(Thread.java:842)
Caused by: javax.persistence.PersistenceException: 
org.hibernate.exception.DataException: could not execute statement
	at org.hibernate.internal.ExceptionConverterImpl.convert(ExceptionConverterImp
l.java:154)
	at org.hibernate.internal.ExceptionConverterImpl.convert(ExceptionConverterImp
l.java:181)
	at org.hibernate.internal.ExceptionConverterImpl.convert(ExceptionConverterImp
l.java:188)
	at org.hibernate.internal.SessionImpl.firePersist(SessionImpl.java:762)
	at org.hibernate.internal.SessionImpl.persist(SessionImpl.java:742)
	at io.quarkus.hibernate.orm.runtime.session.TransactionScopedSession.persist(T
ransactionScopedSession.java:144)
	at org.hibernate.engine.spi.SessionLazyDelegator.persist(SessionLazyDelegator.
java:241)
	at org.hibernate.Session_5b93bee577ae2f8d76647de04cfab36afbf52958_Synthetic_Cl
ientProxy.persist(Unknown Source)
	at io.quarkus.hibernate.orm.panache.common.runtime.AbstractJpaOperations.persi
st(AbstractJpaOperations.java:101)
	at io.quarkus.hibernate.orm.panache.common.runtime.AbstractJpaOperations.persi
st(AbstractJpaOperations.java:96)
	at io.quarkus.hibernate.orm.panache.PanacheRepositoryBase.persist(PanacheRepos
itoryBase.java:54)
	at com.example.repository.ProductRepository_ClientProxy.persist(Unknown 
Source)
	at com.example.resource.ProductResource.create(ProductResource.java:26)
	at 
com.example.resource.ProductResource_Subclass.create$$superforward1(Unknown 
Source)
	at com.example.resource.ProductResource_Subclass$$function$$1.apply(Unknown 
Source)
	at io.quarkus.arc.impl.AroundInvokeInvocationContext.proceed(AroundInvokeInvoc
ationContext.java:54)
	at io.quarkus.narayana.jta.runtime.interceptor.TransactionalInterceptorBase.in
vokeInOurTx(TransactionalInterceptorBase.java:133)
	at io.quarkus.narayana.jta.runtime.interceptor.TransactionalInterceptorBase.in
vokeInOurTx(TransactionalInterceptorBase.java:104)
	at io.quarkus.narayana.jta.runtime.interceptor.TransactionalInterceptorRequire
d.doIntercept(TransactionalInterceptorRequired.java:38)
	at io.quarkus.narayana.jta.runtime.interceptor.TransactionalInterceptorBase.in
tercept(TransactionalInterceptorBase.java:58)
	at io.quarkus.narayana.jta.runtime.interceptor.TransactionalInterceptorRequire
d.intercept(TransactionalInterceptorRequired.java:32)
	at io.quarkus.narayana.jta.runtime.interceptor.TransactionalInterceptorRequire
d_Bean.intercept(Unknown Source)
	at 
io.quarkus.arc.impl.InterceptorInvocation.invoke(InterceptorInvocation.java:42)
	at io.quarkus.arc.impl.AroundInvokeInvocationContext.perform(AroundInvokeInvoc
ationContext.java:41)
	at io.quarkus.arc.impl.InvocationContexts.performAroundInvoke(InvocationContex
ts.java:33)
	at com.example.resource.ProductResource_Subclass.create(Unknown Source)
	at java.base/jdk.internal.reflect.NativeMethodAccessorImpl.invoke0(Native 
Method)
	at java.base/jdk.internal.reflect.NativeMethodAccessorImpl.invoke(NativeMethod
AccessorImpl.java:77)
	at java.base/jdk.internal.reflect.DelegatingMethodAccessorImpl.invoke(Delegati
ngMethodAccessorImpl.java:43)
	at java.base/java.lang.reflect.Method.invoke(Method.java:568)
	at 
org.jboss.resteasy.core.MethodInjectorImpl.invoke(MethodInjectorImpl.java:170)
	at 
org.jboss.resteasy.core.MethodInjectorImpl.invoke(MethodInjectorImpl.java:130)
	at org.jboss.resteasy.core.ResourceMethodInvoker.internalInvokeOnTarget(Resour
ceMethodInvoker.java:660)
	at org.jboss.resteasy.core.ResourceMethodInvoker.invokeOnTargetAfterFilter(Res
ourceMethodInvoker.java:524)
	at org.jboss.resteasy.core.ResourceMethodInvoker.lambda$invokeOnTarget$2(Resou
rceMethodInvoker.java:474)
	at org.jboss.resteasy.core.interception.jaxrs.PreMatchContainerRequestContext.
filter(PreMatchContainerRequestContext.java:364)
	at org.jboss.resteasy.core.ResourceMethodInvoker.invokeOnTarget(ResourceMethod
Invoker.java:476)
	at org.jboss.resteasy.core.ResourceMethodInvoker.invoke(ResourceMethodInvoker.
java:434)
	at org.jboss.resteasy.core.ResourceMethodInvoker.invoke(ResourceMethodInvoker.
java:408)
	at org.jboss.resteasy.core.ResourceMethodInvoker.invoke(ResourceMethodInvoker.
java:69)
	at org.jboss.resteasy.core.SynchronousDispatcher.invoke(SynchronousDispatcher.
java:492)
	... 15 more
Caused by: org.hibernate.exception.DataException: could not execute statement
	at org.hibernate.exception.internal.SQLStateConversionDelegate.convert(SQLStat
eConversionDelegate.java:115)
	at org.hibernate.exception.internal.StandardSQLExceptionConverter.convert(Stan
dardSQLExceptionConverter.java:37)
	at org.hibernate.engine.jdbc.spi.SqlExceptionHelper.convert(SqlExceptionHelper
.java:113)
	at org.hibernate.engine.jdbc.spi.SqlExceptionHelper.convert(SqlExceptionHelper
.java:99)
	at org.hibernate.engine.jdbc.internal.ResultSetReturnImpl.executeUpdate(Result
SetReturnImpl.java:200)
	at org.hibernate.dialect.identity.GetGeneratedKeysDelegate.executeAndExtract(G
etGeneratedKeysDelegate.java:58)
	at org.hibernate.id.insert.AbstractReturningDelegate.performInsert(AbstractRet
urningDelegate.java:43)
	at org.hibernate.persister.entity.AbstractEntityPersister.insert(AbstractEntit
yPersister.java:3279)
	at org.hibernate.persister.entity.AbstractEntityPersister.insert(AbstractEntit
yPersister.java:3914)
	at org.hibernate.action.internal.EntityIdentityInsertAction.execute(EntityIden
tityInsertAction.java:84)
	at org.hibernate.engine.spi.ActionQueue.execute(ActionQueue.java:645)
	at org.hibernate.engine.spi.ActionQueue.addResolvedEntityInsertAction(ActionQu
eue.java:282)
	at org.hibernate.engine.spi.ActionQueue.addInsertAction(ActionQueue.java:263)
	at org.hibernate.engine.spi.ActionQueue.addAction(ActionQueue.java:317)
	at org.hibernate.event.internal.AbstractSaveEventListener.addInsertAction(Abst
ractSaveEventListener.java:329)
	at org.hibernate.event.internal.AbstractSaveEventListener.performSaveOrReplica
te(AbstractSaveEventListener.java:286)
	at org.hibernate.event.internal.AbstractSaveEventListener.performSave(Abstract
SaveEventListener.java:192)
	at org.hibernate.event.internal.AbstractSaveEventListener.saveWithGeneratedId(
AbstractSaveEventListener.java:122)
	at org.hibernate.event.internal.DefaultPersistEventListener.entityIsTransient(
DefaultPersistEventListener.java:185)
	at org.hibernate.event.internal.DefaultPersistEventListener.onPersist(DefaultP
ersistEventListener.java:128)
	at org.hibernate.event.internal.DefaultPersistEventListener.onPersist(DefaultP
ersistEventListener.java:55)
	at org.hibernate.event.service.internal.EventListenerGroupImpl.fireEventOnEach
Listener(EventListenerGroupImpl.java:107)
	at org.hibernate.internal.SessionImpl.firePersist(SessionImpl.java:756)
	... 52 more
Caused by: org.postgresql.util.PSQLException: ERRO: valor Ú muito longo para 
tipo character varying(255)
	at org.postgresql.core.v3.QueryExecutorImpl.receiveErrorResponse(QueryExecutor
Impl.java:2676)
	at org.postgresql.core.v3.QueryExecutorImpl.processResults(QueryExecutorImpl.j
ava:2366)
	at 
org.postgresql.core.v3.QueryExecutorImpl.execute(QueryExecutorImpl.java:356)
	at org.postgresql.jdbc.PgStatement.executeInternal(PgStatement.java:496)
	at org.postgresql.jdbc.PgStatement.execute(PgStatement.java:413)
	at org.postgresql.jdbc.PgPreparedStatement.executeWithFlags(PgPreparedStatemen
t.java:190)
	at org.postgresql.jdbc.PgPreparedStatement.executeUpdate(PgPreparedStatement.j
ava:152)
	at io.agroal.pool.wrapper.PreparedStatementWrapper.executeUpdate(PreparedState
mentWrapper.java:88)
	at org.hibernate.engine.jdbc.internal.ResultSetReturnImpl.executeUpdate(Result
SetReturnImpl.java:197)
	... 70 more

fev. 08, 2026 8:15:29 PM org.hibernate.engine.jdbc.spi.SqlExceptionHelper 
logExceptions
WARN: SQL Error: 0, SQLState: 22001
fev. 08, 2026 8:15:29 PM org.hibernate.engine.jdbc.spi.SqlExceptionHelper 
logExceptions
ERROR: ERRO: valor Ú muito longo para tipo character varying(255)
fev. 08, 2026 8:15:29 PM io.quarkus.vertx.http.runtime.QuarkusErrorHandler 
handle
ERROR: HTTP Request to /products failed, error id: 
1219e6c1-bfc5-4ef5-a0ec-05f438119002-3
org.jboss.resteasy.spi.UnhandledException: 
javax.persistence.PersistenceException: org.hibernate.exception.DataException: 
could not execute statement
	at org.jboss.resteasy.core.ExceptionHandler.handleApplicationException(Excepti
onHandler.java:105)
	at org.jboss.resteasy.core.ExceptionHandler.handleException(ExceptionHandler.j
ava:359)
	at org.jboss.resteasy.core.SynchronousDispatcher.writeException(SynchronousDis
patcher.java:218)
	at org.jboss.resteasy.core.SynchronousDispatcher.invoke(SynchronousDispatcher.
java:519)
	at org.jboss.resteasy.core.SynchronousDispatcher.lambda$invoke$4(SynchronousDi
spatcher.java:261)
	at org.jboss.resteasy.core.SynchronousDispatcher.lambda$preprocess$0(Synchrono
usDispatcher.java:161)
	at org.jboss.resteasy.core.interception.jaxrs.PreMatchContainerRequestContext.
filter(PreMatchContainerRequestContext.java:364)
	at org.jboss.resteasy.core.SynchronousDispatcher.preprocess(SynchronousDispatc
her.java:164)
	at org.jboss.resteasy.core.SynchronousDispatcher.invoke(SynchronousDispatcher.
java:247)
	at io.quarkus.resteasy.runtime.standalone.RequestDispatcher.service(RequestDis
patcher.java:82)
	at io.quarkus.resteasy.runtime.standalone.VertxRequestHandler.dispatch(VertxRe
questHandler.java:147)
	at io.quarkus.resteasy.runtime.standalone.VertxRequestHandler$1.run(VertxReque
stHandler.java:93)
	at io.quarkus.vertx.core.runtime.VertxCoreRecorder$14.runWith(VertxCoreRecorde
r.java:576)
	at org.jboss.threads.EnhancedQueueExecutor$Task.run(EnhancedQueueExecutor.java
:2449)
	at org.jboss.threads.EnhancedQueueExecutor$ThreadBody.run(EnhancedQueueExecuto
r.java:1478)
	at org.jboss.threads.DelegatingRunnable.run(DelegatingRunnable.java:29)
	at org.jboss.threads.ThreadLocalResettingRunnable.run(ThreadLocalResettingRunn
able.java:29)
	at io.netty.util.concurrent.FastThreadLocalRunnable.run(FastThreadLocalRunnabl
e.java:30)
	at java.base/java.lang.Thread.run(Thread.java:842)
Caused by: javax.persistence.PersistenceException: 
org.hibernate.exception.DataException: could not execute statement
	at org.hibernate.internal.ExceptionConverterImpl.convert(ExceptionConverterImp
l.java:154)
	at org.hibernate.internal.ExceptionConverterImpl.convert(ExceptionConverterImp
l.java:181)
	at org.hibernate.internal.ExceptionConverterImpl.convert(ExceptionConverterImp
l.java:188)
	at org.hibernate.internal.SessionImpl.firePersist(SessionImpl.java:762)
	at org.hibernate.internal.SessionImpl.persist(SessionImpl.java:742)
	at io.quarkus.hibernate.orm.runtime.session.TransactionScopedSession.persist(T
ransactionScopedSession.java:144)
	at org.hibernate.engine.spi.SessionLazyDelegator.persist(SessionLazyDelegator.
java:241)
	at org.hibernate.Session_5b93bee577ae2f8d76647de04cfab36afbf52958_Synthetic_Cl
ientProxy.persist(Unknown Source)
	at io.quarkus.hibernate.orm.panache.common.runtime.AbstractJpaOperations.persi
st(AbstractJpaOperations.java:101)
	at io.quarkus.hibernate.orm.panache.common.runtime.AbstractJpaOperations.persi
st(AbstractJpaOperations.java:96)
	at io.quarkus.hibernate.orm.panache.PanacheRepositoryBase.persist(PanacheRepos
itoryBase.java:54)
	at com.example.repository.ProductRepository_ClientProxy.persist(Unknown 
Source)
	at com.example.resource.ProductResource.create(ProductResource.java:26)
	at 
com.example.resource.ProductResource_Subclass.create$$superforward1(Unknown 
Source)
	at com.example.resource.ProductResource_Subclass$$function$$1.apply(Unknown 
Source)
	at io.quarkus.arc.impl.AroundInvokeInvocationContext.proceed(AroundInvokeInvoc
ationContext.java:54)
	at io.quarkus.narayana.jta.runtime.interceptor.TransactionalInterceptorBase.in
vokeInOurTx(TransactionalInterceptorBase.java:133)
	at io.quarkus.narayana.jta.runtime.interceptor.TransactionalInterceptorBase.in
vokeInOurTx(TransactionalInterceptorBase.java:104)
	at io.quarkus.narayana.jta.runtime.interceptor.TransactionalInterceptorRequire
d.doIntercept(TransactionalInterceptorRequired.java:38)
	at io.quarkus.narayana.jta.runtime.interceptor.TransactionalInterceptorBase.in
tercept(TransactionalInterceptorBase.java:58)
	at io.quarkus.narayana.jta.runtime.interceptor.TransactionalInterceptorRequire
d.intercept(TransactionalInterceptorRequired.java:32)
	at io.quarkus.narayana.jta.runtime.interceptor.TransactionalInterceptorRequire
d_Bean.intercept(Unknown Source)
	at 
io.quarkus.arc.impl.InterceptorInvocation.invoke(InterceptorInvocation.java:42)
	at io.quarkus.arc.impl.AroundInvokeInvocationContext.perform(AroundInvokeInvoc
ationContext.java:41)
	at io.quarkus.arc.impl.InvocationContexts.performAroundInvoke(InvocationContex
ts.java:33)
	at com.example.resource.ProductResource_Subclass.create(Unknown Source)
	at java.base/jdk.internal.reflect.NativeMethodAccessorImpl.invoke0(Native 
Method)
	at java.base/jdk.internal.reflect.NativeMethodAccessorImpl.invoke(NativeMethod
AccessorImpl.java:77)
	at java.base/jdk.internal.reflect.DelegatingMethodAccessorImpl.invoke(Delegati
ngMethodAccessorImpl.java:43)
	at java.base/java.lang.reflect.Method.invoke(Method.java:568)
	at 
org.jboss.resteasy.core.MethodInjectorImpl.invoke(MethodInjectorImpl.java:170)
	at 
org.jboss.resteasy.core.MethodInjectorImpl.invoke(MethodInjectorImpl.java:130)
	at org.jboss.resteasy.core.ResourceMethodInvoker.internalInvokeOnTarget(Resour
ceMethodInvoker.java:660)
	at org.jboss.resteasy.core.ResourceMethodInvoker.invokeOnTargetAfterFilter(Res
ourceMethodInvoker.java:524)
	at org.jboss.resteasy.core.ResourceMethodInvoker.lambda$invokeOnTarget$2(Resou
rceMethodInvoker.java:474)
	at org.jboss.resteasy.core.interception.jaxrs.PreMatchContainerRequestContext.
filter(PreMatchContainerRequestContext.java:364)
	at org.jboss.resteasy.core.ResourceMethodInvoker.invokeOnTarget(ResourceMethod
Invoker.java:476)
	at org.jboss.resteasy.core.ResourceMethodInvoker.invoke(ResourceMethodInvoker.
java:434)
	at org.jboss.resteasy.core.ResourceMethodInvoker.invoke(ResourceMethodInvoker.
java:408)
	at org.jboss.resteasy.core.ResourceMethodInvoker.invoke(ResourceMethodInvoker.
java:69)
	at org.jboss.resteasy.core.SynchronousDispatcher.invoke(SynchronousDispatcher.
java:492)
	... 15 more
Caused by: org.hibernate.exception.DataException: could not execute statement
	at org.hibernate.exception.internal.SQLStateConversionDelegate.convert(SQLStat
eConversionDelegate.java:115)
	at org.hibernate.exception.internal.StandardSQLExceptionConverter.convert(Stan
dardSQLExceptionConverter.java:37)
	at org.hibernate.engine.jdbc.spi.SqlExceptionHelper.convert(SqlExceptionHelper
.java:113)
	at org.hibernate.engine.jdbc.spi.SqlExceptionHelper.convert(SqlExceptionHelper
.java:99)
	at org.hibernate.engine.jdbc.internal.ResultSetReturnImpl.executeUpdate(Result
SetReturnImpl.java:200)
	at org.hibernate.dialect.identity.GetGeneratedKeysDelegate.executeAndExtract(G
etGeneratedKeysDelegate.java:58)
	at org.hibernate.id.insert.AbstractReturningDelegate.performInsert(AbstractRet
urningDelegate.java:43)
	at org.hibernate.persister.entity.AbstractEntityPersister.insert(AbstractEntit
yPersister.java:3279)
	at org.hibernate.persister.entity.AbstractEntityPersister.insert(AbstractEntit
yPersister.java:3914)
	at org.hibernate.action.internal.EntityIdentityInsertAction.execute(EntityIden
tityInsertAction.java:84)
	at org.hibernate.engine.spi.ActionQueue.execute(ActionQueue.java:645)
	at org.hibernate.engine.spi.ActionQueue.addResolvedEntityInsertAction(ActionQu
eue.java:282)
	at org.hibernate.engine.spi.ActionQueue.addInsertAction(ActionQueue.java:263)
	at org.hibernate.engine.spi.ActionQueue.addAction(ActionQueue.java:317)
	at org.hibernate.event.internal.AbstractSaveEventListener.addInsertAction(Abst
ractSaveEventListener.java:329)
	at org.hibernate.event.internal.AbstractSaveEventListener.performSaveOrReplica
te(AbstractSaveEventListener.java:286)
	at org.hibernate.event.internal.AbstractSaveEventListener.performSave(Abstract
SaveEventListener.java:192)
	at org.hibernate.event.internal.AbstractSaveEventListener.saveWithGeneratedId(
AbstractSaveEventListener.java:122)
	at org.hibernate.event.internal.DefaultPersistEventListener.entityIsTransient(
DefaultPersistEventListener.java:185)
	at org.hibernate.event.internal.DefaultPersistEventListener.onPersist(DefaultP
ersistEventListener.java:128)
	at org.hibernate.event.internal.DefaultPersistEventListener.onPersist(DefaultP
ersistEventListener.java:55)
	at org.hibernate.event.service.internal.EventListenerGroupImpl.fireEventOnEach
Listener(EventListenerGroupImpl.java:107)
	at org.hibernate.internal.SessionImpl.firePersist(SessionImpl.java:756)
	... 52 more
Caused by: org.postgresql.util.PSQLException: ERRO: valor Ú muito longo para 
tipo character varying(255)
	at org.postgresql.core.v3.QueryExecutorImpl.receiveErrorResponse(QueryExecutor
Impl.java:2676)
	at org.postgresql.core.v3.QueryExecutorImpl.processResults(QueryExecutorImpl.j
ava:2366)
	at 
org.postgresql.core.v3.QueryExecutorImpl.execute(QueryExecutorImpl.java:356)
	at org.postgresql.jdbc.PgStatement.executeInternal(PgStatement.java:496)
	at org.postgresql.jdbc.PgStatement.execute(PgStatement.java:413)
	at org.postgresql.jdbc.PgPreparedStatement.executeWithFlags(PgPreparedStatemen
t.java:190)
	at org.postgresql.jdbc.PgPreparedStatement.executeUpdate(PgPreparedStatement.j
ava:152)
	at io.agroal.pool.wrapper.PreparedStatementWrapper.executeUpdate(PreparedState
mentWrapper.java:88)
	at org.hibernate.engine.jdbc.internal.ResultSetReturnImpl.executeUpdate(Result
SetReturnImpl.java:197)
	... 70 more

fev. 08, 2026 8:15:29 PM org.hibernate.engine.jdbc.spi.SqlExceptionHelper 
logExceptions
WARN: SQL Error: 0, SQLState: 23505
fev. 08, 2026 8:15:29 PM org.hibernate.engine.jdbc.spi.SqlExceptionHelper 
logExceptions
ERROR: ERRO: duplicar valor da chave viola a restriþÒo de unicidade 
"uk_h3w5r1mx6d0e5c6um32dgyjej"
  Detalhe: Chave (code)=(NEG-PRICE) jß existe.
fev. 08, 2026 8:15:29 PM io.quarkus.vertx.http.runtime.QuarkusErrorHandler 
handle
ERROR: HTTP Request to /products failed, error id: 
1219e6c1-bfc5-4ef5-a0ec-05f438119002-4
org.jboss.resteasy.spi.UnhandledException: 
javax.persistence.PersistenceException: 
org.hibernate.exception.ConstraintViolationException: could not execute 
statement
	at org.jboss.resteasy.core.ExceptionHandler.handleApplicationException(Excepti
onHandler.java:105)
	at org.jboss.resteasy.core.ExceptionHandler.handleException(ExceptionHandler.j
ava:359)
	at org.jboss.resteasy.core.SynchronousDispatcher.writeException(SynchronousDis
patcher.java:218)
	at org.jboss.resteasy.core.SynchronousDispatcher.invoke(SynchronousDispatcher.
java:519)
	at org.jboss.resteasy.core.SynchronousDispatcher.lambda$invoke$4(SynchronousDi
spatcher.java:261)
	at org.jboss.resteasy.core.SynchronousDispatcher.lambda$preprocess$0(Synchrono
usDispatcher.java:161)
	at org.jboss.resteasy.core.interception.jaxrs.PreMatchContainerRequestContext.
filter(PreMatchContainerRequestContext.java:364)
	at org.jboss.resteasy.core.SynchronousDispatcher.preprocess(SynchronousDispatc
her.java:164)
	at org.jboss.resteasy.core.SynchronousDispatcher.invoke(SynchronousDispatcher.
java:247)
	at io.quarkus.resteasy.runtime.standalone.RequestDispatcher.service(RequestDis
patcher.java:82)
	at io.quarkus.resteasy.runtime.standalone.VertxRequestHandler.dispatch(VertxRe
questHandler.java:147)
	at io.quarkus.resteasy.runtime.standalone.VertxRequestHandler$1.run(VertxReque
stHandler.java:93)
	at io.quarkus.vertx.core.runtime.VertxCoreRecorder$14.runWith(VertxCoreRecorde
r.java:576)
	at org.jboss.threads.EnhancedQueueExecutor$Task.run(EnhancedQueueExecutor.java
:2449)
	at org.jboss.threads.EnhancedQueueExecutor$ThreadBody.run(EnhancedQueueExecuto
r.java:1478)
	at org.jboss.threads.DelegatingRunnable.run(DelegatingRunnable.java:29)
	at org.jboss.threads.ThreadLocalResettingRunnable.run(ThreadLocalResettingRunn
able.java:29)
	at io.netty.util.concurrent.FastThreadLocalRunnable.run(FastThreadLocalRunnabl
e.java:30)
	at java.base/java.lang.Thread.run(Thread.java:842)
Caused by: javax.persistence.PersistenceException: 
org.hibernate.exception.ConstraintViolationException: could not execute 
statement
	at org.hibernate.internal.ExceptionConverterImpl.convert(ExceptionConverterImp
l.java:154)
	at org.hibernate.internal.ExceptionConverterImpl.convert(ExceptionConverterImp
l.java:181)
	at org.hibernate.internal.ExceptionConverterImpl.convert(ExceptionConverterImp
l.java:188)
	at org.hibernate.internal.SessionImpl.firePersist(SessionImpl.java:762)
	at org.hibernate.internal.SessionImpl.persist(SessionImpl.java:742)
	at io.quarkus.hibernate.orm.runtime.session.TransactionScopedSession.persist(T
ransactionScopedSession.java:144)
	at org.hibernate.engine.spi.SessionLazyDelegator.persist(SessionLazyDelegator.
java:241)
	at org.hibernate.Session_5b93bee577ae2f8d76647de04cfab36afbf52958_Synthetic_Cl
ientProxy.persist(Unknown Source)
	at io.quarkus.hibernate.orm.panache.common.runtime.AbstractJpaOperations.persi
st(AbstractJpaOperations.java:101)
	at io.quarkus.hibernate.orm.panache.common.runtime.AbstractJpaOperations.persi
st(AbstractJpaOperations.java:96)
	at io.quarkus.hibernate.orm.panache.PanacheRepositoryBase.persist(PanacheRepos
itoryBase.java:54)
	at com.example.repository.ProductRepository_ClientProxy.persist(Unknown 
Source)
	at com.example.resource.ProductResource.create(ProductResource.java:26)
	at 
com.example.resource.ProductResource_Subclass.create$$superforward1(Unknown 
Source)
	at com.example.resource.ProductResource_Subclass$$function$$1.apply(Unknown 
Source)
	at io.quarkus.arc.impl.AroundInvokeInvocationContext.proceed(AroundInvokeInvoc
ationContext.java:54)
	at io.quarkus.narayana.jta.runtime.interceptor.TransactionalInterceptorBase.in
vokeInOurTx(TransactionalInterceptorBase.java:133)
	at io.quarkus.narayana.jta.runtime.interceptor.TransactionalInterceptorBase.in
vokeInOurTx(TransactionalInterceptorBase.java:104)
	at io.quarkus.narayana.jta.runtime.interceptor.TransactionalInterceptorRequire
d.doIntercept(TransactionalInterceptorRequired.java:38)
	at io.quarkus.narayana.jta.runtime.interceptor.TransactionalInterceptorBase.in
tercept(TransactionalInterceptorBase.java:58)
	at io.quarkus.narayana.jta.runtime.interceptor.TransactionalInterceptorRequire
d.intercept(TransactionalInterceptorRequired.java:32)
	at io.quarkus.narayana.jta.runtime.interceptor.TransactionalInterceptorRequire
d_Bean.intercept(Unknown Source)
	at 
io.quarkus.arc.impl.InterceptorInvocation.invoke(InterceptorInvocation.java:42)
	at io.quarkus.arc.impl.AroundInvokeInvocationContext.perform(AroundInvokeInvoc
ationContext.java:41)
	at io.quarkus.arc.impl.InvocationContexts.performAroundInvoke(InvocationContex
ts.java:33)
	at com.example.resource.ProductResource_Subclass.create(Unknown Source)
	at java.base/jdk.internal.reflect.NativeMethodAccessorImpl.invoke0(Native 
Method)
	at java.base/jdk.internal.reflect.NativeMethodAccessorImpl.invoke(NativeMethod
AccessorImpl.java:77)
	at java.base/jdk.internal.reflect.DelegatingMethodAccessorImpl.invoke(Delegati
ngMethodAccessorImpl.java:43)
	at java.base/java.lang.reflect.Method.invoke(Method.java:568)
	at 
org.jboss.resteasy.core.MethodInjectorImpl.invoke(MethodInjectorImpl.java:170)
	at 
org.jboss.resteasy.core.MethodInjectorImpl.invoke(MethodInjectorImpl.java:130)
	at org.jboss.resteasy.core.ResourceMethodInvoker.internalInvokeOnTarget(Resour
ceMethodInvoker.java:660)
	at org.jboss.resteasy.core.ResourceMethodInvoker.invokeOnTargetAfterFilter(Res
ourceMethodInvoker.java:524)
	at org.jboss.resteasy.core.ResourceMethodInvoker.lambda$invokeOnTarget$2(Resou
rceMethodInvoker.java:474)
	at org.jboss.resteasy.core.interception.jaxrs.PreMatchContainerRequestContext.
filter(PreMatchContainerRequestContext.java:364)
	at org.jboss.resteasy.core.ResourceMethodInvoker.invokeOnTarget(ResourceMethod
Invoker.java:476)
	at org.jboss.resteasy.core.ResourceMethodInvoker.invoke(ResourceMethodInvoker.
java:434)
	at org.jboss.resteasy.core.ResourceMethodInvoker.invoke(ResourceMethodInvoker.
java:408)
	at org.jboss.resteasy.core.ResourceMethodInvoker.invoke(ResourceMethodInvoker.
java:69)
	at org.jboss.resteasy.core.SynchronousDispatcher.invoke(SynchronousDispatcher.
java:492)
	... 15 more
Caused by: org.hibernate.exception.ConstraintViolationException: could not 
execute statement
	at org.hibernate.exception.internal.SQLStateConversionDelegate.convert(SQLStat
eConversionDelegate.java:109)
	at org.hibernate.exception.internal.StandardSQLExceptionConverter.convert(Stan
dardSQLExceptionConverter.java:37)
	at org.hibernate.engine.jdbc.spi.SqlExceptionHelper.convert(SqlExceptionHelper
.java:113)
	at org.hibernate.engine.jdbc.spi.SqlExceptionHelper.convert(SqlExceptionHelper
.java:99)
	at org.hibernate.engine.jdbc.internal.ResultSetReturnImpl.executeUpdate(Result
SetReturnImpl.java:200)
	at org.hibernate.dialect.identity.GetGeneratedKeysDelegate.executeAndExtract(G
etGeneratedKeysDelegate.java:58)
	at org.hibernate.id.insert.AbstractReturningDelegate.performInsert(AbstractRet
urningDelegate.java:43)
	at org.hibernate.persister.entity.AbstractEntityPersister.insert(AbstractEntit
yPersister.java:3279)
	at org.hibernate.persister.entity.AbstractEntityPersister.insert(AbstractEntit
yPersister.java:3914)
	at org.hibernate.action.internal.EntityIdentityInsertAction.execute(EntityIden
tityInsertAction.java:84)
	at org.hibernate.engine.spi.ActionQueue.execute(ActionQueue.java:645)
	at org.hibernate.engine.spi.ActionQueue.addResolvedEntityInsertAction(ActionQu
eue.java:282)
	at org.hibernate.engine.spi.ActionQueue.addInsertAction(ActionQueue.java:263)
	at org.hibernate.engine.spi.ActionQueue.addAction(ActionQueue.java:317)
	at org.hibernate.event.internal.AbstractSaveEventListener.addInsertAction(Abst
ractSaveEventListener.java:329)
	at org.hibernate.event.internal.AbstractSaveEventListener.performSaveOrReplica
te(AbstractSaveEventListener.java:286)
	at org.hibernate.event.internal.AbstractSaveEventListener.performSave(Abstract
SaveEventListener.java:192)
	at org.hibernate.event.internal.AbstractSaveEventListener.saveWithGeneratedId(
AbstractSaveEventListener.java:122)
	at org.hibernate.event.internal.DefaultPersistEventListener.entityIsTransient(
DefaultPersistEventListener.java:185)
	at org.hibernate.event.internal.DefaultPersistEventListener.onPersist(DefaultP
ersistEventListener.java:128)
	at org.hibernate.event.internal.DefaultPersistEventListener.onPersist(DefaultP
ersistEventListener.java:55)
	at org.hibernate.event.service.internal.EventListenerGroupImpl.fireEventOnEach
Listener(EventListenerGroupImpl.java:107)
	at org.hibernate.internal.SessionImpl.firePersist(SessionImpl.java:756)
	... 52 more
Caused by: org.postgresql.util.PSQLException: ERRO: duplicar valor da chave 
viola a restriþÒo de unicidade "uk_h3w5r1mx6d0e5c6um32dgyjej"
  Detalhe: Chave (code)=(NEG-PRICE) jß existe.
	at org.postgresql.core.v3.QueryExecutorImpl.receiveErrorResponse(QueryExecutor
Impl.java:2676)
	at org.postgresql.core.v3.QueryExecutorImpl.processResults(QueryExecutorImpl.j
ava:2366)
	at 
org.postgresql.core.v3.QueryExecutorImpl.execute(QueryExecutorImpl.java:356)
	at org.postgresql.jdbc.PgStatement.executeInternal(PgStatement.java:496)
	at org.postgresql.jdbc.PgStatement.execute(PgStatement.java:413)
	at org.postgresql.jdbc.PgPreparedStatement.executeWithFlags(PgPreparedStatemen
t.java:190)
	at org.postgresql.jdbc.PgPreparedStatement.executeUpdate(PgPreparedStatement.j
ava:152)
	at io.agroal.pool.wrapper.PreparedStatementWrapper.executeUpdate(PreparedState
mentWrapper.java:88)
	at org.hibernate.engine.jdbc.internal.ResultSetReturnImpl.executeUpdate(Result
SetReturnImpl.java:197)
	... 70 more

fev. 08, 2026 8:15:29 PM io.quarkus.vertx.http.runtime.QuarkusErrorHandler 
handle
ERROR: HTTP Request to /products failed, error id: 
1219e6c1-bfc5-4ef5-a0ec-05f438119002-5
org.jboss.resteasy.spi.UnhandledException: 
javax.persistence.PersistenceException: org.hibernate.PropertyValueException: 
not-null property references a null or transient value : 
com.example.model.Product.code
	at org.jboss.resteasy.core.ExceptionHandler.handleApplicationException(Excepti
onHandler.java:105)
	at org.jboss.resteasy.core.ExceptionHandler.handleException(ExceptionHandler.j
ava:359)
	at org.jboss.resteasy.core.SynchronousDispatcher.writeException(SynchronousDis
patcher.java:218)
	at org.jboss.resteasy.core.SynchronousDispatcher.invoke(SynchronousDispatcher.
java:519)
	at org.jboss.resteasy.core.SynchronousDispatcher.lambda$invoke$4(SynchronousDi
spatcher.java:261)
	at org.jboss.resteasy.core.SynchronousDispatcher.lambda$preprocess$0(Synchrono
usDispatcher.java:161)
	at org.jboss.resteasy.core.interception.jaxrs.PreMatchContainerRequestContext.
filter(PreMatchContainerRequestContext.java:364)
	at org.jboss.resteasy.core.SynchronousDispatcher.preprocess(SynchronousDispatc
her.java:164)
	at org.jboss.resteasy.core.SynchronousDispatcher.invoke(SynchronousDispatcher.
java:247)
	at io.quarkus.resteasy.runtime.standalone.RequestDispatcher.service(RequestDis
patcher.java:82)
	at io.quarkus.resteasy.runtime.standalone.VertxRequestHandler.dispatch(VertxRe
questHandler.java:147)
	at io.quarkus.resteasy.runtime.standalone.VertxRequestHandler$1.run(VertxReque
stHandler.java:93)
	at io.quarkus.vertx.core.runtime.VertxCoreRecorder$14.runWith(VertxCoreRecorde
r.java:576)
	at org.jboss.threads.EnhancedQueueExecutor$Task.run(EnhancedQueueExecutor.java
:2449)
	at org.jboss.threads.EnhancedQueueExecutor$ThreadBody.run(EnhancedQueueExecuto
r.java:1478)
	at org.jboss.threads.DelegatingRunnable.run(DelegatingRunnable.java:29)
	at org.jboss.threads.ThreadLocalResettingRunnable.run(ThreadLocalResettingRunn
able.java:29)
	at io.netty.util.concurrent.FastThreadLocalRunnable.run(FastThreadLocalRunnabl
e.java:30)
	at java.base/java.lang.Thread.run(Thread.java:842)
Caused by: javax.persistence.PersistenceException: 
org.hibernate.PropertyValueException: not-null property references a null or 
transient value : com.example.model.Product.code
	at org.hibernate.internal.ExceptionConverterImpl.convert(ExceptionConverterImp
l.java:154)
	at org.hibernate.internal.ExceptionConverterImpl.convert(ExceptionConverterImp
l.java:181)
	at org.hibernate.internal.ExceptionConverterImpl.convert(ExceptionConverterImp
l.java:188)
	at org.hibernate.internal.SessionImpl.firePersist(SessionImpl.java:762)
	at org.hibernate.internal.SessionImpl.persist(SessionImpl.java:742)
	at io.quarkus.hibernate.orm.runtime.session.TransactionScopedSession.persist(T
ransactionScopedSession.java:144)
	at org.hibernate.engine.spi.SessionLazyDelegator.persist(SessionLazyDelegator.
java:241)
	at org.hibernate.Session_5b93bee577ae2f8d76647de04cfab36afbf52958_Synthetic_Cl
ientProxy.persist(Unknown Source)
	at io.quarkus.hibernate.orm.panache.common.runtime.AbstractJpaOperations.persi
st(AbstractJpaOperations.java:101)
	at io.quarkus.hibernate.orm.panache.common.runtime.AbstractJpaOperations.persi
st(AbstractJpaOperations.java:96)
	at io.quarkus.hibernate.orm.panache.PanacheRepositoryBase.persist(PanacheRepos
itoryBase.java:54)
	at com.example.repository.ProductRepository_ClientProxy.persist(Unknown 
Source)
	at com.example.resource.ProductResource.create(ProductResource.java:26)
	at 
com.example.resource.ProductResource_Subclass.create$$superforward1(Unknown 
Source)
	at com.example.resource.ProductResource_Subclass$$function$$1.apply(Unknown 
Source)
	at io.quarkus.arc.impl.AroundInvokeInvocationContext.proceed(AroundInvokeInvoc
ationContext.java:54)
	at io.quarkus.narayana.jta.runtime.interceptor.TransactionalInterceptorBase.in
vokeInOurTx(TransactionalInterceptorBase.java:133)
	at io.quarkus.narayana.jta.runtime.interceptor.TransactionalInterceptorBase.in
vokeInOurTx(TransactionalInterceptorBase.java:104)
	at io.quarkus.narayana.jta.runtime.interceptor.TransactionalInterceptorRequire
d.doIntercept(TransactionalInterceptorRequired.java:38)
	at io.quarkus.narayana.jta.runtime.interceptor.TransactionalInterceptorBase.in
tercept(TransactionalInterceptorBase.java:58)
	at io.quarkus.narayana.jta.runtime.interceptor.TransactionalInterceptorRequire
d.intercept(TransactionalInterceptorRequired.java:32)
	at io.quarkus.narayana.jta.runtime.interceptor.TransactionalInterceptorRequire
d_Bean.intercept(Unknown Source)
	at 
io.quarkus.arc.impl.InterceptorInvocation.invoke(InterceptorInvocation.java:42)
	at io.quarkus.arc.impl.AroundInvokeInvocationContext.perform(AroundInvokeInvoc
ationContext.java:41)
	at io.quarkus.arc.impl.InvocationContexts.performAroundInvoke(InvocationContex
ts.java:33)
	at com.example.resource.ProductResource_Subclass.create(Unknown Source)
	at java.base/jdk.internal.reflect.NativeMethodAccessorImpl.invoke0(Native 
Method)
	at java.base/jdk.internal.reflect.NativeMethodAccessorImpl.invoke(NativeMethod
AccessorImpl.java:77)
	at java.base/jdk.internal.reflect.DelegatingMethodAccessorImpl.invoke(Delegati
ngMethodAccessorImpl.java:43)
	at java.base/java.lang.reflect.Method.invoke(Method.java:568)
	at 
org.jboss.resteasy.core.MethodInjectorImpl.invoke(MethodInjectorImpl.java:170)
	at 
org.jboss.resteasy.core.MethodInjectorImpl.invoke(MethodInjectorImpl.java:130)
	at org.jboss.resteasy.core.ResourceMethodInvoker.internalInvokeOnTarget(Resour
ceMethodInvoker.java:660)
	at org.jboss.resteasy.core.ResourceMethodInvoker.invokeOnTargetAfterFilter(Res
ourceMethodInvoker.java:524)
	at org.jboss.resteasy.core.ResourceMethodInvoker.lambda$invokeOnTarget$2(Resou
rceMethodInvoker.java:474)
	at org.jboss.resteasy.core.interception.jaxrs.PreMatchContainerRequestContext.
filter(PreMatchContainerRequestContext.java:364)
	at org.jboss.resteasy.core.ResourceMethodInvoker.invokeOnTarget(ResourceMethod
Invoker.java:476)
	at org.jboss.resteasy.core.ResourceMethodInvoker.invoke(ResourceMethodInvoker.
java:434)
	at org.jboss.resteasy.core.ResourceMethodInvoker.invoke(ResourceMethodInvoker.
java:408)
	at org.jboss.resteasy.core.ResourceMethodInvoker.invoke(ResourceMethodInvoker.
java:69)
	at org.jboss.resteasy.core.SynchronousDispatcher.invoke(SynchronousDispatcher.
java:492)
	... 15 more
Caused by: org.hibernate.PropertyValueException: not-null property references 
a null or transient value : com.example.model.Product.code
	at org.hibernate.engine.internal.Nullability.checkNullability(Nullability.java
:111)
	at 
org.hibernate.engine.internal.Nullability.checkNullability(Nullability.java:55)
	at org.hibernate.action.internal.AbstractEntityInsertAction.nullifyTransientRe
ferencesIfNotAlready(AbstractEntityInsertAction.java:116)
	at org.hibernate.action.internal.EntityIdentityInsertAction.execute(EntityIden
tityInsertAction.java:72)
	at org.hibernate.engine.spi.ActionQueue.execute(ActionQueue.java:645)
	at org.hibernate.engine.spi.ActionQueue.addResolvedEntityInsertAction(ActionQu
eue.java:282)
	at org.hibernate.engine.spi.ActionQueue.addInsertAction(ActionQueue.java:263)
	at org.hibernate.engine.spi.ActionQueue.addAction(ActionQueue.java:317)
	at org.hibernate.event.internal.AbstractSaveEventListener.addInsertAction(Abst
ractSaveEventListener.java:329)
	at org.hibernate.event.internal.AbstractSaveEventListener.performSaveOrReplica
te(AbstractSaveEventListener.java:286)
	at org.hibernate.event.internal.AbstractSaveEventListener.performSave(Abstract
SaveEventListener.java:192)
	at org.hibernate.event.internal.AbstractSaveEventListener.saveWithGeneratedId(
AbstractSaveEventListener.java:122)
	at org.hibernate.event.internal.DefaultPersistEventListener.entityIsTransient(
DefaultPersistEventListener.java:185)
	at org.hibernate.event.internal.DefaultPersistEventListener.onPersist(DefaultP
ersistEventListener.java:128)
	at org.hibernate.event.internal.DefaultPersistEventListener.onPersist(DefaultP
ersistEventListener.java:55)
	at org.hibernate.event.service.internal.EventListenerGroupImpl.fireEventOnEach
Listener(EventListenerGroupImpl.java:107)
	at org.hibernate.internal.SessionImpl.firePersist(SessionImpl.java:756)
	... 52 more

fev. 08, 2026 8:15:29 PM org.hibernate.engine.jdbc.spi.SqlExceptionHelper 
logExceptions
WARN: SQL Error: 0, SQLState: 23505
fev. 08, 2026 8:15:29 PM org.hibernate.engine.jdbc.spi.SqlExceptionHelper 
logExceptions
ERROR: ERRO: duplicar valor da chave viola a restriþÒo de unicidade 
"uk_h3w5r1mx6d0e5c6um32dgyjej"
  Detalhe: Chave (code)=(CONCURRENT-0) jß existe.
fev. 08, 2026 8:15:29 PM io.quarkus.vertx.http.runtime.QuarkusErrorHandler 
handle
ERROR: HTTP Request to /products failed, error id: 
1219e6c1-bfc5-4ef5-a0ec-05f438119002-6
org.jboss.resteasy.spi.UnhandledException: 
javax.persistence.PersistenceException: 
org.hibernate.exception.ConstraintViolationException: could not execute 
statement
	at org.jboss.resteasy.core.ExceptionHandler.handleApplicationException(Excepti
onHandler.java:105)
	at org.jboss.resteasy.core.ExceptionHandler.handleException(ExceptionHandler.j
ava:359)
	at org.jboss.resteasy.core.SynchronousDispatcher.writeException(SynchronousDis
patcher.java:218)
	at org.jboss.resteasy.core.SynchronousDispatcher.invoke(SynchronousDispatcher.
java:519)
	at org.jboss.resteasy.core.SynchronousDispatcher.lambda$invoke$4(SynchronousDi
spatcher.java:261)
	at org.jboss.resteasy.core.SynchronousDispatcher.lambda$preprocess$0(Synchrono
usDispatcher.java:161)
	at org.jboss.resteasy.core.interception.jaxrs.PreMatchContainerRequestContext.
filter(PreMatchContainerRequestContext.java:364)
	at org.jboss.resteasy.core.SynchronousDispatcher.preprocess(SynchronousDispatc
her.java:164)
	at org.jboss.resteasy.core.SynchronousDispatcher.invoke(SynchronousDispatcher.
java:247)
	at io.quarkus.resteasy.runtime.standalone.RequestDispatcher.service(RequestDis
patcher.java:82)
	at io.quarkus.resteasy.runtime.standalone.VertxRequestHandler.dispatch(VertxRe
questHandler.java:147)
	at io.quarkus.resteasy.runtime.standalone.VertxRequestHandler$1.run(VertxReque
stHandler.java:93)
	at io.quarkus.vertx.core.runtime.VertxCoreRecorder$14.runWith(VertxCoreRecorde
r.java:576)
	at org.jboss.threads.EnhancedQueueExecutor$Task.run(EnhancedQueueExecutor.java
:2449)
	at org.jboss.threads.EnhancedQueueExecutor$ThreadBody.run(EnhancedQueueExecuto
r.java:1478)
	at org.jboss.threads.DelegatingRunnable.run(DelegatingRunnable.java:29)
	at org.jboss.threads.ThreadLocalResettingRunnable.run(ThreadLocalResettingRunn
able.java:29)
	at io.netty.util.concurrent.FastThreadLocalRunnable.run(FastThreadLocalRunnabl
e.java:30)
	at java.base/java.lang.Thread.run(Thread.java:842)
Caused by: javax.persistence.PersistenceException: 
org.hibernate.exception.ConstraintViolationException: could not execute 
statement
	at org.hibernate.internal.ExceptionConverterImpl.convert(ExceptionConverterImp
l.java:154)
	at org.hibernate.internal.ExceptionConverterImpl.convert(ExceptionConverterImp
l.java:181)
	at org.hibernate.internal.ExceptionConverterImpl.convert(ExceptionConverterImp
l.java:188)
	at org.hibernate.internal.SessionImpl.firePersist(SessionImpl.java:762)
	at org.hibernate.internal.SessionImpl.persist(SessionImpl.java:742)
	at io.quarkus.hibernate.orm.runtime.session.TransactionScopedSession.persist(T
ransactionScopedSession.java:144)
	at org.hibernate.engine.spi.SessionLazyDelegator.persist(SessionLazyDelegator.
java:241)
	at org.hibernate.Session_5b93bee577ae2f8d76647de04cfab36afbf52958_Synthetic_Cl
ientProxy.persist(Unknown Source)
	at io.quarkus.hibernate.orm.panache.common.runtime.AbstractJpaOperations.persi
st(AbstractJpaOperations.java:101)
	at io.quarkus.hibernate.orm.panache.common.runtime.AbstractJpaOperations.persi
st(AbstractJpaOperations.java:96)
	at io.quarkus.hibernate.orm.panache.PanacheRepositoryBase.persist(PanacheRepos
itoryBase.java:54)
	at com.example.repository.ProductRepository_ClientProxy.persist(Unknown 
Source)
	at com.example.resource.ProductResource.create(ProductResource.java:26)
	at 
com.example.resource.ProductResource_Subclass.create$$superforward1(Unknown 
Source)
	at com.example.resource.ProductResource_Subclass$$function$$1.apply(Unknown 
Source)
	at io.quarkus.arc.impl.AroundInvokeInvocationContext.proceed(AroundInvokeInvoc
ationContext.java:54)
	at io.quarkus.narayana.jta.runtime.interceptor.TransactionalInterceptorBase.in
vokeInOurTx(TransactionalInterceptorBase.java:133)
	at io.quarkus.narayana.jta.runtime.interceptor.TransactionalInterceptorBase.in
vokeInOurTx(TransactionalInterceptorBase.java:104)
	at io.quarkus.narayana.jta.runtime.interceptor.TransactionalInterceptorRequire
d.doIntercept(TransactionalInterceptorRequired.java:38)
	at io.quarkus.narayana.jta.runtime.interceptor.TransactionalInterceptorBase.in
tercept(TransactionalInterceptorBase.java:58)
	at io.quarkus.narayana.jta.runtime.interceptor.TransactionalInterceptorRequire
d.intercept(TransactionalInterceptorRequired.java:32)
	at io.quarkus.narayana.jta.runtime.interceptor.TransactionalInterceptorRequire
d_Bean.intercept(Unknown Source)
	at 
io.quarkus.arc.impl.InterceptorInvocation.invoke(InterceptorInvocation.java:42)
	at io.quarkus.arc.impl.AroundInvokeInvocationContext.perform(AroundInvokeInvoc
ationContext.java:41)
	at io.quarkus.arc.impl.InvocationContexts.performAroundInvoke(InvocationContex
ts.java:33)
	at com.example.resource.ProductResource_Subclass.create(Unknown Source)
	at java.base/jdk.internal.reflect.NativeMethodAccessorImpl.invoke0(Native 
Method)
	at java.base/jdk.internal.reflect.NativeMethodAccessorImpl.invoke(NativeMethod
AccessorImpl.java:77)
	at java.base/jdk.internal.reflect.DelegatingMethodAccessorImpl.invoke(Delegati
ngMethodAccessorImpl.java:43)
	at java.base/java.lang.reflect.Method.invoke(Method.java:568)
	at 
org.jboss.resteasy.core.MethodInjectorImpl.invoke(MethodInjectorImpl.java:170)
	at 
org.jboss.resteasy.core.MethodInjectorImpl.invoke(MethodInjectorImpl.java:130)
	at org.jboss.resteasy.core.ResourceMethodInvoker.internalInvokeOnTarget(Resour
ceMethodInvoker.java:660)
	at org.jboss.resteasy.core.ResourceMethodInvoker.invokeOnTargetAfterFilter(Res
ourceMethodInvoker.java:524)
	at org.jboss.resteasy.core.ResourceMethodInvoker.lambda$invokeOnTarget$2(Resou
rceMethodInvoker.java:474)
	at org.jboss.resteasy.core.interception.jaxrs.PreMatchContainerRequestContext.
filter(PreMatchContainerRequestContext.java:364)
	at org.jboss.resteasy.core.ResourceMethodInvoker.invokeOnTarget(ResourceMethod
Invoker.java:476)
	at org.jboss.resteasy.core.ResourceMethodInvoker.invoke(ResourceMethodInvoker.
java:434)
	at org.jboss.resteasy.core.ResourceMethodInvoker.invoke(ResourceMethodInvoker.
java:408)
	at org.jboss.resteasy.core.ResourceMethodInvoker.invoke(ResourceMethodInvoker.
java:69)
	at org.jboss.resteasy.core.SynchronousDispatcher.invoke(SynchronousDispatcher.
java:492)
	... 15 more
Caused by: org.hibernate.exception.ConstraintViolationException: could not 
execute statement
	at org.hibernate.exception.internal.SQLStateConversionDelegate.convert(SQLStat
eConversionDelegate.java:109)
	at org.hibernate.exception.internal.StandardSQLExceptionConverter.convert(Stan
dardSQLExceptionConverter.java:37)
	at org.hibernate.engine.jdbc.spi.SqlExceptionHelper.convert(SqlExceptionHelper
.java:113)
	at org.hibernate.engine.jdbc.spi.SqlExceptionHelper.convert(SqlExceptionHelper
.java:99)
	at org.hibernate.engine.jdbc.internal.ResultSetReturnImpl.executeUpdate(Result
SetReturnImpl.java:200)
	at org.hibernate.dialect.identity.GetGeneratedKeysDelegate.executeAndExtract(G
etGeneratedKeysDelegate.java:58)
	at org.hibernate.id.insert.AbstractReturningDelegate.performInsert(AbstractRet
urningDelegate.java:43)
	at org.hibernate.persister.entity.AbstractEntityPersister.insert(AbstractEntit
yPersister.java:3279)
	at org.hibernate.persister.entity.AbstractEntityPersister.insert(AbstractEntit
yPersister.java:3914)
	at org.hibernate.action.internal.EntityIdentityInsertAction.execute(EntityIden
tityInsertAction.java:84)
	at org.hibernate.engine.spi.ActionQueue.execute(ActionQueue.java:645)
	at org.hibernate.engine.spi.ActionQueue.addResolvedEntityInsertAction(ActionQu
eue.java:282)
	at org.hibernate.engine.spi.ActionQueue.addInsertAction(ActionQueue.java:263)
	at org.hibernate.engine.spi.ActionQueue.addAction(ActionQueue.java:317)
	at org.hibernate.event.internal.AbstractSaveEventListener.addInsertAction(Abst
ractSaveEventListener.java:329)
	at org.hibernate.event.internal.AbstractSaveEventListener.performSaveOrReplica
te(AbstractSaveEventListener.java:286)
	at org.hibernate.event.internal.AbstractSaveEventListener.performSave(Abstract
SaveEventListener.java:192)
	at org.hibernate.event.internal.AbstractSaveEventListener.saveWithGeneratedId(
AbstractSaveEventListener.java:122)
	at org.hibernate.event.internal.DefaultPersistEventListener.entityIsTransient(
DefaultPersistEventListener.java:185)
	at org.hibernate.event.internal.DefaultPersistEventListener.onPersist(DefaultP
ersistEventListener.java:128)
	at org.hibernate.event.internal.DefaultPersistEventListener.onPersist(DefaultP
ersistEventListener.java:55)
	at org.hibernate.event.service.internal.EventListenerGroupImpl.fireEventOnEach
Listener(EventListenerGroupImpl.java:107)
	at org.hibernate.internal.SessionImpl.firePersist(SessionImpl.java:756)
	... 52 more
Caused by: org.postgresql.util.PSQLException: ERRO: duplicar valor da chave 
viola a restriþÒo de unicidade "uk_h3w5r1mx6d0e5c6um32dgyjej"
  Detalhe: Chave (code)=(CONCURRENT-0) jß existe.
	at org.postgresql.core.v3.QueryExecutorImpl.receiveErrorResponse(QueryExecutor
Impl.java:2676)
	at org.postgresql.core.v3.QueryExecutorImpl.processResults(QueryExecutorImpl.j
ava:2366)
	at 
org.postgresql.core.v3.QueryExecutorImpl.execute(QueryExecutorImpl.java:356)
	at org.postgresql.jdbc.PgStatement.executeInternal(PgStatement.java:496)
	at org.postgresql.jdbc.PgStatement.execute(PgStatement.java:413)
	at org.postgresql.jdbc.PgPreparedStatement.executeWithFlags(PgPreparedStatemen
t.java:190)
	at org.postgresql.jdbc.PgPreparedStatement.executeUpdate(PgPreparedStatement.j
ava:152)
	at io.agroal.pool.wrapper.PreparedStatementWrapper.executeUpdate(PreparedState
mentWrapper.java:88)
	at org.hibernate.engine.jdbc.internal.ResultSetReturnImpl.executeUpdate(Result
SetReturnImpl.java:197)
	... 70 more

fev. 08, 2026 8:15:29 PM org.hibernate.engine.jdbc.spi.SqlExceptionHelper 
logExceptions
WARN: SQL Error: 0, SQLState: 23505
fev. 08, 2026 8:15:29 PM org.hibernate.engine.jdbc.spi.SqlExceptionHelper 
logExceptions
ERROR: ERRO: duplicar valor da chave viola a restriþÒo de unicidade 
"uk_h3w5r1mx6d0e5c6um32dgyjej"
  Detalhe: Chave (code)=(CONCURRENT-1) jß existe.
fev. 08, 2026 8:15:29 PM io.quarkus.vertx.http.runtime.QuarkusErrorHandler 
handle
ERROR: HTTP Request to /products failed, error id: 
1219e6c1-bfc5-4ef5-a0ec-05f438119002-7
org.jboss.resteasy.spi.UnhandledException: 
javax.persistence.PersistenceException: 
org.hibernate.exception.ConstraintViolationException: could not execute 
statement
	at org.jboss.resteasy.core.ExceptionHandler.handleApplicationException(Excepti
onHandler.java:105)
	at org.jboss.resteasy.core.ExceptionHandler.handleException(ExceptionHandler.j
ava:359)
	at org.jboss.resteasy.core.SynchronousDispatcher.writeException(SynchronousDis
patcher.java:218)
	at org.jboss.resteasy.core.SynchronousDispatcher.invoke(SynchronousDispatcher.
java:519)
	at org.jboss.resteasy.core.SynchronousDispatcher.lambda$invoke$4(SynchronousDi
spatcher.java:261)
	at org.jboss.resteasy.core.SynchronousDispatcher.lambda$preprocess$0(Synchrono
usDispatcher.java:161)
	at org.jboss.resteasy.core.interception.jaxrs.PreMatchContainerRequestContext.
filter(PreMatchContainerRequestContext.java:364)
	at org.jboss.resteasy.core.SynchronousDispatcher.preprocess(SynchronousDispatc
her.java:164)
	at org.jboss.resteasy.core.SynchronousDispatcher.invoke(SynchronousDispatcher.
java:247)
	at io.quarkus.resteasy.runtime.standalone.RequestDispatcher.service(RequestDis
patcher.java:82)
	at io.quarkus.resteasy.runtime.standalone.VertxRequestHandler.dispatch(VertxRe
questHandler.java:147)
	at io.quarkus.resteasy.runtime.standalone.VertxRequestHandler$1.run(VertxReque
stHandler.java:93)
	at io.quarkus.vertx.core.runtime.VertxCoreRecorder$14.runWith(VertxCoreRecorde
r.java:576)
	at org.jboss.threads.EnhancedQueueExecutor$Task.run(EnhancedQueueExecutor.java
:2449)
	at org.jboss.threads.EnhancedQueueExecutor$ThreadBody.run(EnhancedQueueExecuto
r.java:1478)
	at org.jboss.threads.DelegatingRunnable.run(DelegatingRunnable.java:29)
	at org.jboss.threads.ThreadLocalResettingRunnable.run(ThreadLocalResettingRunn
able.java:29)
	at io.netty.util.concurrent.FastThreadLocalRunnable.run(FastThreadLocalRunnabl
e.java:30)
	at java.base/java.lang.Thread.run(Thread.java:842)
Caused by: javax.persistence.PersistenceException: 
org.hibernate.exception.ConstraintViolationException: could not execute 
statement
	at org.hibernate.internal.ExceptionConverterImpl.convert(ExceptionConverterImp
l.java:154)
	at org.hibernate.internal.ExceptionConverterImpl.convert(ExceptionConverterImp
l.java:181)
	at org.hibernate.internal.ExceptionConverterImpl.convert(ExceptionConverterImp
l.java:188)
	at org.hibernate.internal.SessionImpl.firePersist(SessionImpl.java:762)
	at org.hibernate.internal.SessionImpl.persist(SessionImpl.java:742)
	at io.quarkus.hibernate.orm.runtime.session.TransactionScopedSession.persist(T
ransactionScopedSession.java:144)
	at org.hibernate.engine.spi.SessionLazyDelegator.persist(SessionLazyDelegator.
java:241)
	at org.hibernate.Session_5b93bee577ae2f8d76647de04cfab36afbf52958_Synthetic_Cl
ientProxy.persist(Unknown Source)
	at io.quarkus.hibernate.orm.panache.common.runtime.AbstractJpaOperations.persi
st(AbstractJpaOperations.java:101)
	at io.quarkus.hibernate.orm.panache.common.runtime.AbstractJpaOperations.persi
st(AbstractJpaOperations.java:96)
	at io.quarkus.hibernate.orm.panache.PanacheRepositoryBase.persist(PanacheRepos
itoryBase.java:54)
	at com.example.repository.ProductRepository_ClientProxy.persist(Unknown 
Source)
	at com.example.resource.ProductResource.create(ProductResource.java:26)
	at 
com.example.resource.ProductResource_Subclass.create$$superforward1(Unknown 
Source)
	at com.example.resource.ProductResource_Subclass$$function$$1.apply(Unknown 
Source)
	at io.quarkus.arc.impl.AroundInvokeInvocationContext.proceed(AroundInvokeInvoc
ationContext.java:54)
	at io.quarkus.narayana.jta.runtime.interceptor.TransactionalInterceptorBase.in
vokeInOurTx(TransactionalInterceptorBase.java:133)
	at io.quarkus.narayana.jta.runtime.interceptor.TransactionalInterceptorBase.in
vokeInOurTx(TransactionalInterceptorBase.java:104)
	at io.quarkus.narayana.jta.runtime.interceptor.TransactionalInterceptorRequire
d.doIntercept(TransactionalInterceptorRequired.java:38)
	at io.quarkus.narayana.jta.runtime.interceptor.TransactionalInterceptorBase.in
tercept(TransactionalInterceptorBase.java:58)
	at io.quarkus.narayana.jta.runtime.interceptor.TransactionalInterceptorRequire
d.intercept(TransactionalInterceptorRequired.java:32)
	at io.quarkus.narayana.jta.runtime.interceptor.TransactionalInterceptorRequire
d_Bean.intercept(Unknown Source)
	at 
io.quarkus.arc.impl.InterceptorInvocation.invoke(InterceptorInvocation.java:42)
	at io.quarkus.arc.impl.AroundInvokeInvocationContext.perform(AroundInvokeInvoc
ationContext.java:41)
	at io.quarkus.arc.impl.InvocationContexts.performAroundInvoke(InvocationContex
ts.java:33)
	at com.example.resource.ProductResource_Subclass.create(Unknown Source)
	at java.base/jdk.internal.reflect.NativeMethodAccessorImpl.invoke0(Native 
Method)
	at java.base/jdk.internal.reflect.NativeMethodAccessorImpl.invoke(NativeMethod
AccessorImpl.java:77)
	at java.base/jdk.internal.reflect.DelegatingMethodAccessorImpl.invoke(Delegati
ngMethodAccessorImpl.java:43)
	at java.base/java.lang.reflect.Method.invoke(Method.java:568)
	at 
org.jboss.resteasy.core.MethodInjectorImpl.invoke(MethodInjectorImpl.java:170)
	at 
org.jboss.resteasy.core.MethodInjectorImpl.invoke(MethodInjectorImpl.java:130)
	at org.jboss.resteasy.core.ResourceMethodInvoker.internalInvokeOnTarget(Resour
ceMethodInvoker.java:660)
	at org.jboss.resteasy.core.ResourceMethodInvoker.invokeOnTargetAfterFilter(Res
ourceMethodInvoker.java:524)
	at org.jboss.resteasy.core.ResourceMethodInvoker.lambda$invokeOnTarget$2(Resou
rceMethodInvoker.java:474)
	at org.jboss.resteasy.core.interception.jaxrs.PreMatchContainerRequestContext.
filter(PreMatchContainerRequestContext.java:364)
	at org.jboss.resteasy.core.ResourceMethodInvoker.invokeOnTarget(ResourceMethod
Invoker.java:476)
	at org.jboss.resteasy.core.ResourceMethodInvoker.invoke(ResourceMethodInvoker.
java:434)
	at org.jboss.resteasy.core.ResourceMethodInvoker.invoke(ResourceMethodInvoker.
java:408)
	at org.jboss.resteasy.core.ResourceMethodInvoker.invoke(ResourceMethodInvoker.
java:69)
	at org.jboss.resteasy.core.SynchronousDispatcher.invoke(SynchronousDispatcher.
java:492)
	... 15 more
Caused by: org.hibernate.exception.ConstraintViolationException: could not 
execute statement
	at org.hibernate.exception.internal.SQLStateConversionDelegate.convert(SQLStat
eConversionDelegate.java:109)
	at org.hibernate.exception.internal.StandardSQLExceptionConverter.convert(Stan
dardSQLExceptionConverter.java:37)
	at org.hibernate.engine.jdbc.spi.SqlExceptionHelper.convert(SqlExceptionHelper
.java:113)
	at org.hibernate.engine.jdbc.spi.SqlExceptionHelper.convert(SqlExceptionHelper
.java:99)
	at org.hibernate.engine.jdbc.internal.ResultSetReturnImpl.executeUpdate(Result
SetReturnImpl.java:200)
	at org.hibernate.dialect.identity.GetGeneratedKeysDelegate.executeAndExtract(G
etGeneratedKeysDelegate.java:58)
	at org.hibernate.id.insert.AbstractReturningDelegate.performInsert(AbstractRet
urningDelegate.java:43)
	at org.hibernate.persister.entity.AbstractEntityPersister.insert(AbstractEntit
yPersister.java:3279)
	at org.hibernate.persister.entity.AbstractEntityPersister.insert(AbstractEntit
yPersister.java:3914)
	at org.hibernate.action.internal.EntityIdentityInsertAction.execute(EntityIden
tityInsertAction.java:84)
	at org.hibernate.engine.spi.ActionQueue.execute(ActionQueue.java:645)
	at org.hibernate.engine.spi.ActionQueue.addResolvedEntityInsertAction(ActionQu
eue.java:282)
	at org.hibernate.engine.spi.ActionQueue.addInsertAction(ActionQueue.java:263)
	at org.hibernate.engine.spi.ActionQueue.addAction(ActionQueue.java:317)
	at org.hibernate.event.internal.AbstractSaveEventListener.addInsertAction(Abst
ractSaveEventListener.java:329)
	at org.hibernate.event.internal.AbstractSaveEventListener.performSaveOrReplica
te(AbstractSaveEventListener.java:286)
	at org.hibernate.event.internal.AbstractSaveEventListener.performSave(Abstract
SaveEventListener.java:192)
	at org.hibernate.event.internal.AbstractSaveEventListener.saveWithGeneratedId(
AbstractSaveEventListener.java:122)
	at org.hibernate.event.internal.DefaultPersistEventListener.entityIsTransient(
DefaultPersistEventListener.java:185)
	at org.hibernate.event.internal.DefaultPersistEventListener.onPersist(DefaultP
ersistEventListener.java:128)
	at org.hibernate.event.internal.DefaultPersistEventListener.onPersist(DefaultP
ersistEventListener.java:55)
	at org.hibernate.event.service.internal.EventListenerGroupImpl.fireEventOnEach
Listener(EventListenerGroupImpl.java:107)
	at org.hibernate.internal.SessionImpl.firePersist(SessionImpl.java:756)
	... 52 more
Caused by: org.postgresql.util.PSQLException: ERRO: duplicar valor da chave 
viola a restriþÒo de unicidade "uk_h3w5r1mx6d0e5c6um32dgyjej"
  Detalhe: Chave (code)=(CONCURRENT-1) jß existe.
	at org.postgresql.core.v3.QueryExecutorImpl.receiveErrorResponse(QueryExecutor
Impl.java:2676)
	at org.postgresql.core.v3.QueryExecutorImpl.processResults(QueryExecutorImpl.j
ava:2366)
	at 
org.postgresql.core.v3.QueryExecutorImpl.execute(QueryExecutorImpl.java:356)
	at org.postgresql.jdbc.PgStatement.executeInternal(PgStatement.java:496)
	at org.postgresql.jdbc.PgStatement.execute(PgStatement.java:413)
	at org.postgresql.jdbc.PgPreparedStatement.executeWithFlags(PgPreparedStatemen
t.java:190)
	at org.postgresql.jdbc.PgPreparedStatement.executeUpdate(PgPreparedStatement.j
ava:152)
	at io.agroal.pool.wrapper.PreparedStatementWrapper.executeUpdate(PreparedState
mentWrapper.java:88)
	at org.hibernate.engine.jdbc.internal.ResultSetReturnImpl.executeUpdate(Result
SetReturnImpl.java:197)
	... 70 more

fev. 08, 2026 8:15:29 PM org.hibernate.engine.jdbc.spi.SqlExceptionHelper 
logExceptions
WARN: SQL Error: 0, SQLState: 23505
fev. 08, 2026 8:15:29 PM org.hibernate.engine.jdbc.spi.SqlExceptionHelper 
logExceptions
ERROR: ERRO: duplicar valor da chave viola a restriþÒo de unicidade 
"uk_h3w5r1mx6d0e5c6um32dgyjej"
  Detalhe: Chave (code)=(CONCURRENT-2) jß existe.
fev. 08, 2026 8:15:29 PM io.quarkus.vertx.http.runtime.QuarkusErrorHandler 
handle
ERROR: HTTP Request to /products failed, error id: 
1219e6c1-bfc5-4ef5-a0ec-05f438119002-8
org.jboss.resteasy.spi.UnhandledException: 
javax.persistence.PersistenceException: 
org.hibernate.exception.ConstraintViolationException: could not execute 
statement
	at org.jboss.resteasy.core.ExceptionHandler.handleApplicationException(Excepti
onHandler.java:105)
	at org.jboss.resteasy.core.ExceptionHandler.handleException(ExceptionHandler.j
ava:359)
	at org.jboss.resteasy.core.SynchronousDispatcher.writeException(SynchronousDis
patcher.java:218)
	at org.jboss.resteasy.core.SynchronousDispatcher.invoke(SynchronousDispatcher.
java:519)
	at org.jboss.resteasy.core.SynchronousDispatcher.lambda$invoke$4(SynchronousDi
spatcher.java:261)
	at org.jboss.resteasy.core.SynchronousDispatcher.lambda$preprocess$0(Synchrono
usDispatcher.java:161)
	at org.jboss.resteasy.core.interception.jaxrs.PreMatchContainerRequestContext.
filter(PreMatchContainerRequestContext.java:364)
	at org.jboss.resteasy.core.SynchronousDispatcher.preprocess(SynchronousDispatc
her.java:164)
	at org.jboss.resteasy.core.SynchronousDispatcher.invoke(SynchronousDispatcher.
java:247)
	at io.quarkus.resteasy.runtime.standalone.RequestDispatcher.service(RequestDis
patcher.java:82)
	at io.quarkus.resteasy.runtime.standalone.VertxRequestHandler.dispatch(VertxRe
questHandler.java:147)
	at io.quarkus.resteasy.runtime.standalone.VertxRequestHandler$1.run(VertxReque
stHandler.java:93)
	at io.quarkus.vertx.core.runtime.VertxCoreRecorder$14.runWith(VertxCoreRecorde
r.java:576)
	at org.jboss.threads.EnhancedQueueExecutor$Task.run(EnhancedQueueExecutor.java
:2449)
	at org.jboss.threads.EnhancedQueueExecutor$ThreadBody.run(EnhancedQueueExecuto
r.java:1478)
	at org.jboss.threads.DelegatingRunnable.run(DelegatingRunnable.java:29)
	at org.jboss.threads.ThreadLocalResettingRunnable.run(ThreadLocalResettingRunn
able.java:29)
	at io.netty.util.concurrent.FastThreadLocalRunnable.run(FastThreadLocalRunnabl
e.java:30)
	at java.base/java.lang.Thread.run(Thread.java:842)
Caused by: javax.persistence.PersistenceException: 
org.hibernate.exception.ConstraintViolationException: could not execute 
statement
	at org.hibernate.internal.ExceptionConverterImpl.convert(ExceptionConverterImp
l.java:154)
	at org.hibernate.internal.ExceptionConverterImpl.convert(ExceptionConverterImp
l.java:181)
	at org.hibernate.internal.ExceptionConverterImpl.convert(ExceptionConverterImp
l.java:188)
	at org.hibernate.internal.SessionImpl.firePersist(SessionImpl.java:762)
	at org.hibernate.internal.SessionImpl.persist(SessionImpl.java:742)
	at io.quarkus.hibernate.orm.runtime.session.TransactionScopedSession.persist(T
ransactionScopedSession.java:144)
	at org.hibernate.engine.spi.SessionLazyDelegator.persist(SessionLazyDelegator.
java:241)
	at org.hibernate.Session_5b93bee577ae2f8d76647de04cfab36afbf52958_Synthetic_Cl
ientProxy.persist(Unknown Source)
	at io.quarkus.hibernate.orm.panache.common.runtime.AbstractJpaOperations.persi
st(AbstractJpaOperations.java:101)
	at io.quarkus.hibernate.orm.panache.common.runtime.AbstractJpaOperations.persi
st(AbstractJpaOperations.java:96)
	at io.quarkus.hibernate.orm.panache.PanacheRepositoryBase.persist(PanacheRepos
itoryBase.java:54)
	at com.example.repository.ProductRepository_ClientProxy.persist(Unknown 
Source)
	at com.example.resource.ProductResource.create(ProductResource.java:26)
	at 
com.example.resource.ProductResource_Subclass.create$$superforward1(Unknown 
Source)
	at com.example.resource.ProductResource_Subclass$$function$$1.apply(Unknown 
Source)
	at io.quarkus.arc.impl.AroundInvokeInvocationContext.proceed(AroundInvokeInvoc
ationContext.java:54)
	at io.quarkus.narayana.jta.runtime.interceptor.TransactionalInterceptorBase.in
vokeInOurTx(TransactionalInterceptorBase.java:133)
	at io.quarkus.narayana.jta.runtime.interceptor.TransactionalInterceptorBase.in
vokeInOurTx(TransactionalInterceptorBase.java:104)
	at io.quarkus.narayana.jta.runtime.interceptor.TransactionalInterceptorRequire
d.doIntercept(TransactionalInterceptorRequired.java:38)
	at io.quarkus.narayana.jta.runtime.interceptor.TransactionalInterceptorBase.in
tercept(TransactionalInterceptorBase.java:58)
	at io.quarkus.narayana.jta.runtime.interceptor.TransactionalInterceptorRequire
d.intercept(TransactionalInterceptorRequired.java:32)
	at io.quarkus.narayana.jta.runtime.interceptor.TransactionalInterceptorRequire
d_Bean.intercept(Unknown Source)
	at 
io.quarkus.arc.impl.InterceptorInvocation.invoke(InterceptorInvocation.java:42)
	at io.quarkus.arc.impl.AroundInvokeInvocationContext.perform(AroundInvokeInvoc
ationContext.java:41)
	at io.quarkus.arc.impl.InvocationContexts.performAroundInvoke(InvocationContex
ts.java:33)
	at com.example.resource.ProductResource_Subclass.create(Unknown Source)
	at java.base/jdk.internal.reflect.NativeMethodAccessorImpl.invoke0(Native 
Method)
	at java.base/jdk.internal.reflect.NativeMethodAccessorImpl.invoke(NativeMethod
AccessorImpl.java:77)
	at java.base/jdk.internal.reflect.DelegatingMethodAccessorImpl.invoke(Delegati
ngMethodAccessorImpl.java:43)
	at java.base/java.lang.reflect.Method.invoke(Method.java:568)
	at 
org.jboss.resteasy.core.MethodInjectorImpl.invoke(MethodInjectorImpl.java:170)
	at 
org.jboss.resteasy.core.MethodInjectorImpl.invoke(MethodInjectorImpl.java:130)
	at org.jboss.resteasy.core.ResourceMethodInvoker.internalInvokeOnTarget(Resour
ceMethodInvoker.java:660)
	at org.jboss.resteasy.core.ResourceMethodInvoker.invokeOnTargetAfterFilter(Res
ourceMethodInvoker.java:524)
	at org.jboss.resteasy.core.ResourceMethodInvoker.lambda$invokeOnTarget$2(Resou
rceMethodInvoker.java:474)
	at org.jboss.resteasy.core.interception.jaxrs.PreMatchContainerRequestContext.
filter(PreMatchContainerRequestContext.java:364)
	at org.jboss.resteasy.core.ResourceMethodInvoker.invokeOnTarget(ResourceMethod
Invoker.java:476)
	at org.jboss.resteasy.core.ResourceMethodInvoker.invoke(ResourceMethodInvoker.
java:434)
	at org.jboss.resteasy.core.ResourceMethodInvoker.invoke(ResourceMethodInvoker.
java:408)
	at org.jboss.resteasy.core.ResourceMethodInvoker.invoke(ResourceMethodInvoker.
java:69)
	at org.jboss.resteasy.core.SynchronousDispatcher.invoke(SynchronousDispatcher.
java:492)
	... 15 more
Caused by: org.hibernate.exception.ConstraintViolationException: could not 
execute statement
	at org.hibernate.exception.internal.SQLStateConversionDelegate.convert(SQLStat
eConversionDelegate.java:109)
	at org.hibernate.exception.internal.StandardSQLExceptionConverter.convert(Stan
dardSQLExceptionConverter.java:37)
	at org.hibernate.engine.jdbc.spi.SqlExceptionHelper.convert(SqlExceptionHelper
.java:113)
	at org.hibernate.engine.jdbc.spi.SqlExceptionHelper.convert(SqlExceptionHelper
.java:99)
	at org.hibernate.engine.jdbc.internal.ResultSetReturnImpl.executeUpdate(Result
SetReturnImpl.java:200)
	at org.hibernate.dialect.identity.GetGeneratedKeysDelegate.executeAndExtract(G
etGeneratedKeysDelegate.java:58)
	at org.hibernate.id.insert.AbstractReturningDelegate.performInsert(AbstractRet
urningDelegate.java:43)
	at org.hibernate.persister.entity.AbstractEntityPersister.insert(AbstractEntit
yPersister.java:3279)
	at org.hibernate.persister.entity.AbstractEntityPersister.insert(AbstractEntit
yPersister.java:3914)
	at org.hibernate.action.internal.EntityIdentityInsertAction.execute(EntityIden
tityInsertAction.java:84)
	at org.hibernate.engine.spi.ActionQueue.execute(ActionQueue.java:645)
	at org.hibernate.engine.spi.ActionQueue.addResolvedEntityInsertAction(ActionQu
eue.java:282)
	at org.hibernate.engine.spi.ActionQueue.addInsertAction(ActionQueue.java:263)
	at org.hibernate.engine.spi.ActionQueue.addAction(ActionQueue.java:317)
	at org.hibernate.event.internal.AbstractSaveEventListener.addInsertAction(Abst
ractSaveEventListener.java:329)
	at org.hibernate.event.internal.AbstractSaveEventListener.performSaveOrReplica
te(AbstractSaveEventListener.java:286)
	at org.hibernate.event.internal.AbstractSaveEventListener.performSave(Abstract
SaveEventListener.java:192)
	at org.hibernate.event.internal.AbstractSaveEventListener.saveWithGeneratedId(
AbstractSaveEventListener.java:122)
	at org.hibernate.event.internal.DefaultPersistEventListener.entityIsTransient(
DefaultPersistEventListener.java:185)
	at org.hibernate.event.internal.DefaultPersistEventListener.onPersist(DefaultP
ersistEventListener.java:128)
	at org.hibernate.event.internal.DefaultPersistEventListener.onPersist(DefaultP
ersistEventListener.java:55)
	at org.hibernate.event.service.internal.EventListenerGroupImpl.fireEventOnEach
Listener(EventListenerGroupImpl.java:107)
	at org.hibernate.internal.SessionImpl.firePersist(SessionImpl.java:756)
	... 52 more
Caused by: org.postgresql.util.PSQLException: ERRO: duplicar valor da chave 
viola a restriþÒo de unicidade "uk_h3w5r1mx6d0e5c6um32dgyjej"
  Detalhe: Chave (code)=(CONCURRENT-2) jß existe.
	at org.postgresql.core.v3.QueryExecutorImpl.receiveErrorResponse(QueryExecutor
Impl.java:2676)
	at org.postgresql.core.v3.QueryExecutorImpl.processResults(QueryExecutorImpl.j
ava:2366)
	at 
org.postgresql.core.v3.QueryExecutorImpl.execute(QueryExecutorImpl.java:356)
	at org.postgresql.jdbc.PgStatement.executeInternal(PgStatement.java:496)
	at org.postgresql.jdbc.PgStatement.execute(PgStatement.java:413)
	at org.postgresql.jdbc.PgPreparedStatement.executeWithFlags(PgPreparedStatemen
t.java:190)
	at org.postgresql.jdbc.PgPreparedStatement.executeUpdate(PgPreparedStatement.j
ava:152)
	at io.agroal.pool.wrapper.PreparedStatementWrapper.executeUpdate(PreparedState
mentWrapper.java:88)
	at org.hibernate.engine.jdbc.internal.ResultSetReturnImpl.executeUpdate(Result
SetReturnImpl.java:197)
	... 70 more

fev. 08, 2026 8:15:29 PM org.hibernate.engine.jdbc.spi.SqlExceptionHelper 
logExceptions
WARN: SQL Error: 0, SQLState: 23505
fev. 08, 2026 8:15:29 PM org.hibernate.engine.jdbc.spi.SqlExceptionHelper 
logExceptions
ERROR: ERRO: duplicar valor da chave viola a restriþÒo de unicidade 
"uk_h3w5r1mx6d0e5c6um32dgyjej"
  Detalhe: Chave (code)=(CONCURRENT-3) jß existe.
fev. 08, 2026 8:15:29 PM io.quarkus.vertx.http.runtime.QuarkusErrorHandler 
handle
ERROR: HTTP Request to /products failed, error id: 
1219e6c1-bfc5-4ef5-a0ec-05f438119002-9
org.jboss.resteasy.spi.UnhandledException: 
javax.persistence.PersistenceException: 
org.hibernate.exception.ConstraintViolationException: could not execute 
statement
	at org.jboss.resteasy.core.ExceptionHandler.handleApplicationException(Excepti
onHandler.java:105)
	at org.jboss.resteasy.core.ExceptionHandler.handleException(ExceptionHandler.j
ava:359)
	at org.jboss.resteasy.core.SynchronousDispatcher.writeException(SynchronousDis
patcher.java:218)
	at org.jboss.resteasy.core.SynchronousDispatcher.invoke(SynchronousDispatcher.
java:519)
	at org.jboss.resteasy.core.SynchronousDispatcher.lambda$invoke$4(SynchronousDi
spatcher.java:261)
	at org.jboss.resteasy.core.SynchronousDispatcher.lambda$preprocess$0(Synchrono
usDispatcher.java:161)
	at org.jboss.resteasy.core.interception.jaxrs.PreMatchContainerRequestContext.
filter(PreMatchContainerRequestContext.java:364)
	at org.jboss.resteasy.core.SynchronousDispatcher.preprocess(SynchronousDispatc
her.java:164)
	at org.jboss.resteasy.core.SynchronousDispatcher.invoke(SynchronousDispatcher.
java:247)
	at io.quarkus.resteasy.runtime.standalone.RequestDispatcher.service(RequestDis
patcher.java:82)
	at io.quarkus.resteasy.runtime.standalone.VertxRequestHandler.dispatch(VertxRe
questHandler.java:147)
	at io.quarkus.resteasy.runtime.standalone.VertxRequestHandler$1.run(VertxReque
stHandler.java:93)
	at io.quarkus.vertx.core.runtime.VertxCoreRecorder$14.runWith(VertxCoreRecorde
r.java:576)
	at org.jboss.threads.EnhancedQueueExecutor$Task.run(EnhancedQueueExecutor.java
:2449)
	at org.jboss.threads.EnhancedQueueExecutor$ThreadBody.run(EnhancedQueueExecuto
r.java:1478)
	at org.jboss.threads.DelegatingRunnable.run(DelegatingRunnable.java:29)
	at org.jboss.threads.ThreadLocalResettingRunnable.run(ThreadLocalResettingRunn
able.java:29)
	at io.netty.util.concurrent.FastThreadLocalRunnable.run(FastThreadLocalRunnabl
e.java:30)
	at java.base/java.lang.Thread.run(Thread.java:842)
Caused by: javax.persistence.PersistenceException: 
org.hibernate.exception.ConstraintViolationException: could not execute 
statement
	at org.hibernate.internal.ExceptionConverterImpl.convert(ExceptionConverterImp
l.java:154)
	at org.hibernate.internal.ExceptionConverterImpl.convert(ExceptionConverterImp
l.java:181)
	at org.hibernate.internal.ExceptionConverterImpl.convert(ExceptionConverterImp
l.java:188)
	at org.hibernate.internal.SessionImpl.firePersist(SessionImpl.java:762)
	at org.hibernate.internal.SessionImpl.persist(SessionImpl.java:742)
	at io.quarkus.hibernate.orm.runtime.session.TransactionScopedSession.persist(T
ransactionScopedSession.java:144)
	at org.hibernate.engine.spi.SessionLazyDelegator.persist(SessionLazyDelegator.
java:241)
	at org.hibernate.Session_5b93bee577ae2f8d76647de04cfab36afbf52958_Synthetic_Cl
ientProxy.persist(Unknown Source)
	at io.quarkus.hibernate.orm.panache.common.runtime.AbstractJpaOperations.persi
st(AbstractJpaOperations.java:101)
	at io.quarkus.hibernate.orm.panache.common.runtime.AbstractJpaOperations.persi
st(AbstractJpaOperations.java:96)
	at io.quarkus.hibernate.orm.panache.PanacheRepositoryBase.persist(PanacheRepos
itoryBase.java:54)
	at com.example.repository.ProductRepository_ClientProxy.persist(Unknown 
Source)
	at com.example.resource.ProductResource.create(ProductResource.java:26)
	at 
com.example.resource.ProductResource_Subclass.create$$superforward1(Unknown 
Source)
	at com.example.resource.ProductResource_Subclass$$function$$1.apply(Unknown 
Source)
	at io.quarkus.arc.impl.AroundInvokeInvocationContext.proceed(AroundInvokeInvoc
ationContext.java:54)
	at io.quarkus.narayana.jta.runtime.interceptor.TransactionalInterceptorBase.in
vokeInOurTx(TransactionalInterceptorBase.java:133)
	at io.quarkus.narayana.jta.runtime.interceptor.TransactionalInterceptorBase.in
vokeInOurTx(TransactionalInterceptorBase.java:104)
	at io.quarkus.narayana.jta.runtime.interceptor.TransactionalInterceptorRequire
d.doIntercept(TransactionalInterceptorRequired.java:38)
	at io.quarkus.narayana.jta.runtime.interceptor.TransactionalInterceptorBase.in
tercept(TransactionalInterceptorBase.java:58)
	at io.quarkus.narayana.jta.runtime.interceptor.TransactionalInterceptorRequire
d.intercept(TransactionalInterceptorRequired.java:32)
	at io.quarkus.narayana.jta.runtime.interceptor.TransactionalInterceptorRequire
d_Bean.intercept(Unknown Source)
	at 
io.quarkus.arc.impl.InterceptorInvocation.invoke(InterceptorInvocation.java:42)
	at io.quarkus.arc.impl.AroundInvokeInvocationContext.perform(AroundInvokeInvoc
ationContext.java:41)
	at io.quarkus.arc.impl.InvocationContexts.performAroundInvoke(InvocationContex
ts.java:33)
	at com.example.resource.ProductResource_Subclass.create(Unknown Source)
	at java.base/jdk.internal.reflect.NativeMethodAccessorImpl.invoke0(Native 
Method)
	at java.base/jdk.internal.reflect.NativeMethodAccessorImpl.invoke(NativeMethod
AccessorImpl.java:77)
	at java.base/jdk.internal.reflect.DelegatingMethodAccessorImpl.invoke(Delegati
ngMethodAccessorImpl.java:43)
	at java.base/java.lang.reflect.Method.invoke(Method.java:568)
	at 
org.jboss.resteasy.core.MethodInjectorImpl.invoke(MethodInjectorImpl.java:170)
	at 
org.jboss.resteasy.core.MethodInjectorImpl.invoke(MethodInjectorImpl.java:130)
	at org.jboss.resteasy.core.ResourceMethodInvoker.internalInvokeOnTarget(Resour
ceMethodInvoker.java:660)
	at org.jboss.resteasy.core.ResourceMethodInvoker.invokeOnTargetAfterFilter(Res
ourceMethodInvoker.java:524)
	at org.jboss.resteasy.core.ResourceMethodInvoker.lambda$invokeOnTarget$2(Resou
rceMethodInvoker.java:474)
	at org.jboss.resteasy.core.interception.jaxrs.PreMatchContainerRequestContext.
filter(PreMatchContainerRequestContext.java:364)
	at org.jboss.resteasy.core.ResourceMethodInvoker.invokeOnTarget(ResourceMethod
Invoker.java:476)
	at org.jboss.resteasy.core.ResourceMethodInvoker.invoke(ResourceMethodInvoker.
java:434)
	at org.jboss.resteasy.core.ResourceMethodInvoker.invoke(ResourceMethodInvoker.
java:408)
	at org.jboss.resteasy.core.ResourceMethodInvoker.invoke(ResourceMethodInvoker.
java:69)
	at org.jboss.resteasy.core.SynchronousDispatcher.invoke(SynchronousDispatcher.
java:492)
	... 15 more
Caused by: org.hibernate.exception.ConstraintViolationException: could not 
execute statement
	at org.hibernate.exception.internal.SQLStateConversionDelegate.convert(SQLStat
eConversionDelegate.java:109)
	at org.hibernate.exception.internal.StandardSQLExceptionConverter.convert(Stan
dardSQLExceptionConverter.java:37)
	at org.hibernate.engine.jdbc.spi.SqlExceptionHelper.convert(SqlExceptionHelper
.java:113)
	at org.hibernate.engine.jdbc.spi.SqlExceptionHelper.convert(SqlExceptionHelper
.java:99)
	at org.hibernate.engine.jdbc.internal.ResultSetReturnImpl.executeUpdate(Result
SetReturnImpl.java:200)
	at org.hibernate.dialect.identity.GetGeneratedKeysDelegate.executeAndExtract(G
etGeneratedKeysDelegate.java:58)
	at org.hibernate.id.insert.AbstractReturningDelegate.performInsert(AbstractRet
urningDelegate.java:43)
	at org.hibernate.persister.entity.AbstractEntityPersister.insert(AbstractEntit
yPersister.java:3279)
	at org.hibernate.persister.entity.AbstractEntityPersister.insert(AbstractEntit
yPersister.java:3914)
	at org.hibernate.action.internal.EntityIdentityInsertAction.execute(EntityIden
tityInsertAction.java:84)
	at org.hibernate.engine.spi.ActionQueue.execute(ActionQueue.java:645)
	at org.hibernate.engine.spi.ActionQueue.addResolvedEntityInsertAction(ActionQu
eue.java:282)
	at org.hibernate.engine.spi.ActionQueue.addInsertAction(ActionQueue.java:263)
	at org.hibernate.engine.spi.ActionQueue.addAction(ActionQueue.java:317)
	at org.hibernate.event.internal.AbstractSaveEventListener.addInsertAction(Abst
ractSaveEventListener.java:329)
	at org.hibernate.event.internal.AbstractSaveEventListener.performSaveOrReplica
te(AbstractSaveEventListener.java:286)
	at org.hibernate.event.internal.AbstractSaveEventListener.performSave(Abstract
SaveEventListener.java:192)
	at org.hibernate.event.internal.AbstractSaveEventListener.saveWithGeneratedId(
AbstractSaveEventListener.java:122)
	at org.hibernate.event.internal.DefaultPersistEventListener.entityIsTransient(
DefaultPersistEventListener.java:185)
	at org.hibernate.event.internal.DefaultPersistEventListener.onPersist(DefaultP
ersistEventListener.java:128)
	at org.hibernate.event.internal.DefaultPersistEventListener.onPersist(DefaultP
ersistEventListener.java:55)
	at org.hibernate.event.service.internal.EventListenerGroupImpl.fireEventOnEach
Listener(EventListenerGroupImpl.java:107)
	at org.hibernate.internal.SessionImpl.firePersist(SessionImpl.java:756)
	... 52 more
Caused by: org.postgresql.util.PSQLException: ERRO: duplicar valor da chave 
viola a restriþÒo de unicidade "uk_h3w5r1mx6d0e5c6um32dgyjej"
  Detalhe: Chave (code)=(CONCURRENT-3) jß existe.
	at org.postgresql.core.v3.QueryExecutorImpl.receiveErrorResponse(QueryExecutor
Impl.java:2676)
	at org.postgresql.core.v3.QueryExecutorImpl.processResults(QueryExecutorImpl.j
ava:2366)
	at 
org.postgresql.core.v3.QueryExecutorImpl.execute(QueryExecutorImpl.java:356)
	at org.postgresql.jdbc.PgStatement.executeInternal(PgStatement.java:496)
	at org.postgresql.jdbc.PgStatement.execute(PgStatement.java:413)
	at org.postgresql.jdbc.PgPreparedStatement.executeWithFlags(PgPreparedStatemen
t.java:190)
	at org.postgresql.jdbc.PgPreparedStatement.executeUpdate(PgPreparedStatement.j
ava:152)
	at io.agroal.pool.wrapper.PreparedStatementWrapper.executeUpdate(PreparedState
mentWrapper.java:88)
	at org.hibernate.engine.jdbc.internal.ResultSetReturnImpl.executeUpdate(Result
SetReturnImpl.java:197)
	... 70 more

fev. 08, 2026 8:15:29 PM org.hibernate.engine.jdbc.spi.SqlExceptionHelper 
logExceptions
WARN: SQL Error: 0, SQLState: 23505
fev. 08, 2026 8:15:29 PM org.hibernate.engine.jdbc.spi.SqlExceptionHelper 
logExceptions
ERROR: ERRO: duplicar valor da chave viola a restriþÒo de unicidade 
"uk_h3w5r1mx6d0e5c6um32dgyjej"
  Detalhe: Chave (code)=(CONCURRENT-4) jß existe.
fev. 08, 2026 8:15:29 PM io.quarkus.vertx.http.runtime.QuarkusErrorHandler 
handle
ERROR: HTTP Request to /products failed, error id: 
1219e6c1-bfc5-4ef5-a0ec-05f438119002-10
org.jboss.resteasy.spi.UnhandledException: 
javax.persistence.PersistenceException: 
org.hibernate.exception.ConstraintViolationException: could not execute 
statement
	at org.jboss.resteasy.core.ExceptionHandler.handleApplicationException(Excepti
onHandler.java:105)
	at org.jboss.resteasy.core.ExceptionHandler.handleException(ExceptionHandler.j
ava:359)
	at org.jboss.resteasy.core.SynchronousDispatcher.writeException(SynchronousDis
patcher.java:218)
	at org.jboss.resteasy.core.SynchronousDispatcher.invoke(SynchronousDispatcher.
java:519)
	at org.jboss.resteasy.core.SynchronousDispatcher.lambda$invoke$4(SynchronousDi
spatcher.java:261)
	at org.jboss.resteasy.core.SynchronousDispatcher.lambda$preprocess$0(Synchrono
usDispatcher.java:161)
	at org.jboss.resteasy.core.interception.jaxrs.PreMatchContainerRequestContext.
filter(PreMatchContainerRequestContext.java:364)
	at org.jboss.resteasy.core.SynchronousDispatcher.preprocess(SynchronousDispatc
her.java:164)
	at org.jboss.resteasy.core.SynchronousDispatcher.invoke(SynchronousDispatcher.
java:247)
	at io.quarkus.resteasy.runtime.standalone.RequestDispatcher.service(RequestDis
patcher.java:82)
	at io.quarkus.resteasy.runtime.standalone.VertxRequestHandler.dispatch(VertxRe
questHandler.java:147)
	at io.quarkus.resteasy.runtime.standalone.VertxRequestHandler$1.run(VertxReque
stHandler.java:93)
	at io.quarkus.vertx.core.runtime.VertxCoreRecorder$14.runWith(VertxCoreRecorde
r.java:576)
	at org.jboss.threads.EnhancedQueueExecutor$Task.run(EnhancedQueueExecutor.java
:2449)
	at org.jboss.threads.EnhancedQueueExecutor$ThreadBody.run(EnhancedQueueExecuto
r.java:1478)
	at org.jboss.threads.DelegatingRunnable.run(DelegatingRunnable.java:29)
	at org.jboss.threads.ThreadLocalResettingRunnable.run(ThreadLocalResettingRunn
able.java:29)
	at io.netty.util.concurrent.FastThreadLocalRunnable.run(FastThreadLocalRunnabl
e.java:30)
	at java.base/java.lang.Thread.run(Thread.java:842)
Caused by: javax.persistence.PersistenceException: 
org.hibernate.exception.ConstraintViolationException: could not execute 
statement
	at org.hibernate.internal.ExceptionConverterImpl.convert(ExceptionConverterImp
l.java:154)
	at org.hibernate.internal.ExceptionConverterImpl.convert(ExceptionConverterImp
l.java:181)
	at org.hibernate.internal.ExceptionConverterImpl.convert(ExceptionConverterImp
l.java:188)
	at org.hibernate.internal.SessionImpl.firePersist(SessionImpl.java:762)
	at org.hibernate.internal.SessionImpl.persist(SessionImpl.java:742)
	at io.quarkus.hibernate.orm.runtime.session.TransactionScopedSession.persist(T
ransactionScopedSession.java:144)
	at org.hibernate.engine.spi.SessionLazyDelegator.persist(SessionLazyDelegator.
java:241)
	at org.hibernate.Session_5b93bee577ae2f8d76647de04cfab36afbf52958_Synthetic_Cl
ientProxy.persist(Unknown Source)
	at io.quarkus.hibernate.orm.panache.common.runtime.AbstractJpaOperations.persi
st(AbstractJpaOperations.java:101)
	at io.quarkus.hibernate.orm.panache.common.runtime.AbstractJpaOperations.persi
st(AbstractJpaOperations.java:96)
	at io.quarkus.hibernate.orm.panache.PanacheRepositoryBase.persist(PanacheRepos
itoryBase.java:54)
	at com.example.repository.ProductRepository_ClientProxy.persist(Unknown 
Source)
	at com.example.resource.ProductResource.create(ProductResource.java:26)
	at 
com.example.resource.ProductResource_Subclass.create$$superforward1(Unknown 
Source)
	at com.example.resource.ProductResource_Subclass$$function$$1.apply(Unknown 
Source)
	at io.quarkus.arc.impl.AroundInvokeInvocationContext.proceed(AroundInvokeInvoc
ationContext.java:54)
	at io.quarkus.narayana.jta.runtime.interceptor.TransactionalInterceptorBase.in
vokeInOurTx(TransactionalInterceptorBase.java:133)
	at io.quarkus.narayana.jta.runtime.interceptor.TransactionalInterceptorBase.in
vokeInOurTx(TransactionalInterceptorBase.java:104)
	at io.quarkus.narayana.jta.runtime.interceptor.TransactionalInterceptorRequire
d.doIntercept(TransactionalInterceptorRequired.java:38)
	at io.quarkus.narayana.jta.runtime.interceptor.TransactionalInterceptorBase.in
tercept(TransactionalInterceptorBase.java:58)
	at io.quarkus.narayana.jta.runtime.interceptor.TransactionalInterceptorRequire
d.intercept(TransactionalInterceptorRequired.java:32)
	at io.quarkus.narayana.jta.runtime.interceptor.TransactionalInterceptorRequire
d_Bean.intercept(Unknown Source)
	at 
io.quarkus.arc.impl.InterceptorInvocation.invoke(InterceptorInvocation.java:42)
	at io.quarkus.arc.impl.AroundInvokeInvocationContext.perform(AroundInvokeInvoc
ationContext.java:41)
	at io.quarkus.arc.impl.InvocationContexts.performAroundInvoke(InvocationContex
ts.java:33)
	at com.example.resource.ProductResource_Subclass.create(Unknown Source)
	at java.base/jdk.internal.reflect.NativeMethodAccessorImpl.invoke0(Native 
Method)
	at java.base/jdk.internal.reflect.NativeMethodAccessorImpl.invoke(NativeMethod
AccessorImpl.java:77)
	at java.base/jdk.internal.reflect.DelegatingMethodAccessorImpl.invoke(Delegati
ngMethodAccessorImpl.java:43)
	at java.base/java.lang.reflect.Method.invoke(Method.java:568)
	at 
org.jboss.resteasy.core.MethodInjectorImpl.invoke(MethodInjectorImpl.java:170)
	at 
org.jboss.resteasy.core.MethodInjectorImpl.invoke(MethodInjectorImpl.java:130)
	at org.jboss.resteasy.core.ResourceMethodInvoker.internalInvokeOnTarget(Resour
ceMethodInvoker.java:660)
	at org.jboss.resteasy.core.ResourceMethodInvoker.invokeOnTargetAfterFilter(Res
ourceMethodInvoker.java:524)
	at org.jboss.resteasy.core.ResourceMethodInvoker.lambda$invokeOnTarget$2(Resou
rceMethodInvoker.java:474)
	at org.jboss.resteasy.core.interception.jaxrs.PreMatchContainerRequestContext.
filter(PreMatchContainerRequestContext.java:364)
	at org.jboss.resteasy.core.ResourceMethodInvoker.invokeOnTarget(ResourceMethod
Invoker.java:476)
	at org.jboss.resteasy.core.ResourceMethodInvoker.invoke(ResourceMethodInvoker.
java:434)
	at org.jboss.resteasy.core.ResourceMethodInvoker.invoke(ResourceMethodInvoker.
java:408)
	at org.jboss.resteasy.core.ResourceMethodInvoker.invoke(ResourceMethodInvoker.
java:69)
	at org.jboss.resteasy.core.SynchronousDispatcher.invoke(SynchronousDispatcher.
java:492)
	... 15 more
Caused by: org.hibernate.exception.ConstraintViolationException: could not 
execute statement
	at org.hibernate.exception.internal.SQLStateConversionDelegate.convert(SQLStat
eConversionDelegate.java:109)
	at org.hibernate.exception.internal.StandardSQLExceptionConverter.convert(Stan
dardSQLExceptionConverter.java:37)
	at org.hibernate.engine.jdbc.spi.SqlExceptionHelper.convert(SqlExceptionHelper
.java:113)
	at org.hibernate.engine.jdbc.spi.SqlExceptionHelper.convert(SqlExceptionHelper
.java:99)
	at org.hibernate.engine.jdbc.internal.ResultSetReturnImpl.executeUpdate(Result
SetReturnImpl.java:200)
	at org.hibernate.dialect.identity.GetGeneratedKeysDelegate.executeAndExtract(G
etGeneratedKeysDelegate.java:58)
	at org.hibernate.id.insert.AbstractReturningDelegate.performInsert(AbstractRet
urningDelegate.java:43)
	at org.hibernate.persister.entity.AbstractEntityPersister.insert(AbstractEntit
yPersister.java:3279)
	at org.hibernate.persister.entity.AbstractEntityPersister.insert(AbstractEntit
yPersister.java:3914)
	at org.hibernate.action.internal.EntityIdentityInsertAction.execute(EntityIden
tityInsertAction.java:84)
	at org.hibernate.engine.spi.ActionQueue.execute(ActionQueue.java:645)
	at org.hibernate.engine.spi.ActionQueue.addResolvedEntityInsertAction(ActionQu
eue.java:282)
	at org.hibernate.engine.spi.ActionQueue.addInsertAction(ActionQueue.java:263)
	at org.hibernate.engine.spi.ActionQueue.addAction(ActionQueue.java:317)
	at org.hibernate.event.internal.AbstractSaveEventListener.addInsertAction(Abst
ractSaveEventListener.java:329)
	at org.hibernate.event.internal.AbstractSaveEventListener.performSaveOrReplica
te(AbstractSaveEventListener.java:286)
	at org.hibernate.event.internal.AbstractSaveEventListener.performSave(Abstract
SaveEventListener.java:192)
	at org.hibernate.event.internal.AbstractSaveEventListener.saveWithGeneratedId(
AbstractSaveEventListener.java:122)
	at org.hibernate.event.internal.DefaultPersistEventListener.entityIsTransient(
DefaultPersistEventListener.java:185)
	at org.hibernate.event.internal.DefaultPersistEventListener.onPersist(DefaultP
ersistEventListener.java:128)
	at org.hibernate.event.internal.DefaultPersistEventListener.onPersist(DefaultP
ersistEventListener.java:55)
	at org.hibernate.event.service.internal.EventListenerGroupImpl.fireEventOnEach
Listener(EventListenerGroupImpl.java:107)
	at org.hibernate.internal.SessionImpl.firePersist(SessionImpl.java:756)
	... 52 more
Caused by: org.postgresql.util.PSQLException: ERRO: duplicar valor da chave 
viola a restriþÒo de unicidade "uk_h3w5r1mx6d0e5c6um32dgyjej"
  Detalhe: Chave (code)=(CONCURRENT-4) jß existe.
	at org.postgresql.core.v3.QueryExecutorImpl.receiveErrorResponse(QueryExecutor
Impl.java:2676)
	at org.postgresql.core.v3.QueryExecutorImpl.processResults(QueryExecutorImpl.j
ava:2366)
	at 
org.postgresql.core.v3.QueryExecutorImpl.execute(QueryExecutorImpl.java:356)
	at org.postgresql.jdbc.PgStatement.executeInternal(PgStatement.java:496)
	at org.postgresql.jdbc.PgStatement.execute(PgStatement.java:413)
	at org.postgresql.jdbc.PgPreparedStatement.executeWithFlags(PgPreparedStatemen
t.java:190)
	at org.postgresql.jdbc.PgPreparedStatement.executeUpdate(PgPreparedStatement.j
ava:152)
	at io.agroal.pool.wrapper.PreparedStatementWrapper.executeUpdate(PreparedState
mentWrapper.java:88)
	at org.hibernate.engine.jdbc.internal.ResultSetReturnImpl.executeUpdate(Result
SetReturnImpl.java:197)
	... 70 more

fev. 08, 2026 8:15:29 PM org.hibernate.engine.jdbc.spi.SqlExceptionHelper 
logExceptions
WARN: SQL Error: 0, SQLState: 23505
fev. 08, 2026 8:15:29 PM org.hibernate.engine.jdbc.spi.SqlExceptionHelper 
logExceptions
ERROR: ERRO: duplicar valor da chave viola a restriþÒo de unicidade 
"uk_h3w5r1mx6d0e5c6um32dgyjej"
  Detalhe: Chave (code)=(DUPLICATE-001) jß existe.
fev. 08, 2026 8:15:29 PM io.quarkus.vertx.http.runtime.QuarkusErrorHandler 
handle
ERROR: HTTP Request to /products failed, error id: 
1219e6c1-bfc5-4ef5-a0ec-05f438119002-11
org.jboss.resteasy.spi.UnhandledException: 
javax.persistence.PersistenceException: 
org.hibernate.exception.ConstraintViolationException: could not execute 
statement
	at org.jboss.resteasy.core.ExceptionHandler.handleApplicationException(Excepti
onHandler.java:105)
	at org.jboss.resteasy.core.ExceptionHandler.handleException(ExceptionHandler.j
ava:359)
	at org.jboss.resteasy.core.SynchronousDispatcher.writeException(SynchronousDis
patcher.java:218)
	at org.jboss.resteasy.core.SynchronousDispatcher.invoke(SynchronousDispatcher.
java:519)
	at org.jboss.resteasy.core.SynchronousDispatcher.lambda$invoke$4(SynchronousDi
spatcher.java:261)
	at org.jboss.resteasy.core.SynchronousDispatcher.lambda$preprocess$0(Synchrono
usDispatcher.java:161)
	at org.jboss.resteasy.core.interception.jaxrs.PreMatchContainerRequestContext.
filter(PreMatchContainerRequestContext.java:364)
	at org.jboss.resteasy.core.SynchronousDispatcher.preprocess(SynchronousDispatc
her.java:164)
	at org.jboss.resteasy.core.SynchronousDispatcher.invoke(SynchronousDispatcher.
java:247)
	at io.quarkus.resteasy.runtime.standalone.RequestDispatcher.service(RequestDis
patcher.java:82)
	at io.quarkus.resteasy.runtime.standalone.VertxRequestHandler.dispatch(VertxRe
questHandler.java:147)
	at io.quarkus.resteasy.runtime.standalone.VertxRequestHandler$1.run(VertxReque
stHandler.java:93)
	at io.quarkus.vertx.core.runtime.VertxCoreRecorder$14.runWith(VertxCoreRecorde
r.java:576)
	at org.jboss.threads.EnhancedQueueExecutor$Task.run(EnhancedQueueExecutor.java
:2449)
	at org.jboss.threads.EnhancedQueueExecutor$ThreadBody.run(EnhancedQueueExecuto
r.java:1478)
	at org.jboss.threads.DelegatingRunnable.run(DelegatingRunnable.java:29)
	at org.jboss.threads.ThreadLocalResettingRunnable.run(ThreadLocalResettingRunn
able.java:29)
	at io.netty.util.concurrent.FastThreadLocalRunnable.run(FastThreadLocalRunnabl
e.java:30)
	at java.base/java.lang.Thread.run(Thread.java:842)
Caused by: javax.persistence.PersistenceException: 
org.hibernate.exception.ConstraintViolationException: could not execute 
statement
	at org.hibernate.internal.ExceptionConverterImpl.convert(ExceptionConverterImp
l.java:154)
	at org.hibernate.internal.ExceptionConverterImpl.convert(ExceptionConverterImp
l.java:181)
	at org.hibernate.internal.ExceptionConverterImpl.convert(ExceptionConverterImp
l.java:188)
	at org.hibernate.internal.SessionImpl.firePersist(SessionImpl.java:762)
	at org.hibernate.internal.SessionImpl.persist(SessionImpl.java:742)
	at io.quarkus.hibernate.orm.runtime.session.TransactionScopedSession.persist(T
ransactionScopedSession.java:144)
	at org.hibernate.engine.spi.SessionLazyDelegator.persist(SessionLazyDelegator.
java:241)
	at org.hibernate.Session_5b93bee577ae2f8d76647de04cfab36afbf52958_Synthetic_Cl
ientProxy.persist(Unknown Source)
	at io.quarkus.hibernate.orm.panache.common.runtime.AbstractJpaOperations.persi
st(AbstractJpaOperations.java:101)
	at io.quarkus.hibernate.orm.panache.common.runtime.AbstractJpaOperations.persi
st(AbstractJpaOperations.java:96)
	at io.quarkus.hibernate.orm.panache.PanacheRepositoryBase.persist(PanacheRepos
itoryBase.java:54)
	at com.example.repository.ProductRepository_ClientProxy.persist(Unknown 
Source)
	at com.example.resource.ProductResource.create(ProductResource.java:26)
	at 
com.example.resource.ProductResource_Subclass.create$$superforward1(Unknown 
Source)
	at com.example.resource.ProductResource_Subclass$$function$$1.apply(Unknown 
Source)
	at io.quarkus.arc.impl.AroundInvokeInvocationContext.proceed(AroundInvokeInvoc
ationContext.java:54)
	at io.quarkus.narayana.jta.runtime.interceptor.TransactionalInterceptorBase.in
vokeInOurTx(TransactionalInterceptorBase.java:133)
	at io.quarkus.narayana.jta.runtime.interceptor.TransactionalInterceptorBase.in
vokeInOurTx(TransactionalInterceptorBase.java:104)
	at io.quarkus.narayana.jta.runtime.interceptor.TransactionalInterceptorRequire
d.doIntercept(TransactionalInterceptorRequired.java:38)
	at io.quarkus.narayana.jta.runtime.interceptor.TransactionalInterceptorBase.in
tercept(TransactionalInterceptorBase.java:58)
	at io.quarkus.narayana.jta.runtime.interceptor.TransactionalInterceptorRequire
d.intercept(TransactionalInterceptorRequired.java:32)
	at io.quarkus.narayana.jta.runtime.interceptor.TransactionalInterceptorRequire
d_Bean.intercept(Unknown Source)
	at 
io.quarkus.arc.impl.InterceptorInvocation.invoke(InterceptorInvocation.java:42)
	at io.quarkus.arc.impl.AroundInvokeInvocationContext.perform(AroundInvokeInvoc
ationContext.java:41)
	at io.quarkus.arc.impl.InvocationContexts.performAroundInvoke(InvocationContex
ts.java:33)
	at com.example.resource.ProductResource_Subclass.create(Unknown Source)
	at java.base/jdk.internal.reflect.NativeMethodAccessorImpl.invoke0(Native 
Method)
	at java.base/jdk.internal.reflect.NativeMethodAccessorImpl.invoke(NativeMethod
AccessorImpl.java:77)
	at java.base/jdk.internal.reflect.DelegatingMethodAccessorImpl.invoke(Delegati
ngMethodAccessorImpl.java:43)
	at java.base/java.lang.reflect.Method.invoke(Method.java:568)
	at 
org.jboss.resteasy.core.MethodInjectorImpl.invoke(MethodInjectorImpl.java:170)
	at 
org.jboss.resteasy.core.MethodInjectorImpl.invoke(MethodInjectorImpl.java:130)
	at org.jboss.resteasy.core.ResourceMethodInvoker.internalInvokeOnTarget(Resour
ceMethodInvoker.java:660)
	at org.jboss.resteasy.core.ResourceMethodInvoker.invokeOnTargetAfterFilter(Res
ourceMethodInvoker.java:524)
	at org.jboss.resteasy.core.ResourceMethodInvoker.lambda$invokeOnTarget$2(Resou
rceMethodInvoker.java:474)
	at org.jboss.resteasy.core.interception.jaxrs.PreMatchContainerRequestContext.
filter(PreMatchContainerRequestContext.java:364)
	at org.jboss.resteasy.core.ResourceMethodInvoker.invokeOnTarget(ResourceMethod
Invoker.java:476)
	at org.jboss.resteasy.core.ResourceMethodInvoker.invoke(ResourceMethodInvoker.
java:434)
	at org.jboss.resteasy.core.ResourceMethodInvoker.invoke(ResourceMethodInvoker.
java:408)
	at org.jboss.resteasy.core.ResourceMethodInvoker.invoke(ResourceMethodInvoker.
java:69)
	at org.jboss.resteasy.core.SynchronousDispatcher.invoke(SynchronousDispatcher.
java:492)
	... 15 more
Caused by: org.hibernate.exception.ConstraintViolationException: could not 
execute statement
	at org.hibernate.exception.internal.SQLStateConversionDelegate.convert(SQLStat
eConversionDelegate.java:109)
	at org.hibernate.exception.internal.StandardSQLExceptionConverter.convert(Stan
dardSQLExceptionConverter.java:37)
	at org.hibernate.engine.jdbc.spi.SqlExceptionHelper.convert(SqlExceptionHelper
.java:113)
	at org.hibernate.engine.jdbc.spi.SqlExceptionHelper.convert(SqlExceptionHelper
.java:99)
	at org.hibernate.engine.jdbc.internal.ResultSetReturnImpl.executeUpdate(Result
SetReturnImpl.java:200)
	at org.hibernate.dialect.identity.GetGeneratedKeysDelegate.executeAndExtract(G
etGeneratedKeysDelegate.java:58)
	at org.hibernate.id.insert.AbstractReturningDelegate.performInsert(AbstractRet
urningDelegate.java:43)
	at org.hibernate.persister.entity.AbstractEntityPersister.insert(AbstractEntit
yPersister.java:3279)
	at org.hibernate.persister.entity.AbstractEntityPersister.insert(AbstractEntit
yPersister.java:3914)
	at org.hibernate.action.internal.EntityIdentityInsertAction.execute(EntityIden
tityInsertAction.java:84)
	at org.hibernate.engine.spi.ActionQueue.execute(ActionQueue.java:645)
	at org.hibernate.engine.spi.ActionQueue.addResolvedEntityInsertAction(ActionQu
eue.java:282)
	at org.hibernate.engine.spi.ActionQueue.addInsertAction(ActionQueue.java:263)
	at org.hibernate.engine.spi.ActionQueue.addAction(ActionQueue.java:317)
	at org.hibernate.event.internal.AbstractSaveEventListener.addInsertAction(Abst
ractSaveEventListener.java:329)
	at org.hibernate.event.internal.AbstractSaveEventListener.performSaveOrReplica
te(AbstractSaveEventListener.java:286)
	at org.hibernate.event.internal.AbstractSaveEventListener.performSave(Abstract
SaveEventListener.java:192)
	at org.hibernate.event.internal.AbstractSaveEventListener.saveWithGeneratedId(
AbstractSaveEventListener.java:122)
	at org.hibernate.event.internal.DefaultPersistEventListener.entityIsTransient(
DefaultPersistEventListener.java:185)
	at org.hibernate.event.internal.DefaultPersistEventListener.onPersist(DefaultP
ersistEventListener.java:128)
	at org.hibernate.event.internal.DefaultPersistEventListener.onPersist(DefaultP
ersistEventListener.java:55)
	at org.hibernate.event.service.internal.EventListenerGroupImpl.fireEventOnEach
Listener(EventListenerGroupImpl.java:107)
	at org.hibernate.internal.SessionImpl.firePersist(SessionImpl.java:756)
	... 52 more
Caused by: org.postgresql.util.PSQLException: ERRO: duplicar valor da chave 
viola a restriþÒo de unicidade "uk_h3w5r1mx6d0e5c6um32dgyjej"
  Detalhe: Chave (code)=(DUPLICATE-001) jß existe.
	at org.postgresql.core.v3.QueryExecutorImpl.receiveErrorResponse(QueryExecutor
Impl.java:2676)
	at org.postgresql.core.v3.QueryExecutorImpl.processResults(QueryExecutorImpl.j
ava:2366)
	at 
org.postgresql.core.v3.QueryExecutorImpl.execute(QueryExecutorImpl.java:356)
	at org.postgresql.jdbc.PgStatement.executeInternal(PgStatement.java:496)
	at org.postgresql.jdbc.PgStatement.execute(PgStatement.java:413)
	at org.postgresql.jdbc.PgPreparedStatement.executeWithFlags(PgPreparedStatemen
t.java:190)
	at org.postgresql.jdbc.PgPreparedStatement.executeUpdate(PgPreparedStatement.j
ava:152)
	at io.agroal.pool.wrapper.PreparedStatementWrapper.executeUpdate(PreparedState
mentWrapper.java:88)
	at org.hibernate.engine.jdbc.internal.ResultSetReturnImpl.executeUpdate(Result
SetReturnImpl.java:197)
	... 70 more

fev. 08, 2026 8:15:29 PM org.hibernate.engine.jdbc.spi.SqlExceptionHelper 
logExceptions
WARN: SQL Error: 0, SQLState: 23505
fev. 08, 2026 8:15:29 PM org.hibernate.engine.jdbc.spi.SqlExceptionHelper 
logExceptions
ERROR: ERRO: duplicar valor da chave viola a restriþÒo de unicidade 
"uk_h3w5r1mx6d0e5c6um32dgyjej"
  Detalhe: Chave (code)=(DUPLICATE-001) jß existe.
fev. 08, 2026 8:15:29 PM io.quarkus.vertx.http.runtime.QuarkusErrorHandler 
handle
ERROR: HTTP Request to /products failed, error id: 
1219e6c1-bfc5-4ef5-a0ec-05f438119002-12
org.jboss.resteasy.spi.UnhandledException: 
javax.persistence.PersistenceException: 
org.hibernate.exception.ConstraintViolationException: could not execute 
statement
	at org.jboss.resteasy.core.ExceptionHandler.handleApplicationException(Excepti
onHandler.java:105)
	at org.jboss.resteasy.core.ExceptionHandler.handleException(ExceptionHandler.j
ava:359)
	at org.jboss.resteasy.core.SynchronousDispatcher.writeException(SynchronousDis
patcher.java:218)
	at org.jboss.resteasy.core.SynchronousDispatcher.invoke(SynchronousDispatcher.
java:519)
	at org.jboss.resteasy.core.SynchronousDispatcher.lambda$invoke$4(SynchronousDi
spatcher.java:261)
	at org.jboss.resteasy.core.SynchronousDispatcher.lambda$preprocess$0(Synchrono
usDispatcher.java:161)
	at org.jboss.resteasy.core.interception.jaxrs.PreMatchContainerRequestContext.
filter(PreMatchContainerRequestContext.java:364)
	at org.jboss.resteasy.core.SynchronousDispatcher.preprocess(SynchronousDispatc
her.java:164)
	at org.jboss.resteasy.core.SynchronousDispatcher.invoke(SynchronousDispatcher.
java:247)
	at io.quarkus.resteasy.runtime.standalone.RequestDispatcher.service(RequestDis
patcher.java:82)
	at io.quarkus.resteasy.runtime.standalone.VertxRequestHandler.dispatch(VertxRe
questHandler.java:147)
	at io.quarkus.resteasy.runtime.standalone.VertxRequestHandler$1.run(VertxReque
stHandler.java:93)
	at io.quarkus.vertx.core.runtime.VertxCoreRecorder$14.runWith(VertxCoreRecorde
r.java:576)
	at org.jboss.threads.EnhancedQueueExecutor$Task.run(EnhancedQueueExecutor.java
:2449)
	at org.jboss.threads.EnhancedQueueExecutor$ThreadBody.run(EnhancedQueueExecuto
r.java:1478)
	at org.jboss.threads.DelegatingRunnable.run(DelegatingRunnable.java:29)
	at org.jboss.threads.ThreadLocalResettingRunnable.run(ThreadLocalResettingRunn
able.java:29)
	at io.netty.util.concurrent.FastThreadLocalRunnable.run(FastThreadLocalRunnabl
e.java:30)
	at java.base/java.lang.Thread.run(Thread.java:842)
Caused by: javax.persistence.PersistenceException: 
org.hibernate.exception.ConstraintViolationException: could not execute 
statement
	at org.hibernate.internal.ExceptionConverterImpl.convert(ExceptionConverterImp
l.java:154)
	at org.hibernate.internal.ExceptionConverterImpl.convert(ExceptionConverterImp
l.java:181)
	at org.hibernate.internal.ExceptionConverterImpl.convert(ExceptionConverterImp
l.java:188)
	at org.hibernate.internal.SessionImpl.firePersist(SessionImpl.java:762)
	at org.hibernate.internal.SessionImpl.persist(SessionImpl.java:742)
	at io.quarkus.hibernate.orm.runtime.session.TransactionScopedSession.persist(T
ransactionScopedSession.java:144)
	at org.hibernate.engine.spi.SessionLazyDelegator.persist(SessionLazyDelegator.
java:241)
	at org.hibernate.Session_5b93bee577ae2f8d76647de04cfab36afbf52958_Synthetic_Cl
ientProxy.persist(Unknown Source)
	at io.quarkus.hibernate.orm.panache.common.runtime.AbstractJpaOperations.persi
st(AbstractJpaOperations.java:101)
	at io.quarkus.hibernate.orm.panache.common.runtime.AbstractJpaOperations.persi
st(AbstractJpaOperations.java:96)
	at io.quarkus.hibernate.orm.panache.PanacheRepositoryBase.persist(PanacheRepos
itoryBase.java:54)
	at com.example.repository.ProductRepository_ClientProxy.persist(Unknown 
Source)
	at com.example.resource.ProductResource.create(ProductResource.java:26)
	at 
com.example.resource.ProductResource_Subclass.create$$superforward1(Unknown 
Source)
	at com.example.resource.ProductResource_Subclass$$function$$1.apply(Unknown 
Source)
	at io.quarkus.arc.impl.AroundInvokeInvocationContext.proceed(AroundInvokeInvoc
ationContext.java:54)
	at io.quarkus.narayana.jta.runtime.interceptor.TransactionalInterceptorBase.in
vokeInOurTx(TransactionalInterceptorBase.java:133)
	at io.quarkus.narayana.jta.runtime.interceptor.TransactionalInterceptorBase.in
vokeInOurTx(TransactionalInterceptorBase.java:104)
	at io.quarkus.narayana.jta.runtime.interceptor.TransactionalInterceptorRequire
d.doIntercept(TransactionalInterceptorRequired.java:38)
	at io.quarkus.narayana.jta.runtime.interceptor.TransactionalInterceptorBase.in
tercept(TransactionalInterceptorBase.java:58)
	at io.quarkus.narayana.jta.runtime.interceptor.TransactionalInterceptorRequire
d.intercept(TransactionalInterceptorRequired.java:32)
	at io.quarkus.narayana.jta.runtime.interceptor.TransactionalInterceptorRequire
d_Bean.intercept(Unknown Source)
	at 
io.quarkus.arc.impl.InterceptorInvocation.invoke(InterceptorInvocation.java:42)
	at io.quarkus.arc.impl.AroundInvokeInvocationContext.perform(AroundInvokeInvoc
ationContext.java:41)
	at io.quarkus.arc.impl.InvocationContexts.performAroundInvoke(InvocationContex
ts.java:33)
	at com.example.resource.ProductResource_Subclass.create(Unknown Source)
	at java.base/jdk.internal.reflect.NativeMethodAccessorImpl.invoke0(Native 
Method)
	at java.base/jdk.internal.reflect.NativeMethodAccessorImpl.invoke(NativeMethod
AccessorImpl.java:77)
	at java.base/jdk.internal.reflect.DelegatingMethodAccessorImpl.invoke(Delegati
ngMethodAccessorImpl.java:43)
	at java.base/java.lang.reflect.Method.invoke(Method.java:568)
	at 
org.jboss.resteasy.core.MethodInjectorImpl.invoke(MethodInjectorImpl.java:170)
	at 
org.jboss.resteasy.core.MethodInjectorImpl.invoke(MethodInjectorImpl.java:130)
	at org.jboss.resteasy.core.ResourceMethodInvoker.internalInvokeOnTarget(Resour
ceMethodInvoker.java:660)
	at org.jboss.resteasy.core.ResourceMethodInvoker.invokeOnTargetAfterFilter(Res
ourceMethodInvoker.java:524)
	at org.jboss.resteasy.core.ResourceMethodInvoker.lambda$invokeOnTarget$2(Resou
rceMethodInvoker.java:474)
	at org.jboss.resteasy.core.interception.jaxrs.PreMatchContainerRequestContext.
filter(PreMatchContainerRequestContext.java:364)
	at org.jboss.resteasy.core.ResourceMethodInvoker.invokeOnTarget(ResourceMethod
Invoker.java:476)
	at org.jboss.resteasy.core.ResourceMethodInvoker.invoke(ResourceMethodInvoker.
java:434)
	at org.jboss.resteasy.core.ResourceMethodInvoker.invoke(ResourceMethodInvoker.
java:408)
	at org.jboss.resteasy.core.ResourceMethodInvoker.invoke(ResourceMethodInvoker.
java:69)
	at org.jboss.resteasy.core.SynchronousDispatcher.invoke(SynchronousDispatcher.
java:492)
	... 15 more
Caused by: org.hibernate.exception.ConstraintViolationException: could not 
execute statement
	at org.hibernate.exception.internal.SQLStateConversionDelegate.convert(SQLStat
eConversionDelegate.java:109)
	at org.hibernate.exception.internal.StandardSQLExceptionConverter.convert(Stan
dardSQLExceptionConverter.java:37)
	at org.hibernate.engine.jdbc.spi.SqlExceptionHelper.convert(SqlExceptionHelper
.java:113)
	at org.hibernate.engine.jdbc.spi.SqlExceptionHelper.convert(SqlExceptionHelper
.java:99)
	at org.hibernate.engine.jdbc.internal.ResultSetReturnImpl.executeUpdate(Result
SetReturnImpl.java:200)
	at org.hibernate.dialect.identity.GetGeneratedKeysDelegate.executeAndExtract(G
etGeneratedKeysDelegate.java:58)
	at org.hibernate.id.insert.AbstractReturningDelegate.performInsert(AbstractRet
urningDelegate.java:43)
	at org.hibernate.persister.entity.AbstractEntityPersister.insert(AbstractEntit
yPersister.java:3279)
	at org.hibernate.persister.entity.AbstractEntityPersister.insert(AbstractEntit
yPersister.java:3914)
	at org.hibernate.action.internal.EntityIdentityInsertAction.execute(EntityIden
tityInsertAction.java:84)
	at org.hibernate.engine.spi.ActionQueue.execute(ActionQueue.java:645)
	at org.hibernate.engine.spi.ActionQueue.addResolvedEntityInsertAction(ActionQu
eue.java:282)
	at org.hibernate.engine.spi.ActionQueue.addInsertAction(ActionQueue.java:263)
	at org.hibernate.engine.spi.ActionQueue.addAction(ActionQueue.java:317)
	at org.hibernate.event.internal.AbstractSaveEventListener.addInsertAction(Abst
ractSaveEventListener.java:329)
	at org.hibernate.event.internal.AbstractSaveEventListener.performSaveOrReplica
te(AbstractSaveEventListener.java:286)
	at org.hibernate.event.internal.AbstractSaveEventListener.performSave(Abstract
SaveEventListener.java:192)
	at org.hibernate.event.internal.AbstractSaveEventListener.saveWithGeneratedId(
AbstractSaveEventListener.java:122)
	at org.hibernate.event.internal.DefaultPersistEventListener.entityIsTransient(
DefaultPersistEventListener.java:185)
	at org.hibernate.event.internal.DefaultPersistEventListener.onPersist(DefaultP
ersistEventListener.java:128)
	at org.hibernate.event.internal.DefaultPersistEventListener.onPersist(DefaultP
ersistEventListener.java:55)
	at org.hibernate.event.service.internal.EventListenerGroupImpl.fireEventOnEach
Listener(EventListenerGroupImpl.java:107)
	at org.hibernate.internal.SessionImpl.firePersist(SessionImpl.java:756)
	... 52 more
Caused by: org.postgresql.util.PSQLException: ERRO: duplicar valor da chave 
viola a restriþÒo de unicidade "uk_h3w5r1mx6d0e5c6um32dgyjej"
  Detalhe: Chave (code)=(DUPLICATE-001) jß existe.
	at org.postgresql.core.v3.QueryExecutorImpl.receiveErrorResponse(QueryExecutor
Impl.java:2676)
	at org.postgresql.core.v3.QueryExecutorImpl.processResults(QueryExecutorImpl.j
ava:2366)
	at 
org.postgresql.core.v3.QueryExecutorImpl.execute(QueryExecutorImpl.java:356)
	at org.postgresql.jdbc.PgStatement.executeInternal(PgStatement.java:496)
	at org.postgresql.jdbc.PgStatement.execute(PgStatement.java:413)
	at org.postgresql.jdbc.PgPreparedStatement.executeWithFlags(PgPreparedStatemen
t.java:190)
	at org.postgresql.jdbc.PgPreparedStatement.executeUpdate(PgPreparedStatement.j
ava:152)
	at io.agroal.pool.wrapper.PreparedStatementWrapper.executeUpdate(PreparedState
mentWrapper.java:88)
	at org.hibernate.engine.jdbc.internal.ResultSetReturnImpl.executeUpdate(Result
SetReturnImpl.java:197)
	... 70 more

fev. 08, 2026 8:15:29 PM io.quarkus.vertx.http.runtime.QuarkusErrorHandler 
handle
ERROR: HTTP Request to /products failed, error id: 
1219e6c1-bfc5-4ef5-a0ec-05f438119002-13
org.jboss.resteasy.spi.UnhandledException: java.lang.NullPointerException: 
Cannot invoke "Object.getClass()" because "entity" is null
	at org.jboss.resteasy.core.ExceptionHandler.handleApplicationException(Excepti
onHandler.java:105)
	at org.jboss.resteasy.core.ExceptionHandler.handleException(ExceptionHandler.j
ava:359)
	at org.jboss.resteasy.core.SynchronousDispatcher.writeException(SynchronousDis
patcher.java:218)
	at org.jboss.resteasy.core.SynchronousDispatcher.invoke(SynchronousDispatcher.
java:519)
	at org.jboss.resteasy.core.SynchronousDispatcher.lambda$invoke$4(SynchronousDi
spatcher.java:261)
	at org.jboss.resteasy.core.SynchronousDispatcher.lambda$preprocess$0(Synchrono
usDispatcher.java:161)
	at org.jboss.resteasy.core.interception.jaxrs.PreMatchContainerRequestContext.
filter(PreMatchContainerRequestContext.java:364)
	at org.jboss.resteasy.core.SynchronousDispatcher.preprocess(SynchronousDispatc
her.java:164)
	at org.jboss.resteasy.core.SynchronousDispatcher.invoke(SynchronousDispatcher.
java:247)
	at io.quarkus.resteasy.runtime.standalone.RequestDispatcher.service(RequestDis
patcher.java:82)
	at io.quarkus.resteasy.runtime.standalone.VertxRequestHandler.dispatch(VertxRe
questHandler.java:147)
	at io.quarkus.resteasy.runtime.standalone.VertxRequestHandler$1.run(VertxReque
stHandler.java:93)
	at io.quarkus.vertx.core.runtime.VertxCoreRecorder$14.runWith(VertxCoreRecorde
r.java:576)
	at org.jboss.threads.EnhancedQueueExecutor$Task.run(EnhancedQueueExecutor.java
:2449)
	at org.jboss.threads.EnhancedQueueExecutor$ThreadBody.run(EnhancedQueueExecuto
r.java:1478)
	at org.jboss.threads.DelegatingRunnable.run(DelegatingRunnable.java:29)
	at org.jboss.threads.ThreadLocalResettingRunnable.run(ThreadLocalResettingRunn
able.java:29)
	at io.netty.util.concurrent.FastThreadLocalRunnable.run(FastThreadLocalRunnabl
e.java:30)
	at java.base/java.lang.Thread.run(Thread.java:842)
Caused by: java.lang.NullPointerException: Cannot invoke "Object.getClass()" 
because "entity" is null
	at io.quarkus.hibernate.orm.panache.common.runtime.AbstractJpaOperations.persi
st(AbstractJpaOperations.java:95)
	at io.quarkus.hibernate.orm.panache.PanacheRepositoryBase.persist(PanacheRepos
itoryBase.java:54)
	at com.example.repository.ProductRepository_ClientProxy.persist(Unknown 
Source)
	at com.example.resource.ProductResource.create(ProductResource.java:26)
	at 
com.example.resource.ProductResource_Subclass.create$$superforward1(Unknown 
Source)
	at com.example.resource.ProductResource_Subclass$$function$$1.apply(Unknown 
Source)
	at io.quarkus.arc.impl.AroundInvokeInvocationContext.proceed(AroundInvokeInvoc
ationContext.java:54)
	at io.quarkus.narayana.jta.runtime.interceptor.TransactionalInterceptorBase.in
vokeInOurTx(TransactionalInterceptorBase.java:133)
	at io.quarkus.narayana.jta.runtime.interceptor.TransactionalInterceptorBase.in
vokeInOurTx(TransactionalInterceptorBase.java:104)
	at io.quarkus.narayana.jta.runtime.interceptor.TransactionalInterceptorRequire
d.doIntercept(TransactionalInterceptorRequired.java:38)
	at io.quarkus.narayana.jta.runtime.interceptor.TransactionalInterceptorBase.in
tercept(TransactionalInterceptorBase.java:58)
	at io.quarkus.narayana.jta.runtime.interceptor.TransactionalInterceptorRequire
d.intercept(TransactionalInterceptorRequired.java:32)
	at io.quarkus.narayana.jta.runtime.interceptor.TransactionalInterceptorRequire
d_Bean.intercept(Unknown Source)
	at 
io.quarkus.arc.impl.InterceptorInvocation.invoke(InterceptorInvocation.java:42)
	at io.quarkus.arc.impl.AroundInvokeInvocationContext.perform(AroundInvokeInvoc
ationContext.java:41)
	at io.quarkus.arc.impl.InvocationContexts.performAroundInvoke(InvocationContex
ts.java:33)
	at com.example.resource.ProductResource_Subclass.create(Unknown Source)
	at java.base/jdk.internal.reflect.NativeMethodAccessorImpl.invoke0(Native 
Method)
	at java.base/jdk.internal.reflect.NativeMethodAccessorImpl.invoke(NativeMethod
AccessorImpl.java:77)
	at java.base/jdk.internal.reflect.DelegatingMethodAccessorImpl.invoke(Delegati
ngMethodAccessorImpl.java:43)
	at java.base/java.lang.reflect.Method.invoke(Method.java:568)
	at 
org.jboss.resteasy.core.MethodInjectorImpl.invoke(MethodInjectorImpl.java:170)
	at 
org.jboss.resteasy.core.MethodInjectorImpl.invoke(MethodInjectorImpl.java:130)
	at org.jboss.resteasy.core.ResourceMethodInvoker.internalInvokeOnTarget(Resour
ceMethodInvoker.java:660)
	at org.jboss.resteasy.core.ResourceMethodInvoker.invokeOnTargetAfterFilter(Res
ourceMethodInvoker.java:524)
	at org.jboss.resteasy.core.ResourceMethodInvoker.lambda$invokeOnTarget$2(Resou
rceMethodInvoker.java:474)
	at org.jboss.resteasy.core.interception.jaxrs.PreMatchContainerRequestContext.
filter(PreMatchContainerRequestContext.java:364)
	at org.jboss.resteasy.core.ResourceMethodInvoker.invokeOnTarget(ResourceMethod
Invoker.java:476)
	at org.jboss.resteasy.core.ResourceMethodInvoker.invoke(ResourceMethodInvoker.
java:434)
	at org.jboss.resteasy.core.ResourceMethodInvoker.invoke(ResourceMethodInvoker.
java:408)
	at org.jboss.resteasy.core.ResourceMethodInvoker.invoke(ResourceMethodInvoker.
java:69)
	at org.jboss.resteasy.core.SynchronousDispatcher.invoke(SynchronousDispatcher.
java:492)
	... 15 more

fev. 08, 2026 8:15:29 PM io.quarkus.vertx.http.runtime.QuarkusErrorHandler 
handle
ERROR: HTTP Request to /products failed, error id: 
1219e6c1-bfc5-4ef5-a0ec-05f438119002-14
org.jboss.resteasy.spi.UnhandledException: 
javax.persistence.PersistenceException: org.hibernate.PropertyValueException: 
not-null property references a null or transient value : 
com.example.model.Product.price
	at org.jboss.resteasy.core.ExceptionHandler.handleApplicationException(Excepti
onHandler.java:105)
	at org.jboss.resteasy.core.ExceptionHandler.handleException(ExceptionHandler.j
ava:359)
	at org.jboss.resteasy.core.SynchronousDispatcher.writeException(SynchronousDis
patcher.java:218)
	at org.jboss.resteasy.core.SynchronousDispatcher.invoke(SynchronousDispatcher.
java:519)
	at org.jboss.resteasy.core.SynchronousDispatcher.lambda$invoke$4(SynchronousDi
spatcher.java:261)
	at org.jboss.resteasy.core.SynchronousDispatcher.lambda$preprocess$0(Synchrono
usDispatcher.java:161)
	at org.jboss.resteasy.core.interception.jaxrs.PreMatchContainerRequestContext.
filter(PreMatchContainerRequestContext.java:364)
	at org.jboss.resteasy.core.SynchronousDispatcher.preprocess(SynchronousDispatc
her.java:164)
	at org.jboss.resteasy.core.SynchronousDispatcher.invoke(SynchronousDispatcher.
java:247)
	at io.quarkus.resteasy.runtime.standalone.RequestDispatcher.service(RequestDis
patcher.java:82)
	at io.quarkus.resteasy.runtime.standalone.VertxRequestHandler.dispatch(VertxRe
questHandler.java:147)
	at io.quarkus.resteasy.runtime.standalone.VertxRequestHandler$1.run(VertxReque
stHandler.java:93)
	at io.quarkus.vertx.core.runtime.VertxCoreRecorder$14.runWith(VertxCoreRecorde
r.java:576)
	at org.jboss.threads.EnhancedQueueExecutor$Task.run(EnhancedQueueExecutor.java
:2449)
	at org.jboss.threads.EnhancedQueueExecutor$ThreadBody.run(EnhancedQueueExecuto
r.java:1478)
	at org.jboss.threads.DelegatingRunnable.run(DelegatingRunnable.java:29)
	at org.jboss.threads.ThreadLocalResettingRunnable.run(ThreadLocalResettingRunn
able.java:29)
	at io.netty.util.concurrent.FastThreadLocalRunnable.run(FastThreadLocalRunnabl
e.java:30)
	at java.base/java.lang.Thread.run(Thread.java:842)
Caused by: javax.persistence.PersistenceException: 
org.hibernate.PropertyValueException: not-null property references a null or 
transient value : com.example.model.Product.price
	at org.hibernate.internal.ExceptionConverterImpl.convert(ExceptionConverterImp
l.java:154)
	at org.hibernate.internal.ExceptionConverterImpl.convert(ExceptionConverterImp
l.java:181)
	at org.hibernate.internal.ExceptionConverterImpl.convert(ExceptionConverterImp
l.java:188)
	at org.hibernate.internal.SessionImpl.firePersist(SessionImpl.java:762)
	at org.hibernate.internal.SessionImpl.persist(SessionImpl.java:742)
	at io.quarkus.hibernate.orm.runtime.session.TransactionScopedSession.persist(T
ransactionScopedSession.java:144)
	at org.hibernate.engine.spi.SessionLazyDelegator.persist(SessionLazyDelegator.
java:241)
	at org.hibernate.Session_5b93bee577ae2f8d76647de04cfab36afbf52958_Synthetic_Cl
ientProxy.persist(Unknown Source)
	at io.quarkus.hibernate.orm.panache.common.runtime.AbstractJpaOperations.persi
st(AbstractJpaOperations.java:101)
	at io.quarkus.hibernate.orm.panache.common.runtime.AbstractJpaOperations.persi
st(AbstractJpaOperations.java:96)
	at io.quarkus.hibernate.orm.panache.PanacheRepositoryBase.persist(PanacheRepos
itoryBase.java:54)
	at com.example.repository.ProductRepository_ClientProxy.persist(Unknown 
Source)
	at com.example.resource.ProductResource.create(ProductResource.java:26)
	at 
com.example.resource.ProductResource_Subclass.create$$superforward1(Unknown 
Source)
	at com.example.resource.ProductResource_Subclass$$function$$1.apply(Unknown 
Source)
	at io.quarkus.arc.impl.AroundInvokeInvocationContext.proceed(AroundInvokeInvoc
ationContext.java:54)
	at io.quarkus.narayana.jta.runtime.interceptor.TransactionalInterceptorBase.in
vokeInOurTx(TransactionalInterceptorBase.java:133)
	at io.quarkus.narayana.jta.runtime.interceptor.TransactionalInterceptorBase.in
vokeInOurTx(TransactionalInterceptorBase.java:104)
	at io.quarkus.narayana.jta.runtime.interceptor.TransactionalInterceptorRequire
d.doIntercept(TransactionalInterceptorRequired.java:38)
	at io.quarkus.narayana.jta.runtime.interceptor.TransactionalInterceptorBase.in
tercept(TransactionalInterceptorBase.java:58)
	at io.quarkus.narayana.jta.runtime.interceptor.TransactionalInterceptorRequire
d.intercept(TransactionalInterceptorRequired.java:32)
	at io.quarkus.narayana.jta.runtime.interceptor.TransactionalInterceptorRequire
d_Bean.intercept(Unknown Source)
	at 
io.quarkus.arc.impl.InterceptorInvocation.invoke(InterceptorInvocation.java:42)
	at io.quarkus.arc.impl.AroundInvokeInvocationContext.perform(AroundInvokeInvoc
ationContext.java:41)
	at io.quarkus.arc.impl.InvocationContexts.performAroundInvoke(InvocationContex
ts.java:33)
	at com.example.resource.ProductResource_Subclass.create(Unknown Source)
	at java.base/jdk.internal.reflect.NativeMethodAccessorImpl.invoke0(Native 
Method)
	at java.base/jdk.internal.reflect.NativeMethodAccessorImpl.invoke(NativeMethod
AccessorImpl.java:77)
	at java.base/jdk.internal.reflect.DelegatingMethodAccessorImpl.invoke(Delegati
ngMethodAccessorImpl.java:43)
	at java.base/java.lang.reflect.Method.invoke(Method.java:568)
	at 
org.jboss.resteasy.core.MethodInjectorImpl.invoke(MethodInjectorImpl.java:170)
	at 
org.jboss.resteasy.core.MethodInjectorImpl.invoke(MethodInjectorImpl.java:130)
	at org.jboss.resteasy.core.ResourceMethodInvoker.internalInvokeOnTarget(Resour
ceMethodInvoker.java:660)
	at org.jboss.resteasy.core.ResourceMethodInvoker.invokeOnTargetAfterFilter(Res
ourceMethodInvoker.java:524)
	at org.jboss.resteasy.core.ResourceMethodInvoker.lambda$invokeOnTarget$2(Resou
rceMethodInvoker.java:474)
	at org.jboss.resteasy.core.interception.jaxrs.PreMatchContainerRequestContext.
filter(PreMatchContainerRequestContext.java:364)
	at org.jboss.resteasy.core.ResourceMethodInvoker.invokeOnTarget(ResourceMethod
Invoker.java:476)
	at org.jboss.resteasy.core.ResourceMethodInvoker.invoke(ResourceMethodInvoker.
java:434)
	at org.jboss.resteasy.core.ResourceMethodInvoker.invoke(ResourceMethodInvoker.
java:408)
	at org.jboss.resteasy.core.ResourceMethodInvoker.invoke(ResourceMethodInvoker.
java:69)
	at org.jboss.resteasy.core.SynchronousDispatcher.invoke(SynchronousDispatcher.
java:492)
	... 15 more
Caused by: org.hibernate.PropertyValueException: not-null property references 
a null or transient value : com.example.model.Product.price
	at org.hibernate.engine.internal.Nullability.checkNullability(Nullability.java
:111)
	at 
org.hibernate.engine.internal.Nullability.checkNullability(Nullability.java:55)
	at org.hibernate.action.internal.AbstractEntityInsertAction.nullifyTransientRe
ferencesIfNotAlready(AbstractEntityInsertAction.java:116)
	at org.hibernate.action.internal.EntityIdentityInsertAction.execute(EntityIden
tityInsertAction.java:72)
	at org.hibernate.engine.spi.ActionQueue.execute(ActionQueue.java:645)
	at org.hibernate.engine.spi.ActionQueue.addResolvedEntityInsertAction(ActionQu
eue.java:282)
	at org.hibernate.engine.spi.ActionQueue.addInsertAction(ActionQueue.java:263)
	at org.hibernate.engine.spi.ActionQueue.addAction(ActionQueue.java:317)
	at org.hibernate.event.internal.AbstractSaveEventListener.addInsertAction(Abst
ractSaveEventListener.java:329)
	at org.hibernate.event.internal.AbstractSaveEventListener.performSaveOrReplica
te(AbstractSaveEventListener.java:286)
	at org.hibernate.event.internal.AbstractSaveEventListener.performSave(Abstract
SaveEventListener.java:192)
	at org.hibernate.event.internal.AbstractSaveEventListener.saveWithGeneratedId(
AbstractSaveEventListener.java:122)
	at org.hibernate.event.internal.DefaultPersistEventListener.entityIsTransient(
DefaultPersistEventListener.java:185)
	at org.hibernate.event.internal.DefaultPersistEventListener.onPersist(DefaultP
ersistEventListener.java:128)
	at org.hibernate.event.internal.DefaultPersistEventListener.onPersist(DefaultP
ersistEventListener.java:55)
	at org.hibernate.event.service.internal.EventListenerGroupImpl.fireEventOnEach
Listener(EventListenerGroupImpl.java:107)
	at org.hibernate.internal.SessionImpl.firePersist(SessionImpl.java:756)
	... 52 more

[ERROR] Tests run: 16, Failures: 1, Errors: 0, Skipped: 0, Time elapsed: 8.801 s <<< FAILURE! -- in com.example.resource.ErrorHandlingTest
[ERROR] com.example.resource.ErrorHandlingTest.testInvalidPathParameter -- Time elapsed: 1.313 s <<< FAILURE!
java.lang.AssertionError: 
1 expectation failed.
Expected status code (is <400> or is <404> or is <400> or is <422> or is <500>) but was <405>.

	at java.base/jdk.internal.reflect.NativeConstructorAccessorImpl.newInstance0(Native Method)
	at java.base/jdk.internal.reflect.NativeConstructorAccessorImpl.newInstance(NativeConstructorAccessorImpl.java:77)
	at java.base/jdk.internal.reflect.DelegatingConstructorAccessorImpl.newInstance(DelegatingConstructorAccessorImpl.java:45)
	at java.base/java.lang.reflect.Constructor.newInstanceWithCaller(Constructor.java:499)
	at java.base/java.lang.reflect.Constructor.newInstance(Constructor.java:480)
	at org.codehaus.groovy.reflection.CachedConstructor.invoke(CachedConstructor.java:72)
	at org.codehaus.groovy.reflection.CachedConstructor.doConstructorInvoke(CachedConstructor.java:59)
	at org.codehaus.groovy.runtime.callsite.ConstructorSite$ConstructorSiteNoUnwrap.callConstructor(ConstructorSite.java:84)
	at org.codehaus.groovy.runtime.callsite.CallSiteArray.defaultCallConstructor(CallSiteArray.java:59)
	at org.codehaus.groovy.runtime.callsite.AbstractCallSite.callConstructor(AbstractCallSite.java:263)
	at org.codehaus.groovy.runtime.callsite.AbstractCallSite.callConstructor(AbstractCallSite.java:277)
	at io.restassured.internal.ResponseSpecificationImpl$HamcrestAssertionClosure.validate(ResponseSpecificationImpl.groovy:499)
	at io.restassured.internal.ResponseSpecificationImpl$HamcrestAssertionClosure$validate$1.call(Unknown Source)
	at org.codehaus.groovy.runtime.callsite.CallSiteArray.defaultCall(CallSiteArray.java:47)
	at org.codehaus.groovy.runtime.callsite.AbstractCallSite.call(AbstractCallSite.java:125)
	at org.codehaus.groovy.runtime.callsite.AbstractCallSite.call(AbstractCallSite.java:139)
	at io.restassured.internal.ResponseSpecificationImpl.validateResponseIfRequired(ResponseSpecificationImpl.groovy:684)
	at java.base/jdk.internal.reflect.NativeMethodAccessorImpl.invoke0(Native Method)
	at java.base/jdk.internal.reflect.NativeMethodAccessorImpl.invoke(NativeMethodAccessorImpl.java:77)
	at java.base/jdk.internal.reflect.DelegatingMethodAccessorImpl.invoke(DelegatingMethodAccessorImpl.java:43)
	at java.base/java.lang.reflect.Method.invoke(Method.java:568)
	at org.codehaus.groovy.runtime.callsite.PlainObjectMetaMethodSite.doInvoke(PlainObjectMetaMethodSite.java:43)
	at org.codehaus.groovy.runtime.callsite.PogoMetaMethodSite$PogoCachedMethodSiteNoUnwrapNoCoerce.invoke(PogoMetaMethodSite.java:193)
	at org.codehaus.groovy.runtime.callsite.PogoMetaMethodSite.callCurrent(PogoMetaMethodSite.java:61)
	at org.codehaus.groovy.runtime.callsite.CallSiteArray.defaultCallCurrent(CallSiteArray.java:51)
	at org.codehaus.groovy.runtime.callsite.AbstractCallSite.callCurrent(AbstractCallSite.java:171)
	at org.codehaus.groovy.runtime.callsite.AbstractCallSite.callCurrent(AbstractCallSite.java:185)
	at io.restassured.internal.ResponseSpecificationImpl.statusCode(ResponseSpecificationImpl.groovy:127)
	at io.restassured.internal.ValidatableResponseOptionsImpl.statusCode(ValidatableResponseOptionsImpl.java:84)
	at io.restassured.internal.ValidatableResponseImpl.super$2$statusCode(ValidatableResponseImpl.groovy)
	at java.base/jdk.internal.reflect.NativeMethodAccessorImpl.invoke0(Native Method)
	at java.base/jdk.internal.reflect.NativeMethodAccessorImpl.invoke(NativeMethodAccessorImpl.java:77)
	at java.base/jdk.internal.reflect.DelegatingMethodAccessorImpl.invoke(DelegatingMethodAccessorImpl.java:43)
	at java.base/java.lang.reflect.Method.invoke(Method.java:568)
	at org.codehaus.groovy.reflection.CachedMethod.invoke(CachedMethod.java:107)
	at groovy.lang.MetaMethod.doMethodInvoke(MetaMethod.java:323)
	at groovy.lang.MetaClassImpl.invokeMethod(MetaClassImpl.java:1268)
	at org.codehaus.groovy.runtime.ScriptBytecodeAdapter.invokeMethodOnSuperN(ScriptBytecodeAdapter.java:144)
	at io.restassured.internal.ValidatableResponseImpl.statusCode(ValidatableResponseImpl.groovy:136)
	at io.restassured.internal.ValidatableResponseImpl.statusCode(ValidatableResponseImpl.groovy)
	at com.example.resource.ErrorHandlingTest.testInvalidPathParameter(ErrorHandlingTest.java:82)
	at java.base/jdk.internal.reflect.NativeMethodAccessorImpl.invoke0(Native Method)
	at java.base/jdk.internal.reflect.NativeMethodAccessorImpl.invoke(NativeMethodAccessorImpl.java:77)
	at java.base/jdk.internal.reflect.DelegatingMethodAccessorImpl.invoke(DelegatingMethodAccessorImpl.java:43)
	at java.base/java.lang.reflect.Method.invoke(Method.java:568)
	at io.quarkus.test.junit.QuarkusTestExtension.runExtensionMethod(QuarkusTestExtension.java:1002)
	at io.quarkus.test.junit.QuarkusTestExtension.interceptTestMethod(QuarkusTestExtension.java:816)
	at org.junit.jupiter.engine.execution.InterceptingExecutableInvoker$ReflectiveInterceptorCall.lambda$ofVoidMethod$0(InterceptingExecutableInvoker.java:103)
	at org.junit.jupiter.engine.execution.InterceptingExecutableInvoker.lambda$invoke$0(InterceptingExecutableInvoker.java:93)
	at org.junit.jupiter.engine.execution.InvocationInterceptorChain$InterceptedInvocation.proceed(InvocationInterceptorChain.java:106)
	at org.junit.jupiter.engine.extension.TimeoutExtension.intercept(TimeoutExtension.java:156)
	at org.junit.jupiter.engine.extension.TimeoutExtension.interceptTestableMethod(TimeoutExtension.java:147)
	at org.junit.jupiter.engine.extension.TimeoutExtension.interceptTestMethod(TimeoutExtension.java:86)
	at org.junit.jupiter.engine.execution.InterceptingExecutableInvoker$ReflectiveInterceptorCall.lambda$ofVoidMethod$0(InterceptingExecutableInvoker.java:103)
	at org.junit.jupiter.engine.execution.InterceptingExecutableInvoker.lambda$invoke$0(InterceptingExecutableInvoker.java:93)
	at org.junit.jupiter.engine.execution.InvocationInterceptorChain$InterceptedInvocation.proceed(InvocationInterceptorChain.java:106)
	at org.junit.jupiter.engine.execution.InvocationInterceptorChain.proceed(InvocationInterceptorChain.java:64)
	at org.junit.jupiter.engine.execution.InvocationInterceptorChain.chainAndInvoke(InvocationInterceptorChain.java:45)
	at org.junit.jupiter.engine.execution.InvocationInterceptorChain.invoke(InvocationInterceptorChain.java:37)
	at org.junit.jupiter.engine.execution.InterceptingExecutableInvoker.invoke(InterceptingExecutableInvoker.java:92)
	at org.junit.jupiter.engine.execution.InterceptingExecutableInvoker.invoke(InterceptingExecutableInvoker.java:86)
	at org.junit.jupiter.engine.descriptor.TestMethodTestDescriptor.lambda$invokeTestMethod$7(TestMethodTestDescriptor.java:217)
	at org.junit.platform.engine.support.hierarchical.ThrowableCollector.execute(ThrowableCollector.java:73)
	at org.junit.jupiter.engine.descriptor.TestMethodTestDescriptor.invokeTestMethod(TestMethodTestDescriptor.java:213)
	at org.junit.jupiter.engine.descriptor.TestMethodTestDescriptor.execute(TestMethodTestDescriptor.java:138)
	at org.junit.jupiter.engine.descriptor.TestMethodTestDescriptor.execute(TestMethodTestDescriptor.java:68)
	at org.junit.platform.engine.support.hierarchical.NodeTestTask.lambda$executeRecursively$6(NodeTestTask.java:151)
	at org.junit.platform.engine.support.hierarchical.ThrowableCollector.execute(ThrowableCollector.java:73)
	at org.junit.platform.engine.support.hierarchical.NodeTestTask.lambda$executeRecursively$8(NodeTestTask.java:141)
	at org.junit.platform.engine.support.hierarchical.Node.around(Node.java:137)
	at org.junit.platform.engine.support.hierarchical.NodeTestTask.lambda$executeRecursively$9(NodeTestTask.java:139)
	at org.junit.platform.engine.support.hierarchical.ThrowableCollector.execute(ThrowableCollector.java:73)
	at org.junit.platform.engine.support.hierarchical.NodeTestTask.executeRecursively(NodeTestTask.java:138)
	at org.junit.platform.engine.support.hierarchical.NodeTestTask.execute(NodeTestTask.java:95)
	at java.base/java.util.ArrayList.forEach(ArrayList.java:1511)
	at org.junit.platform.engine.support.hierarchical.SameThreadHierarchicalTestExecutorService.invokeAll(SameThreadHierarchicalTestExecutorService.java:41)
	at org.junit.platform.engine.support.hierarchical.NodeTestTask.lambda$executeRecursively$6(NodeTestTask.java:155)
	at org.junit.platform.engine.support.hierarchical.ThrowableCollector.execute(ThrowableCollector.java:73)
	at org.junit.platform.engine.support.hierarchical.NodeTestTask.lambda$executeRecursively$8(NodeTestTask.java:141)
	at org.junit.platform.engine.support.hierarchical.Node.around(Node.java:137)
	at org.junit.platform.engine.support.hierarchical.NodeTestTask.lambda$executeRecursively$9(NodeTestTask.java:139)
	at org.junit.platform.engine.support.hierarchical.ThrowableCollector.execute(ThrowableCollector.java:73)
	at org.junit.platform.engine.support.hierarchical.NodeTestTask.executeRecursively(NodeTestTask.java:138)
	at org.junit.platform.engine.support.hierarchical.NodeTestTask.execute(NodeTestTask.java:95)
	at java.base/java.util.ArrayList.forEach(ArrayList.java:1511)
	at org.junit.platform.engine.support.hierarchical.SameThreadHierarchicalTestExecutorService.invokeAll(SameThreadHierarchicalTestExecutorService.java:41)
	at org.junit.platform.engine.support.hierarchical.NodeTestTask.lambda$executeRecursively$6(NodeTestTask.java:155)
	at org.junit.platform.engine.support.hierarchical.ThrowableCollector.execute(ThrowableCollector.java:73)
	at org.junit.platform.engine.support.hierarchical.NodeTestTask.lambda$executeRecursively$8(NodeTestTask.java:141)
	at org.junit.platform.engine.support.hierarchical.Node.around(Node.java:137)
	at org.junit.platform.engine.support.hierarchical.NodeTestTask.lambda$executeRecursively$9(NodeTestTask.java:139)
	at org.junit.platform.engine.support.hierarchical.ThrowableCollector.execute(ThrowableCollector.java:73)
	at org.junit.platform.engine.support.hierarchical.NodeTestTask.executeRecursively(NodeTestTask.java:138)
	at org.junit.platform.engine.support.hierarchical.NodeTestTask.execute(NodeTestTask.java:95)
	at org.junit.platform.engine.support.hierarchical.SameThreadHierarchicalTestExecutorService.submit(SameThreadHierarchicalTestExecutorService.java:35)
	at org.junit.platform.engine.support.hierarchical.HierarchicalTestExecutor.execute(HierarchicalTestExecutor.java:57)
	at org.junit.platform.engine.support.hierarchical.HierarchicalTestEngine.execute(HierarchicalTestEngine.java:54)
	at org.junit.platform.launcher.core.EngineExecutionOrchestrator.execute(EngineExecutionOrchestrator.java:147)
	at org.junit.platform.launcher.core.EngineExecutionOrchestrator.execute(EngineExecutionOrchestrator.java:127)
	at org.junit.platform.launcher.core.EngineExecutionOrchestrator.execute(EngineExecutionOrchestrator.java:90)
	at org.junit.platform.launcher.core.EngineExecutionOrchestrator.lambda$execute$0(EngineExecutionOrchestrator.java:55)
	at org.junit.platform.launcher.core.EngineExecutionOrchestrator.withInterceptedStreams(EngineExecutionOrchestrator.java:102)
	at org.junit.platform.launcher.core.EngineExecutionOrchestrator.execute(EngineExecutionOrchestrator.java:54)
	at org.junit.platform.launcher.core.DefaultLauncher.execute(DefaultLauncher.java:114)
	at org.junit.platform.launcher.core.DefaultLauncher.execute(DefaultLauncher.java:86)
	at org.junit.platform.launcher.core.DefaultLauncherSession$DelegatingLauncher.execute(DefaultLauncherSession.java:86)
	at org.apache.maven.surefire.junitplatform.LazyLauncher.execute(LazyLauncher.java:56)
	at org.apache.maven.surefire.junitplatform.JUnitPlatformProvider.execute(JUnitPlatformProvider.java:184)
	at org.apache.maven.surefire.junitplatform.JUnitPlatformProvider.invokeAllTests(JUnitPlatformProvider.java:148)
	at org.apache.maven.surefire.junitplatform.JUnitPlatformProvider.invoke(JUnitPlatformProvider.java:122)
	at org.apache.maven.surefire.booter.ForkedBooter.runSuitesInProcess(ForkedBooter.java:385)
	at org.apache.maven.surefire.booter.ForkedBooter.execute(ForkedBooter.java:162)
	at org.apache.maven.surefire.booter.ForkedBooter.run(ForkedBooter.java:507)
	at org.apache.maven.surefire.booter.ForkedBooter.main(ForkedBooter.java:495)

fev. 08, 2026 8:15:30 PM io.quarkus.vertx.http.runtime.QuarkusErrorHandler 
handle
ERROR: HTTP Request to /products-raw-materials failed, error id: 
1219e6c1-bfc5-4ef5-a0ec-05f438119002-15
org.jboss.resteasy.spi.UnhandledException: java.lang.NullPointerException: 
Cannot invoke "com.example.model.RawMaterial.getId()" because the return value 
of "com.example.model.ProductRawMaterial.getRawMaterial()" is null
	at org.jboss.resteasy.core.ExceptionHandler.handleApplicationException(Excepti
onHandler.java:105)
	at org.jboss.resteasy.core.ExceptionHandler.handleException(ExceptionHandler.j
ava:359)
	at org.jboss.resteasy.core.SynchronousDispatcher.writeException(SynchronousDis
patcher.java:218)
	at org.jboss.resteasy.core.SynchronousDispatcher.invoke(SynchronousDispatcher.
java:519)
	at org.jboss.resteasy.core.SynchronousDispatcher.lambda$invoke$4(SynchronousDi
spatcher.java:261)
	at org.jboss.resteasy.core.SynchronousDispatcher.lambda$preprocess$0(Synchrono
usDispatcher.java:161)
	at org.jboss.resteasy.core.interception.jaxrs.PreMatchContainerRequestContext.
filter(PreMatchContainerRequestContext.java:364)
	at org.jboss.resteasy.core.SynchronousDispatcher.preprocess(SynchronousDispatc
her.java:164)
	at org.jboss.resteasy.core.SynchronousDispatcher.invoke(SynchronousDispatcher.
java:247)
	at io.quarkus.resteasy.runtime.standalone.RequestDispatcher.service(RequestDis
patcher.java:82)
	at io.quarkus.resteasy.runtime.standalone.VertxRequestHandler.dispatch(VertxRe
questHandler.java:147)
	at io.quarkus.resteasy.runtime.standalone.VertxRequestHandler$1.run(VertxReque
stHandler.java:93)
	at io.quarkus.vertx.core.runtime.VertxCoreRecorder$14.runWith(VertxCoreRecorde
r.java:576)
	at org.jboss.threads.EnhancedQueueExecutor$Task.run(EnhancedQueueExecutor.java
:2449)
	at org.jboss.threads.EnhancedQueueExecutor$ThreadBody.run(EnhancedQueueExecuto
r.java:1478)
	at org.jboss.threads.DelegatingRunnable.run(DelegatingRunnable.java:29)
	at org.jboss.threads.ThreadLocalResettingRunnable.run(ThreadLocalResettingRunn
able.java:29)
	at io.netty.util.concurrent.FastThreadLocalRunnable.run(FastThreadLocalRunnabl
e.java:30)
	at java.base/java.lang.Thread.run(Thread.java:842)
Caused by: java.lang.NullPointerException: Cannot invoke 
"com.example.model.RawMaterial.getId()" because the return value of 
"com.example.model.ProductRawMaterial.getRawMaterial()" is null
	at com.example.resource.ProductRawMaterialResource.create(ProductRawMaterialRe
source.java:35)
	at com.example.resource.ProductRawMaterialResource_Subclass.create$$superforwa
rd1(Unknown Source)
	at com.example.resource.ProductRawMaterialResource_Subclass$$function$$1.apply
(Unknown Source)
	at io.quarkus.arc.impl.AroundInvokeInvocationContext.proceed(AroundInvokeInvoc
ationContext.java:54)
	at io.quarkus.narayana.jta.runtime.interceptor.TransactionalInterceptorBase.in
vokeInOurTx(TransactionalInterceptorBase.java:133)
	at io.quarkus.narayana.jta.runtime.interceptor.TransactionalInterceptorBase.in
vokeInOurTx(TransactionalInterceptorBase.java:104)
	at io.quarkus.narayana.jta.runtime.interceptor.TransactionalInterceptorRequire
d.doIntercept(TransactionalInterceptorRequired.java:38)
	at io.quarkus.narayana.jta.runtime.interceptor.TransactionalInterceptorBase.in
tercept(TransactionalInterceptorBase.java:58)
	at io.quarkus.narayana.jta.runtime.interceptor.TransactionalInterceptorRequire
d.intercept(TransactionalInterceptorRequired.java:32)
	at io.quarkus.narayana.jta.runtime.interceptor.TransactionalInterceptorRequire
d_Bean.intercept(Unknown Source)
	at 
io.quarkus.arc.impl.InterceptorInvocation.invoke(InterceptorInvocation.java:42)
	at io.quarkus.arc.impl.AroundInvokeInvocationContext.perform(AroundInvokeInvoc
ationContext.java:41)
	at io.quarkus.arc.impl.InvocationContexts.performAroundInvoke(InvocationContex
ts.java:33)
	at com.example.resource.ProductRawMaterialResource_Subclass.create(Unknown 
Source)
	at java.base/jdk.internal.reflect.NativeMethodAccessorImpl.invoke0(Native 
Method)
	at java.base/jdk.internal.reflect.NativeMethodAccessorImpl.invoke(NativeMethod
AccessorImpl.java:77)
	at java.base/jdk.internal.reflect.DelegatingMethodAccessorImpl.invoke(Delegati
ngMethodAccessorImpl.java:43)
	at java.base/java.lang.reflect.Method.invoke(Method.java:568)
	at 
org.jboss.resteasy.core.MethodInjectorImpl.invoke(MethodInjectorImpl.java:170)
	at 
org.jboss.resteasy.core.MethodInjectorImpl.invoke(MethodInjectorImpl.java:130)
	at org.jboss.resteasy.core.ResourceMethodInvoker.internalInvokeOnTarget(Resour
ceMethodInvoker.java:660)
	at org.jboss.resteasy.core.ResourceMethodInvoker.invokeOnTargetAfterFilter(Res
ourceMethodInvoker.java:524)
	at org.jboss.resteasy.core.ResourceMethodInvoker.lambda$invokeOnTarget$2(Resou
rceMethodInvoker.java:474)
	at org.jboss.resteasy.core.interception.jaxrs.PreMatchContainerRequestContext.
filter(PreMatchContainerRequestContext.java:364)
	at org.jboss.resteasy.core.ResourceMethodInvoker.invokeOnTarget(ResourceMethod
Invoker.java:476)
	at org.jboss.resteasy.core.ResourceMethodInvoker.invoke(ResourceMethodInvoker.
java:434)
	at org.jboss.resteasy.core.ResourceMethodInvoker.invoke(ResourceMethodInvoker.
java:408)
	at org.jboss.resteasy.core.ResourceMethodInvoker.invoke(ResourceMethodInvoker.
java:69)
	at org.jboss.resteasy.core.SynchronousDispatcher.invoke(SynchronousDispatcher.
java:492)
	... 15 more

fev. 08, 2026 8:15:30 PM io.quarkus.vertx.http.runtime.QuarkusErrorHandler 
handle
ERROR: HTTP Request to /products-raw-materials failed, error id: 
1219e6c1-bfc5-4ef5-a0ec-05f438119002-16
org.jboss.resteasy.spi.UnhandledException: java.lang.NullPointerException: 
Cannot invoke "com.example.model.RawMaterial.getId()" because the return value 
of "com.example.model.ProductRawMaterial.getRawMaterial()" is null
	at org.jboss.resteasy.core.ExceptionHandler.handleApplicationException(Excepti
onHandler.java:105)
	at org.jboss.resteasy.core.ExceptionHandler.handleException(ExceptionHandler.j
ava:359)
	at org.jboss.resteasy.core.SynchronousDispatcher.writeException(SynchronousDis
patcher.java:218)
	at org.jboss.resteasy.core.SynchronousDispatcher.invoke(SynchronousDispatcher.
java:519)
	at org.jboss.resteasy.core.SynchronousDispatcher.lambda$invoke$4(SynchronousDi
spatcher.java:261)
	at org.jboss.resteasy.core.SynchronousDispatcher.lambda$preprocess$0(Synchrono
usDispatcher.java:161)
	at org.jboss.resteasy.core.interception.jaxrs.PreMatchContainerRequestContext.
filter(PreMatchContainerRequestContext.java:364)
	at org.jboss.resteasy.core.SynchronousDispatcher.preprocess(SynchronousDispatc
her.java:164)
	at org.jboss.resteasy.core.SynchronousDispatcher.invoke(SynchronousDispatcher.
java:247)
	at io.quarkus.resteasy.runtime.standalone.RequestDispatcher.service(RequestDis
patcher.java:82)
	at io.quarkus.resteasy.runtime.standalone.VertxRequestHandler.dispatch(VertxRe
questHandler.java:147)
	at io.quarkus.resteasy.runtime.standalone.VertxRequestHandler$1.run(VertxReque
stHandler.java:93)
	at io.quarkus.vertx.core.runtime.VertxCoreRecorder$14.runWith(VertxCoreRecorde
r.java:576)
	at org.jboss.threads.EnhancedQueueExecutor$Task.run(EnhancedQueueExecutor.java
:2449)
	at org.jboss.threads.EnhancedQueueExecutor$ThreadBody.run(EnhancedQueueExecuto
r.java:1478)
	at org.jboss.threads.DelegatingRunnable.run(DelegatingRunnable.java:29)
	at org.jboss.threads.ThreadLocalResettingRunnable.run(ThreadLocalResettingRunn
able.java:29)
	at io.netty.util.concurrent.FastThreadLocalRunnable.run(FastThreadLocalRunnabl
e.java:30)
	at java.base/java.lang.Thread.run(Thread.java:842)
Caused by: java.lang.NullPointerException: Cannot invoke 
"com.example.model.RawMaterial.getId()" because the return value of 
"com.example.model.ProductRawMaterial.getRawMaterial()" is null
	at com.example.resource.ProductRawMaterialResource.create(ProductRawMaterialRe
source.java:35)
	at com.example.resource.ProductRawMaterialResource_Subclass.create$$superforwa
rd1(Unknown Source)
	at com.example.resource.ProductRawMaterialResource_Subclass$$function$$1.apply
(Unknown Source)
	at io.quarkus.arc.impl.AroundInvokeInvocationContext.proceed(AroundInvokeInvoc
ationContext.java:54)
	at io.quarkus.narayana.jta.runtime.interceptor.TransactionalInterceptorBase.in
vokeInOurTx(TransactionalInterceptorBase.java:133)
	at io.quarkus.narayana.jta.runtime.interceptor.TransactionalInterceptorBase.in
vokeInOurTx(TransactionalInterceptorBase.java:104)
	at io.quarkus.narayana.jta.runtime.interceptor.TransactionalInterceptorRequire
d.doIntercept(TransactionalInterceptorRequired.java:38)
	at io.quarkus.narayana.jta.runtime.interceptor.TransactionalInterceptorBase.in
tercept(TransactionalInterceptorBase.java:58)
	at io.quarkus.narayana.jta.runtime.interceptor.TransactionalInterceptorRequire
d.intercept(TransactionalInterceptorRequired.java:32)
	at io.quarkus.narayana.jta.runtime.interceptor.TransactionalInterceptorRequire
d_Bean.intercept(Unknown Source)
	at 
io.quarkus.arc.impl.InterceptorInvocation.invoke(InterceptorInvocation.java:42)
	at io.quarkus.arc.impl.AroundInvokeInvocationContext.perform(AroundInvokeInvoc
ationContext.java:41)
	at io.quarkus.arc.impl.InvocationContexts.performAroundInvoke(InvocationContex
ts.java:33)
	at com.example.resource.ProductRawMaterialResource_Subclass.create(Unknown 
Source)
	at java.base/jdk.internal.reflect.NativeMethodAccessorImpl.invoke0(Native 
Method)
	at java.base/jdk.internal.reflect.NativeMethodAccessorImpl.invoke(NativeMethod
AccessorImpl.java:77)
	at java.base/jdk.internal.reflect.DelegatingMethodAccessorImpl.invoke(Delegati
ngMethodAccessorImpl.java:43)
	at java.base/java.lang.reflect.Method.invoke(Method.java:568)
	at 
org.jboss.resteasy.core.MethodInjectorImpl.invoke(MethodInjectorImpl.java:170)
	at 
org.jboss.resteasy.core.MethodInjectorImpl.invoke(MethodInjectorImpl.java:130)
	at org.jboss.resteasy.core.ResourceMethodInvoker.internalInvokeOnTarget(Resour
ceMethodInvoker.java:660)
	at org.jboss.resteasy.core.ResourceMethodInvoker.invokeOnTargetAfterFilter(Res
ourceMethodInvoker.java:524)
	at org.jboss.resteasy.core.ResourceMethodInvoker.lambda$invokeOnTarget$2(Resou
rceMethodInvoker.java:474)
	at org.jboss.resteasy.core.interception.jaxrs.PreMatchContainerRequestContext.
filter(PreMatchContainerRequestContext.java:364)
	at org.jboss.resteasy.core.ResourceMethodInvoker.invokeOnTarget(ResourceMethod
Invoker.java:476)
	at org.jboss.resteasy.core.ResourceMethodInvoker.invoke(ResourceMethodInvoker.
java:434)
	at org.jboss.resteasy.core.ResourceMethodInvoker.invoke(ResourceMethodInvoker.
java:408)
	at org.jboss.resteasy.core.ResourceMethodInvoker.invoke(ResourceMethodInvoker.
java:69)
	at org.jboss.resteasy.core.SynchronousDispatcher.invoke(SynchronousDispatcher.
java:492)
	... 15 more

fev. 08, 2026 8:15:30 PM io.quarkus.vertx.http.runtime.QuarkusErrorHandler 
handle
ERROR: HTTP Request to /products-raw-materials failed, error id: 
1219e6c1-bfc5-4ef5-a0ec-05f438119002-17
org.jboss.resteasy.spi.UnhandledException: java.lang.NullPointerException: 
Cannot invoke "com.example.model.RawMaterial.getId()" because the return value 
of "com.example.model.ProductRawMaterial.getRawMaterial()" is null
	at org.jboss.resteasy.core.ExceptionHandler.handleApplicationException(Excepti
onHandler.java:105)
	at org.jboss.resteasy.core.ExceptionHandler.handleException(ExceptionHandler.j
ava:359)
	at org.jboss.resteasy.core.SynchronousDispatcher.writeException(SynchronousDis
patcher.java:218)
	at org.jboss.resteasy.core.SynchronousDispatcher.invoke(SynchronousDispatcher.
java:519)
	at org.jboss.resteasy.core.SynchronousDispatcher.lambda$invoke$4(SynchronousDi
spatcher.java:261)
	at org.jboss.resteasy.core.SynchronousDispatcher.lambda$preprocess$0(Synchrono
usDispatcher.java:161)
	at org.jboss.resteasy.core.interception.jaxrs.PreMatchContainerRequestContext.
filter(PreMatchContainerRequestContext.java:364)
	at org.jboss.resteasy.core.SynchronousDispatcher.preprocess(SynchronousDispatc
her.java:164)
	at org.jboss.resteasy.core.SynchronousDispatcher.invoke(SynchronousDispatcher.
java:247)
	at io.quarkus.resteasy.runtime.standalone.RequestDispatcher.service(RequestDis
patcher.java:82)
	at io.quarkus.resteasy.runtime.standalone.VertxRequestHandler.dispatch(VertxRe
questHandler.java:147)
	at io.quarkus.resteasy.runtime.standalone.VertxRequestHandler$1.run(VertxReque
stHandler.java:93)
	at io.quarkus.vertx.core.runtime.VertxCoreRecorder$14.runWith(VertxCoreRecorde
r.java:576)
	at org.jboss.threads.EnhancedQueueExecutor$Task.run(EnhancedQueueExecutor.java
:2449)
	at org.jboss.threads.EnhancedQueueExecutor$ThreadBody.run(EnhancedQueueExecuto
r.java:1478)
	at org.jboss.threads.DelegatingRunnable.run(DelegatingRunnable.java:29)
	at org.jboss.threads.ThreadLocalResettingRunnable.run(ThreadLocalResettingRunn
able.java:29)
	at io.netty.util.concurrent.FastThreadLocalRunnable.run(FastThreadLocalRunnabl
e.java:30)
	at java.base/java.lang.Thread.run(Thread.java:842)
Caused by: java.lang.NullPointerException: Cannot invoke 
"com.example.model.RawMaterial.getId()" because the return value of 
"com.example.model.ProductRawMaterial.getRawMaterial()" is null
	at com.example.resource.ProductRawMaterialResource.create(ProductRawMaterialRe
source.java:35)
	at com.example.resource.ProductRawMaterialResource_Subclass.create$$superforwa
rd1(Unknown Source)
	at com.example.resource.ProductRawMaterialResource_Subclass$$function$$1.apply
(Unknown Source)
	at io.quarkus.arc.impl.AroundInvokeInvocationContext.proceed(AroundInvokeInvoc
ationContext.java:54)
	at io.quarkus.narayana.jta.runtime.interceptor.TransactionalInterceptorBase.in
vokeInOurTx(TransactionalInterceptorBase.java:133)
	at io.quarkus.narayana.jta.runtime.interceptor.TransactionalInterceptorBase.in
vokeInOurTx(TransactionalInterceptorBase.java:104)
	at io.quarkus.narayana.jta.runtime.interceptor.TransactionalInterceptorRequire
d.doIntercept(TransactionalInterceptorRequired.java:38)
	at io.quarkus.narayana.jta.runtime.interceptor.TransactionalInterceptorBase.in
tercept(TransactionalInterceptorBase.java:58)
	at io.quarkus.narayana.jta.runtime.interceptor.TransactionalInterceptorRequire
d.intercept(TransactionalInterceptorRequired.java:32)
	at io.quarkus.narayana.jta.runtime.interceptor.TransactionalInterceptorRequire
d_Bean.intercept(Unknown Source)
	at 
io.quarkus.arc.impl.InterceptorInvocation.invoke(InterceptorInvocation.java:42)
	at io.quarkus.arc.impl.AroundInvokeInvocationContext.perform(AroundInvokeInvoc
ationContext.java:41)
	at io.quarkus.arc.impl.InvocationContexts.performAroundInvoke(InvocationContex
ts.java:33)
	at com.example.resource.ProductRawMaterialResource_Subclass.create(Unknown 
Source)
	at java.base/jdk.internal.reflect.NativeMethodAccessorImpl.invoke0(Native 
Method)
	at java.base/jdk.internal.reflect.NativeMethodAccessorImpl.invoke(NativeMethod
AccessorImpl.java:77)
	at java.base/jdk.internal.reflect.DelegatingMethodAccessorImpl.invoke(Delegati
ngMethodAccessorImpl.java:43)
	at java.base/java.lang.reflect.Method.invoke(Method.java:568)
	at 
org.jboss.resteasy.core.MethodInjectorImpl.invoke(MethodInjectorImpl.java:170)
	at 
org.jboss.resteasy.core.MethodInjectorImpl.invoke(MethodInjectorImpl.java:130)
	at org.jboss.resteasy.core.ResourceMethodInvoker.internalInvokeOnTarget(Resour
ceMethodInvoker.java:660)
	at org.jboss.resteasy.core.ResourceMethodInvoker.invokeOnTargetAfterFilter(Res
ourceMethodInvoker.java:524)
	at org.jboss.resteasy.core.ResourceMethodInvoker.lambda$invokeOnTarget$2(Resou
rceMethodInvoker.java:474)
	at org.jboss.resteasy.core.interception.jaxrs.PreMatchContainerRequestContext.
filter(PreMatchContainerRequestContext.java:364)
	at org.jboss.resteasy.core.ResourceMethodInvoker.invokeOnTarget(ResourceMethod
Invoker.java:476)
	at org.jboss.resteasy.core.ResourceMethodInvoker.invoke(ResourceMethodInvoker.
java:434)
	at org.jboss.resteasy.core.ResourceMethodInvoker.invoke(ResourceMethodInvoker.
java:408)
	at org.jboss.resteasy.core.ResourceMethodInvoker.invoke(ResourceMethodInvoker.
java:69)
	at org.jboss.resteasy.core.SynchronousDispatcher.invoke(SynchronousDispatcher.
java:492)
	... 15 more

fev. 08, 2026 8:15:30 PM org.hibernate.engine.jdbc.spi.SqlExceptionHelper 
logExceptions
WARN: SQL Error: 0, SQLState: 23505
fev. 08, 2026 8:15:30 PM org.hibernate.engine.jdbc.spi.SqlExceptionHelper 
logExceptions
ERROR: ERRO: duplicar valor da chave viola a restriþÒo de unicidade 
"uk_h3w5r1mx6d0e5c6um32dgyjej"
  Detalhe: Chave (code)=(EXPENSIVE-001) jß existe.
fev. 08, 2026 8:15:30 PM io.quarkus.vertx.http.runtime.QuarkusErrorHandler 
handle
ERROR: HTTP Request to /products failed, error id: 
1219e6c1-bfc5-4ef5-a0ec-05f438119002-18
org.jboss.resteasy.spi.UnhandledException: 
javax.persistence.PersistenceException: 
org.hibernate.exception.ConstraintViolationException: could not execute 
statement
	at org.jboss.resteasy.core.ExceptionHandler.handleApplicationException(Excepti
onHandler.java:105)
	at org.jboss.resteasy.core.ExceptionHandler.handleException(ExceptionHandler.j
ava:359)
	at org.jboss.resteasy.core.SynchronousDispatcher.writeException(SynchronousDis
patcher.java:218)
	at org.jboss.resteasy.core.SynchronousDispatcher.invoke(SynchronousDispatcher.
java:519)
	at org.jboss.resteasy.core.SynchronousDispatcher.lambda$invoke$4(SynchronousDi
spatcher.java:261)
	at org.jboss.resteasy.core.SynchronousDispatcher.lambda$preprocess$0(Synchrono
usDispatcher.java:161)
	at org.jboss.resteasy.core.interception.jaxrs.PreMatchContainerRequestContext.
filter(PreMatchContainerRequestContext.java:364)
	at org.jboss.resteasy.core.SynchronousDispatcher.preprocess(SynchronousDispatc
her.java:164)
	at org.jboss.resteasy.core.SynchronousDispatcher.invoke(SynchronousDispatcher.
java:247)
	at io.quarkus.resteasy.runtime.standalone.RequestDispatcher.service(RequestDis
patcher.java:82)
	at io.quarkus.resteasy.runtime.standalone.VertxRequestHandler.dispatch(VertxRe
questHandler.java:147)
	at io.quarkus.resteasy.runtime.standalone.VertxRequestHandler$1.run(VertxReque
stHandler.java:93)
	at io.quarkus.vertx.core.runtime.VertxCoreRecorder$14.runWith(VertxCoreRecorde
r.java:576)
	at org.jboss.threads.EnhancedQueueExecutor$Task.run(EnhancedQueueExecutor.java
:2449)
	at org.jboss.threads.EnhancedQueueExecutor$ThreadBody.run(EnhancedQueueExecuto
r.java:1478)
	at org.jboss.threads.DelegatingRunnable.run(DelegatingRunnable.java:29)
	at org.jboss.threads.ThreadLocalResettingRunnable.run(ThreadLocalResettingRunn
able.java:29)
	at io.netty.util.concurrent.FastThreadLocalRunnable.run(FastThreadLocalRunnabl
e.java:30)
	at java.base/java.lang.Thread.run(Thread.java:842)
Caused by: javax.persistence.PersistenceException: 
org.hibernate.exception.ConstraintViolationException: could not execute 
statement
	at org.hibernate.internal.ExceptionConverterImpl.convert(ExceptionConverterImp
l.java:154)
	at org.hibernate.internal.ExceptionConverterImpl.convert(ExceptionConverterImp
l.java:181)
	at org.hibernate.internal.ExceptionConverterImpl.convert(ExceptionConverterImp
l.java:188)
	at org.hibernate.internal.SessionImpl.firePersist(SessionImpl.java:762)
	at org.hibernate.internal.SessionImpl.persist(SessionImpl.java:742)
	at io.quarkus.hibernate.orm.runtime.session.TransactionScopedSession.persist(T
ransactionScopedSession.java:144)
	at org.hibernate.engine.spi.SessionLazyDelegator.persist(SessionLazyDelegator.
java:241)
	at org.hibernate.Session_5b93bee577ae2f8d76647de04cfab36afbf52958_Synthetic_Cl
ientProxy.persist(Unknown Source)
	at io.quarkus.hibernate.orm.panache.common.runtime.AbstractJpaOperations.persi
st(AbstractJpaOperations.java:101)
	at io.quarkus.hibernate.orm.panache.common.runtime.AbstractJpaOperations.persi
st(AbstractJpaOperations.java:96)
	at io.quarkus.hibernate.orm.panache.PanacheRepositoryBase.persist(PanacheRepos
itoryBase.java:54)
	at com.example.repository.ProductRepository_ClientProxy.persist(Unknown 
Source)
	at com.example.resource.ProductResource.create(ProductResource.java:26)
	at 
com.example.resource.ProductResource_Subclass.create$$superforward1(Unknown 
Source)
	at com.example.resource.ProductResource_Subclass$$function$$1.apply(Unknown 
Source)
	at io.quarkus.arc.impl.AroundInvokeInvocationContext.proceed(AroundInvokeInvoc
ationContext.java:54)
	at io.quarkus.narayana.jta.runtime.interceptor.TransactionalInterceptorBase.in
vokeInOurTx(TransactionalInterceptorBase.java:133)
	at io.quarkus.narayana.jta.runtime.interceptor.TransactionalInterceptorBase.in
vokeInOurTx(TransactionalInterceptorBase.java:104)
	at io.quarkus.narayana.jta.runtime.interceptor.TransactionalInterceptorRequire
d.doIntercept(TransactionalInterceptorRequired.java:38)
	at io.quarkus.narayana.jta.runtime.interceptor.TransactionalInterceptorBase.in
tercept(TransactionalInterceptorBase.java:58)
	at io.quarkus.narayana.jta.runtime.interceptor.TransactionalInterceptorRequire
d.intercept(TransactionalInterceptorRequired.java:32)
	at io.quarkus.narayana.jta.runtime.interceptor.TransactionalInterceptorRequire
d_Bean.intercept(Unknown Source)
	at 
io.quarkus.arc.impl.InterceptorInvocation.invoke(InterceptorInvocation.java:42)
	at io.quarkus.arc.impl.AroundInvokeInvocationContext.perform(AroundInvokeInvoc
ationContext.java:41)
	at io.quarkus.arc.impl.InvocationContexts.performAroundInvoke(InvocationContex
ts.java:33)
	at com.example.resource.ProductResource_Subclass.create(Unknown Source)
	at jdk.internal.reflect.GeneratedMethodAccessor223.invoke(Unknown Source)
	at java.base/jdk.internal.reflect.DelegatingMethodAccessorImpl.invoke(Delegati
ngMethodAccessorImpl.java:43)
	at java.base/java.lang.reflect.Method.invoke(Method.java:568)
	at 
org.jboss.resteasy.core.MethodInjectorImpl.invoke(MethodInjectorImpl.java:170)
	at 
org.jboss.resteasy.core.MethodInjectorImpl.invoke(MethodInjectorImpl.java:130)
	at org.jboss.resteasy.core.ResourceMethodInvoker.internalInvokeOnTarget(Resour
ceMethodInvoker.java:660)
	at org.jboss.resteasy.core.ResourceMethodInvoker.invokeOnTargetAfterFilter(Res
ourceMethodInvoker.java:524)
	at org.jboss.resteasy.core.ResourceMethodInvoker.lambda$invokeOnTarget$2(Resou
rceMethodInvoker.java:474)
	at org.jboss.resteasy.core.interception.jaxrs.PreMatchContainerRequestContext.
filter(PreMatchContainerRequestContext.java:364)
	at org.jboss.resteasy.core.ResourceMethodInvoker.invokeOnTarget(ResourceMethod
Invoker.java:476)
	at org.jboss.resteasy.core.ResourceMethodInvoker.invoke(ResourceMethodInvoker.
java:434)
	at org.jboss.resteasy.core.ResourceMethodInvoker.invoke(ResourceMethodInvoker.
java:408)
	at org.jboss.resteasy.core.ResourceMethodInvoker.invoke(ResourceMethodInvoker.
java:69)
	at org.jboss.resteasy.core.SynchronousDispatcher.invoke(SynchronousDispatcher.
java:492)
	... 15 more
Caused by: org.hibernate.exception.ConstraintViolationException: could not 
execute statement
	at org.hibernate.exception.internal.SQLStateConversionDelegate.convert(SQLStat
eConversionDelegate.java:109)
	at org.hibernate.exception.internal.StandardSQLExceptionConverter.convert(Stan
dardSQLExceptionConverter.java:37)
	at org.hibernate.engine.jdbc.spi.SqlExceptionHelper.convert(SqlExceptionHelper
.java:113)
	at org.hibernate.engine.jdbc.spi.SqlExceptionHelper.convert(SqlExceptionHelper
.java:99)
	at org.hibernate.engine.jdbc.internal.ResultSetReturnImpl.executeUpdate(Result
SetReturnImpl.java:200)
	at org.hibernate.dialect.identity.GetGeneratedKeysDelegate.executeAndExtract(G
etGeneratedKeysDelegate.java:58)
	at org.hibernate.id.insert.AbstractReturningDelegate.performInsert(AbstractRet
urningDelegate.java:43)
	at org.hibernate.persister.entity.AbstractEntityPersister.insert(AbstractEntit
yPersister.java:3279)
	at org.hibernate.persister.entity.AbstractEntityPersister.insert(AbstractEntit
yPersister.java:3914)
	at org.hibernate.action.internal.EntityIdentityInsertAction.execute(EntityIden
tityInsertAction.java:84)
	at org.hibernate.engine.spi.ActionQueue.execute(ActionQueue.java:645)
	at org.hibernate.engine.spi.ActionQueue.addResolvedEntityInsertAction(ActionQu
eue.java:282)
	at org.hibernate.engine.spi.ActionQueue.addInsertAction(ActionQueue.java:263)
	at org.hibernate.engine.spi.ActionQueue.addAction(ActionQueue.java:317)
	at org.hibernate.event.internal.AbstractSaveEventListener.addInsertAction(Abst
ractSaveEventListener.java:329)
	at org.hibernate.event.internal.AbstractSaveEventListener.performSaveOrReplica
te(AbstractSaveEventListener.java:286)
	at org.hibernate.event.internal.AbstractSaveEventListener.performSave(Abstract
SaveEventListener.java:192)
	at org.hibernate.event.internal.AbstractSaveEventListener.saveWithGeneratedId(
AbstractSaveEventListener.java:122)
	at org.hibernate.event.internal.DefaultPersistEventListener.entityIsTransient(
DefaultPersistEventListener.java:185)
	at org.hibernate.event.internal.DefaultPersistEventListener.onPersist(DefaultP
ersistEventListener.java:128)
	at org.hibernate.event.internal.DefaultPersistEventListener.onPersist(DefaultP
ersistEventListener.java:55)
	at org.hibernate.event.service.internal.EventListenerGroupImpl.fireEventOnEach
Listener(EventListenerGroupImpl.java:107)
	at org.hibernate.internal.SessionImpl.firePersist(SessionImpl.java:756)
	... 51 more
Caused by: org.postgresql.util.PSQLException: ERRO: duplicar valor da chave 
viola a restriþÒo de unicidade "uk_h3w5r1mx6d0e5c6um32dgyjej"
  Detalhe: Chave (code)=(EXPENSIVE-001) jß existe.
	at org.postgresql.core.v3.QueryExecutorImpl.receiveErrorResponse(QueryExecutor
Impl.java:2676)
	at org.postgresql.core.v3.QueryExecutorImpl.processResults(QueryExecutorImpl.j
ava:2366)
	at 
org.postgresql.core.v3.QueryExecutorImpl.execute(QueryExecutorImpl.java:356)
	at org.postgresql.jdbc.PgStatement.executeInternal(PgStatement.java:496)
	at org.postgresql.jdbc.PgStatement.execute(PgStatement.java:413)
	at org.postgresql.jdbc.PgPreparedStatement.executeWithFlags(PgPreparedStatemen
t.java:190)
	at org.postgresql.jdbc.PgPreparedStatement.executeUpdate(PgPreparedStatement.j
ava:152)
	at io.agroal.pool.wrapper.PreparedStatementWrapper.executeUpdate(PreparedState
mentWrapper.java:88)
	at org.hibernate.engine.jdbc.internal.ResultSetReturnImpl.executeUpdate(Result
SetReturnImpl.java:197)
	... 69 more

fev. 08, 2026 8:15:31 PM org.hibernate.engine.jdbc.spi.SqlExceptionHelper 
logExceptions
WARN: SQL Error: 0, SQLState: 23505
fev. 08, 2026 8:15:31 PM org.hibernate.engine.jdbc.spi.SqlExceptionHelper 
logExceptions
ERROR: ERRO: duplicar valor da chave viola a restriþÒo de unicidade 
"uk_h3w5r1mx6d0e5c6um32dgyjej"
  Detalhe: Chave (code)=(MINIMAL-001) jß existe.
fev. 08, 2026 8:15:31 PM io.quarkus.vertx.http.runtime.QuarkusErrorHandler 
handle
ERROR: HTTP Request to /products failed, error id: 
1219e6c1-bfc5-4ef5-a0ec-05f438119002-19
org.jboss.resteasy.spi.UnhandledException: 
javax.persistence.PersistenceException: 
org.hibernate.exception.ConstraintViolationException: could not execute 
statement
	at org.jboss.resteasy.core.ExceptionHandler.handleApplicationException(Excepti
onHandler.java:105)
	at org.jboss.resteasy.core.ExceptionHandler.handleException(ExceptionHandler.j
ava:359)
	at org.jboss.resteasy.core.SynchronousDispatcher.writeException(SynchronousDis
patcher.java:218)
	at org.jboss.resteasy.core.SynchronousDispatcher.invoke(SynchronousDispatcher.
java:519)
	at org.jboss.resteasy.core.SynchronousDispatcher.lambda$invoke$4(SynchronousDi
spatcher.java:261)
	at org.jboss.resteasy.core.SynchronousDispatcher.lambda$preprocess$0(Synchrono
usDispatcher.java:161)
	at org.jboss.resteasy.core.interception.jaxrs.PreMatchContainerRequestContext.
filter(PreMatchContainerRequestContext.java:364)
	at org.jboss.resteasy.core.SynchronousDispatcher.preprocess(SynchronousDispatc
her.java:164)
	at org.jboss.resteasy.core.SynchronousDispatcher.invoke(SynchronousDispatcher.
java:247)
	at io.quarkus.resteasy.runtime.standalone.RequestDispatcher.service(RequestDis
patcher.java:82)
	at io.quarkus.resteasy.runtime.standalone.VertxRequestHandler.dispatch(VertxRe
questHandler.java:147)
	at io.quarkus.resteasy.runtime.standalone.VertxRequestHandler$1.run(VertxReque
stHandler.java:93)
	at io.quarkus.vertx.core.runtime.VertxCoreRecorder$14.runWith(VertxCoreRecorde
r.java:576)
	at org.jboss.threads.EnhancedQueueExecutor$Task.run(EnhancedQueueExecutor.java
:2449)
	at org.jboss.threads.EnhancedQueueExecutor$ThreadBody.run(EnhancedQueueExecuto
r.java:1478)
	at org.jboss.threads.DelegatingRunnable.run(DelegatingRunnable.java:29)
	at org.jboss.threads.ThreadLocalResettingRunnable.run(ThreadLocalResettingRunn
able.java:29)
	at io.netty.util.concurrent.FastThreadLocalRunnable.run(FastThreadLocalRunnabl
e.java:30)
	at java.base/java.lang.Thread.run(Thread.java:842)
Caused by: javax.persistence.PersistenceException: 
org.hibernate.exception.ConstraintViolationException: could not execute 
statement
	at org.hibernate.internal.ExceptionConverterImpl.convert(ExceptionConverterImp
l.java:154)
	at org.hibernate.internal.ExceptionConverterImpl.convert(ExceptionConverterImp
l.java:181)
	at org.hibernate.internal.ExceptionConverterImpl.convert(ExceptionConverterImp
l.java:188)
	at org.hibernate.internal.SessionImpl.firePersist(SessionImpl.java:762)
	at org.hibernate.internal.SessionImpl.persist(SessionImpl.java:742)
	at io.quarkus.hibernate.orm.runtime.session.TransactionScopedSession.persist(T
ransactionScopedSession.java:144)
	at org.hibernate.engine.spi.SessionLazyDelegator.persist(SessionLazyDelegator.
java:241)
	at org.hibernate.Session_5b93bee577ae2f8d76647de04cfab36afbf52958_Synthetic_Cl
ientProxy.persist(Unknown Source)
	at io.quarkus.hibernate.orm.panache.common.runtime.AbstractJpaOperations.persi
st(AbstractJpaOperations.java:101)
	at io.quarkus.hibernate.orm.panache.common.runtime.AbstractJpaOperations.persi
st(AbstractJpaOperations.java:96)
	at io.quarkus.hibernate.orm.panache.PanacheRepositoryBase.persist(PanacheRepos
itoryBase.java:54)
	at com.example.repository.ProductRepository_ClientProxy.persist(Unknown 
Source)
	at com.example.resource.ProductResource.create(ProductResource.java:26)
	at 
com.example.resource.ProductResource_Subclass.create$$superforward1(Unknown 
Source)
	at com.example.resource.ProductResource_Subclass$$function$$1.apply(Unknown 
Source)
	at io.quarkus.arc.impl.AroundInvokeInvocationContext.proceed(AroundInvokeInvoc
ationContext.java:54)
	at io.quarkus.narayana.jta.runtime.interceptor.TransactionalInterceptorBase.in
vokeInOurTx(TransactionalInterceptorBase.java:133)
	at io.quarkus.narayana.jta.runtime.interceptor.TransactionalInterceptorBase.in
vokeInOurTx(TransactionalInterceptorBase.java:104)
	at io.quarkus.narayana.jta.runtime.interceptor.TransactionalInterceptorRequire
d.doIntercept(TransactionalInterceptorRequired.java:38)
	at io.quarkus.narayana.jta.runtime.interceptor.TransactionalInterceptorBase.in
tercept(TransactionalInterceptorBase.java:58)
	at io.quarkus.narayana.jta.runtime.interceptor.TransactionalInterceptorRequire
d.intercept(TransactionalInterceptorRequired.java:32)
	at io.quarkus.narayana.jta.runtime.interceptor.TransactionalInterceptorRequire
d_Bean.intercept(Unknown Source)
	at 
io.quarkus.arc.impl.InterceptorInvocation.invoke(InterceptorInvocation.java:42)
	at io.quarkus.arc.impl.AroundInvokeInvocationContext.perform(AroundInvokeInvoc
ationContext.java:41)
	at io.quarkus.arc.impl.InvocationContexts.performAroundInvoke(InvocationContex
ts.java:33)
	at com.example.resource.ProductResource_Subclass.create(Unknown Source)
	at jdk.internal.reflect.GeneratedMethodAccessor223.invoke(Unknown Source)
	at java.base/jdk.internal.reflect.DelegatingMethodAccessorImpl.invoke(Delegati
ngMethodAccessorImpl.java:43)
	at java.base/java.lang.reflect.Method.invoke(Method.java:568)
	at 
org.jboss.resteasy.core.MethodInjectorImpl.invoke(MethodInjectorImpl.java:170)
	at 
org.jboss.resteasy.core.MethodInjectorImpl.invoke(MethodInjectorImpl.java:130)
	at org.jboss.resteasy.core.ResourceMethodInvoker.internalInvokeOnTarget(Resour
ceMethodInvoker.java:660)
	at org.jboss.resteasy.core.ResourceMethodInvoker.invokeOnTargetAfterFilter(Res
ourceMethodInvoker.java:524)
	at org.jboss.resteasy.core.ResourceMethodInvoker.lambda$invokeOnTarget$2(Resou
rceMethodInvoker.java:474)
	at org.jboss.resteasy.core.interception.jaxrs.PreMatchContainerRequestContext.
filter(PreMatchContainerRequestContext.java:364)
	at org.jboss.resteasy.core.ResourceMethodInvoker.invokeOnTarget(ResourceMethod
Invoker.java:476)
	at org.jboss.resteasy.core.ResourceMethodInvoker.invoke(ResourceMethodInvoker.
java:434)
	at org.jboss.resteasy.core.ResourceMethodInvoker.invoke(ResourceMethodInvoker.
java:408)
	at org.jboss.resteasy.core.ResourceMethodInvoker.invoke(ResourceMethodInvoker.
java:69)
	at org.jboss.resteasy.core.SynchronousDispatcher.invoke(SynchronousDispatcher.
java:492)
	... 15 more
Caused by: org.hibernate.exception.ConstraintViolationException: could not 
execute statement
	at org.hibernate.exception.internal.SQLStateConversionDelegate.convert(SQLStat
eConversionDelegate.java:109)
	at org.hibernate.exception.internal.StandardSQLExceptionConverter.convert(Stan
dardSQLExceptionConverter.java:37)
	at org.hibernate.engine.jdbc.spi.SqlExceptionHelper.convert(SqlExceptionHelper
.java:113)
	at org.hibernate.engine.jdbc.spi.SqlExceptionHelper.convert(SqlExceptionHelper
.java:99)
	at org.hibernate.engine.jdbc.internal.ResultSetReturnImpl.executeUpdate(Result
SetReturnImpl.java:200)
	at org.hibernate.dialect.identity.GetGeneratedKeysDelegate.executeAndExtract(G
etGeneratedKeysDelegate.java:58)
	at org.hibernate.id.insert.AbstractReturningDelegate.performInsert(AbstractRet
urningDelegate.java:43)
	at org.hibernate.persister.entity.AbstractEntityPersister.insert(AbstractEntit
yPersister.java:3279)
	at org.hibernate.persister.entity.AbstractEntityPersister.insert(AbstractEntit
yPersister.java:3914)
	at org.hibernate.action.internal.EntityIdentityInsertAction.execute(EntityIden
tityInsertAction.java:84)
	at org.hibernate.engine.spi.ActionQueue.execute(ActionQueue.java:645)
	at org.hibernate.engine.spi.ActionQueue.addResolvedEntityInsertAction(ActionQu
eue.java:282)
	at org.hibernate.engine.spi.ActionQueue.addInsertAction(ActionQueue.java:263)
	at org.hibernate.engine.spi.ActionQueue.addAction(ActionQueue.java:317)
	at org.hibernate.event.internal.AbstractSaveEventListener.addInsertAction(Abst
ractSaveEventListener.java:329)
	at org.hibernate.event.internal.AbstractSaveEventListener.performSaveOrReplica
te(AbstractSaveEventListener.java:286)
	at org.hibernate.event.internal.AbstractSaveEventListener.performSave(Abstract
SaveEventListener.java:192)
	at org.hibernate.event.internal.AbstractSaveEventListener.saveWithGeneratedId(
AbstractSaveEventListener.java:122)
	at org.hibernate.event.internal.DefaultPersistEventListener.entityIsTransient(
DefaultPersistEventListener.java:185)
	at org.hibernate.event.internal.DefaultPersistEventListener.onPersist(DefaultP
ersistEventListener.java:128)
	at org.hibernate.event.internal.DefaultPersistEventListener.onPersist(DefaultP
ersistEventListener.java:55)
	at org.hibernate.event.service.internal.EventListenerGroupImpl.fireEventOnEach
Listener(EventListenerGroupImpl.java:107)
	at org.hibernate.internal.SessionImpl.firePersist(SessionImpl.java:756)
	... 51 more
Caused by: org.postgresql.util.PSQLException: ERRO: duplicar valor da chave 
viola a restriþÒo de unicidade "uk_h3w5r1mx6d0e5c6um32dgyjej"
  Detalhe: Chave (code)=(MINIMAL-001) jß existe.
	at org.postgresql.core.v3.QueryExecutorImpl.receiveErrorResponse(QueryExecutor
Impl.java:2676)
	at org.postgresql.core.v3.QueryExecutorImpl.processResults(QueryExecutorImpl.j
ava:2366)
	at 
org.postgresql.core.v3.QueryExecutorImpl.execute(QueryExecutorImpl.java:356)
	at org.postgresql.jdbc.PgStatement.executeInternal(PgStatement.java:496)
	at org.postgresql.jdbc.PgStatement.execute(PgStatement.java:413)
	at org.postgresql.jdbc.PgPreparedStatement.executeWithFlags(PgPreparedStatemen
t.java:190)
	at org.postgresql.jdbc.PgPreparedStatement.executeUpdate(PgPreparedStatement.j
ava:152)
	at io.agroal.pool.wrapper.PreparedStatementWrapper.executeUpdate(PreparedState
mentWrapper.java:88)
	at org.hibernate.engine.jdbc.internal.ResultSetReturnImpl.executeUpdate(Result
SetReturnImpl.java:197)
	... 69 more

fev. 08, 2026 8:15:31 PM org.hibernate.engine.jdbc.spi.SqlExceptionHelper 
logExceptions
WARN: SQL Error: 0, SQLState: 23505
fev. 08, 2026 8:15:31 PM org.hibernate.engine.jdbc.spi.SqlExceptionHelper 
logExceptions
ERROR: ERRO: duplicar valor da chave viola a restriþÒo de unicidade 
"uk_h3w5r1mx6d0e5c6um32dgyjej"
  Detalhe: Chave (code)=(PROD-TEST-001) jß existe.
fev. 08, 2026 8:15:31 PM io.quarkus.vertx.http.runtime.QuarkusErrorHandler 
handle
ERROR: HTTP Request to /products failed, error id: 
1219e6c1-bfc5-4ef5-a0ec-05f438119002-20
org.jboss.resteasy.spi.UnhandledException: 
javax.persistence.PersistenceException: 
org.hibernate.exception.ConstraintViolationException: could not execute 
statement
	at org.jboss.resteasy.core.ExceptionHandler.handleApplicationException(Excepti
onHandler.java:105)
	at org.jboss.resteasy.core.ExceptionHandler.handleException(ExceptionHandler.j
ava:359)
	at org.jboss.resteasy.core.SynchronousDispatcher.writeException(SynchronousDis
patcher.java:218)
	at org.jboss.resteasy.core.SynchronousDispatcher.invoke(SynchronousDispatcher.
java:519)
	at org.jboss.resteasy.core.SynchronousDispatcher.lambda$invoke$4(SynchronousDi
spatcher.java:261)
	at org.jboss.resteasy.core.SynchronousDispatcher.lambda$preprocess$0(Synchrono
usDispatcher.java:161)
	at org.jboss.resteasy.core.interception.jaxrs.PreMatchContainerRequestContext.
filter(PreMatchContainerRequestContext.java:364)
	at org.jboss.resteasy.core.SynchronousDispatcher.preprocess(SynchronousDispatc
her.java:164)
	at org.jboss.resteasy.core.SynchronousDispatcher.invoke(SynchronousDispatcher.
java:247)
	at io.quarkus.resteasy.runtime.standalone.RequestDispatcher.service(RequestDis
patcher.java:82)
	at io.quarkus.resteasy.runtime.standalone.VertxRequestHandler.dispatch(VertxRe
questHandler.java:147)
	at io.quarkus.resteasy.runtime.standalone.VertxRequestHandler$1.run(VertxReque
stHandler.java:93)
	at io.quarkus.vertx.core.runtime.VertxCoreRecorder$14.runWith(VertxCoreRecorde
r.java:576)
	at org.jboss.threads.EnhancedQueueExecutor$Task.run(EnhancedQueueExecutor.java
:2449)
	at org.jboss.threads.EnhancedQueueExecutor$ThreadBody.run(EnhancedQueueExecuto
r.java:1478)
	at org.jboss.threads.DelegatingRunnable.run(DelegatingRunnable.java:29)
	at org.jboss.threads.ThreadLocalResettingRunnable.run(ThreadLocalResettingRunn
able.java:29)
	at io.netty.util.concurrent.FastThreadLocalRunnable.run(FastThreadLocalRunnabl
e.java:30)
	at java.base/java.lang.Thread.run(Thread.java:842)
Caused by: javax.persistence.PersistenceException: 
org.hibernate.exception.ConstraintViolationException: could not execute 
statement
	at org.hibernate.internal.ExceptionConverterImpl.convert(ExceptionConverterImp
l.java:154)
	at org.hibernate.internal.ExceptionConverterImpl.convert(ExceptionConverterImp
l.java:181)
	at org.hibernate.internal.ExceptionConverterImpl.convert(ExceptionConverterImp
l.java:188)
	at org.hibernate.internal.SessionImpl.firePersist(SessionImpl.java:762)
	at org.hibernate.internal.SessionImpl.persist(SessionImpl.java:742)
	at io.quarkus.hibernate.orm.runtime.session.TransactionScopedSession.persist(T
ransactionScopedSession.java:144)
	at org.hibernate.engine.spi.SessionLazyDelegator.persist(SessionLazyDelegator.
java:241)
	at org.hibernate.Session_5b93bee577ae2f8d76647de04cfab36afbf52958_Synthetic_Cl
ientProxy.persist(Unknown Source)
	at io.quarkus.hibernate.orm.panache.common.runtime.AbstractJpaOperations.persi
st(AbstractJpaOperations.java:101)
	at io.quarkus.hibernate.orm.panache.common.runtime.AbstractJpaOperations.persi
st(AbstractJpaOperations.java:96)
	at io.quarkus.hibernate.orm.panache.PanacheRepositoryBase.persist(PanacheRepos
itoryBase.java:54)
	at com.example.repository.ProductRepository_ClientProxy.persist(Unknown 
Source)
	at com.example.resource.ProductResource.create(ProductResource.java:26)
	at 
com.example.resource.ProductResource_Subclass.create$$superforward1(Unknown 
Source)
	at com.example.resource.ProductResource_Subclass$$function$$1.apply(Unknown 
Source)
	at io.quarkus.arc.impl.AroundInvokeInvocationContext.proceed(AroundInvokeInvoc
ationContext.java:54)
	at io.quarkus.narayana.jta.runtime.interceptor.TransactionalInterceptorBase.in
vokeInOurTx(TransactionalInterceptorBase.java:133)
	at io.quarkus.narayana.jta.runtime.interceptor.TransactionalInterceptorBase.in
vokeInOurTx(TransactionalInterceptorBase.java:104)
	at io.quarkus.narayana.jta.runtime.interceptor.TransactionalInterceptorRequire
d.doIntercept(TransactionalInterceptorRequired.java:38)
	at io.quarkus.narayana.jta.runtime.interceptor.TransactionalInterceptorBase.in
tercept(TransactionalInterceptorBase.java:58)
	at io.quarkus.narayana.jta.runtime.interceptor.TransactionalInterceptorRequire
d.intercept(TransactionalInterceptorRequired.java:32)
	at io.quarkus.narayana.jta.runtime.interceptor.TransactionalInterceptorRequire
d_Bean.intercept(Unknown Source)
	at 
io.quarkus.arc.impl.InterceptorInvocation.invoke(InterceptorInvocation.java:42)
	at io.quarkus.arc.impl.AroundInvokeInvocationContext.perform(AroundInvokeInvoc
ationContext.java:41)
	at io.quarkus.arc.impl.InvocationContexts.performAroundInvoke(InvocationContex
ts.java:33)
	at com.example.resource.ProductResource_Subclass.create(Unknown Source)
	at jdk.internal.reflect.GeneratedMethodAccessor223.invoke(Unknown Source)
	at java.base/jdk.internal.reflect.DelegatingMethodAccessorImpl.invoke(Delegati
ngMethodAccessorImpl.java:43)
	at java.base/java.lang.reflect.Method.invoke(Method.java:568)
	at 
org.jboss.resteasy.core.MethodInjectorImpl.invoke(MethodInjectorImpl.java:170)
	at 
org.jboss.resteasy.core.MethodInjectorImpl.invoke(MethodInjectorImpl.java:130)
	at org.jboss.resteasy.core.ResourceMethodInvoker.internalInvokeOnTarget(Resour
ceMethodInvoker.java:660)
	at org.jboss.resteasy.core.ResourceMethodInvoker.invokeOnTargetAfterFilter(Res
ourceMethodInvoker.java:524)
	at org.jboss.resteasy.core.ResourceMethodInvoker.lambda$invokeOnTarget$2(Resou
rceMethodInvoker.java:474)
	at org.jboss.resteasy.core.interception.jaxrs.PreMatchContainerRequestContext.
filter(PreMatchContainerRequestContext.java:364)
	at org.jboss.resteasy.core.ResourceMethodInvoker.invokeOnTarget(ResourceMethod
Invoker.java:476)
	at org.jboss.resteasy.core.ResourceMethodInvoker.invoke(ResourceMethodInvoker.
java:434)
	at org.jboss.resteasy.core.ResourceMethodInvoker.invoke(ResourceMethodInvoker.
java:408)
	at org.jboss.resteasy.core.ResourceMethodInvoker.invoke(ResourceMethodInvoker.
java:69)
	at org.jboss.resteasy.core.SynchronousDispatcher.invoke(SynchronousDispatcher.
java:492)
	... 15 more
Caused by: org.hibernate.exception.ConstraintViolationException: could not 
execute statement
	at org.hibernate.exception.internal.SQLStateConversionDelegate.convert(SQLStat
eConversionDelegate.java:109)
	at org.hibernate.exception.internal.StandardSQLExceptionConverter.convert(Stan
dardSQLExceptionConverter.java:37)
	at org.hibernate.engine.jdbc.spi.SqlExceptionHelper.convert(SqlExceptionHelper
.java:113)
	at org.hibernate.engine.jdbc.spi.SqlExceptionHelper.convert(SqlExceptionHelper
.java:99)
	at org.hibernate.engine.jdbc.internal.ResultSetReturnImpl.executeUpdate(Result
SetReturnImpl.java:200)
	at org.hibernate.dialect.identity.GetGeneratedKeysDelegate.executeAndExtract(G
etGeneratedKeysDelegate.java:58)
	at org.hibernate.id.insert.AbstractReturningDelegate.performInsert(AbstractRet
urningDelegate.java:43)
	at org.hibernate.persister.entity.AbstractEntityPersister.insert(AbstractEntit
yPersister.java:3279)
	at org.hibernate.persister.entity.AbstractEntityPersister.insert(AbstractEntit
yPersister.java:3914)
	at org.hibernate.action.internal.EntityIdentityInsertAction.execute(EntityIden
tityInsertAction.java:84)
	at org.hibernate.engine.spi.ActionQueue.execute(ActionQueue.java:645)
	at org.hibernate.engine.spi.ActionQueue.addResolvedEntityInsertAction(ActionQu
eue.java:282)
	at org.hibernate.engine.spi.ActionQueue.addInsertAction(ActionQueue.java:263)
	at org.hibernate.engine.spi.ActionQueue.addAction(ActionQueue.java:317)
	at org.hibernate.event.internal.AbstractSaveEventListener.addInsertAction(Abst
ractSaveEventListener.java:329)
	at org.hibernate.event.internal.AbstractSaveEventListener.performSaveOrReplica
te(AbstractSaveEventListener.java:286)
	at org.hibernate.event.internal.AbstractSaveEventListener.performSave(Abstract
SaveEventListener.java:192)
	at org.hibernate.event.internal.AbstractSaveEventListener.saveWithGeneratedId(
AbstractSaveEventListener.java:122)
	at org.hibernate.event.internal.DefaultPersistEventListener.entityIsTransient(
DefaultPersistEventListener.java:185)
	at org.hibernate.event.internal.DefaultPersistEventListener.onPersist(DefaultP
ersistEventListener.java:128)
	at org.hibernate.event.internal.DefaultPersistEventListener.onPersist(DefaultP
ersistEventListener.java:55)
	at org.hibernate.event.service.internal.EventListenerGroupImpl.fireEventOnEach
Listener(EventListenerGroupImpl.java:107)
	at org.hibernate.internal.SessionImpl.firePersist(SessionImpl.java:756)
	... 51 more
Caused by: org.postgresql.util.PSQLException: ERRO: duplicar valor da chave 
viola a restriþÒo de unicidade "uk_h3w5r1mx6d0e5c6um32dgyjej"
  Detalhe: Chave (code)=(PROD-TEST-001) jß existe.
	at org.postgresql.core.v3.QueryExecutorImpl.receiveErrorResponse(QueryExecutor
Impl.java:2676)
	at org.postgresql.core.v3.QueryExecutorImpl.processResults(QueryExecutorImpl.j
ava:2366)
	at 
org.postgresql.core.v3.QueryExecutorImpl.execute(QueryExecutorImpl.java:356)
	at org.postgresql.jdbc.PgStatement.executeInternal(PgStatement.java:496)
	at org.postgresql.jdbc.PgStatement.execute(PgStatement.java:413)
	at org.postgresql.jdbc.PgPreparedStatement.executeWithFlags(PgPreparedStatemen
t.java:190)
	at org.postgresql.jdbc.PgPreparedStatement.executeUpdate(PgPreparedStatement.j
ava:152)
	at io.agroal.pool.wrapper.PreparedStatementWrapper.executeUpdate(PreparedState
mentWrapper.java:88)
	at org.hibernate.engine.jdbc.internal.ResultSetReturnImpl.executeUpdate(Result
SetReturnImpl.java:197)
	... 69 more

fev. 08, 2026 8:15:31 PM org.hibernate.engine.jdbc.spi.SqlExceptionHelper 
logExceptions
WARN: SQL Error: 0, SQLState: 23505
fev. 08, 2026 8:15:31 PM org.hibernate.engine.jdbc.spi.SqlExceptionHelper 
logExceptions
ERROR: ERRO: duplicar valor da chave viola a restriþÒo de unicidade 
"uk_h3w5r1mx6d0e5c6um32dgyjej"
  Detalhe: Chave (code)=(ZERO-QTY-001) jß existe.
fev. 08, 2026 8:15:31 PM io.quarkus.vertx.http.runtime.QuarkusErrorHandler 
handle
ERROR: HTTP Request to /products failed, error id: 
1219e6c1-bfc5-4ef5-a0ec-05f438119002-21
org.jboss.resteasy.spi.UnhandledException: 
javax.persistence.PersistenceException: 
org.hibernate.exception.ConstraintViolationException: could not execute 
statement
	at org.jboss.resteasy.core.ExceptionHandler.handleApplicationException(Excepti
onHandler.java:105)
	at org.jboss.resteasy.core.ExceptionHandler.handleException(ExceptionHandler.j
ava:359)
	at org.jboss.resteasy.core.SynchronousDispatcher.writeException(SynchronousDis
patcher.java:218)
	at org.jboss.resteasy.core.SynchronousDispatcher.invoke(SynchronousDispatcher.
java:519)
	at org.jboss.resteasy.core.SynchronousDispatcher.lambda$invoke$4(SynchronousDi
spatcher.java:261)
	at org.jboss.resteasy.core.SynchronousDispatcher.lambda$preprocess$0(Synchrono
usDispatcher.java:161)
	at org.jboss.resteasy.core.interception.jaxrs.PreMatchContainerRequestContext.
filter(PreMatchContainerRequestContext.java:364)
	at org.jboss.resteasy.core.SynchronousDispatcher.preprocess(SynchronousDispatc
her.java:164)
	at org.jboss.resteasy.core.SynchronousDispatcher.invoke(SynchronousDispatcher.
java:247)
	at io.quarkus.resteasy.runtime.standalone.RequestDispatcher.service(RequestDis
patcher.java:82)
	at io.quarkus.resteasy.runtime.standalone.VertxRequestHandler.dispatch(VertxRe
questHandler.java:147)
	at io.quarkus.resteasy.runtime.standalone.VertxRequestHandler$1.run(VertxReque
stHandler.java:93)
	at io.quarkus.vertx.core.runtime.VertxCoreRecorder$14.runWith(VertxCoreRecorde
r.java:576)
	at org.jboss.threads.EnhancedQueueExecutor$Task.run(EnhancedQueueExecutor.java
:2449)
	at org.jboss.threads.EnhancedQueueExecutor$ThreadBody.run(EnhancedQueueExecuto
r.java:1478)
	at org.jboss.threads.DelegatingRunnable.run(DelegatingRunnable.java:29)
	at org.jboss.threads.ThreadLocalResettingRunnable.run(ThreadLocalResettingRunn
able.java:29)
	at io.netty.util.concurrent.FastThreadLocalRunnable.run(FastThreadLocalRunnabl
e.java:30)
	at java.base/java.lang.Thread.run(Thread.java:842)
Caused by: javax.persistence.PersistenceException: 
org.hibernate.exception.ConstraintViolationException: could not execute 
statement
	at org.hibernate.internal.ExceptionConverterImpl.convert(ExceptionConverterImp
l.java:154)
	at org.hibernate.internal.ExceptionConverterImpl.convert(ExceptionConverterImp
l.java:181)
	at org.hibernate.internal.ExceptionConverterImpl.convert(ExceptionConverterImp
l.java:188)
	at org.hibernate.internal.SessionImpl.firePersist(SessionImpl.java:762)
	at org.hibernate.internal.SessionImpl.persist(SessionImpl.java:742)
	at io.quarkus.hibernate.orm.runtime.session.TransactionScopedSession.persist(T
ransactionScopedSession.java:144)
	at org.hibernate.engine.spi.SessionLazyDelegator.persist(SessionLazyDelegator.
java:241)
	at org.hibernate.Session_5b93bee577ae2f8d76647de04cfab36afbf52958_Synthetic_Cl
ientProxy.persist(Unknown Source)
	at io.quarkus.hibernate.orm.panache.common.runtime.AbstractJpaOperations.persi
st(AbstractJpaOperations.java:101)
	at io.quarkus.hibernate.orm.panache.common.runtime.AbstractJpaOperations.persi
st(AbstractJpaOperations.java:96)
	at io.quarkus.hibernate.orm.panache.PanacheRepositoryBase.persist(PanacheRepos
itoryBase.java:54)
	at com.example.repository.ProductRepository_ClientProxy.persist(Unknown 
Source)
	at com.example.resource.ProductResource.create(ProductResource.java:26)
	at 
com.example.resource.ProductResource_Subclass.create$$superforward1(Unknown 
Source)
	at com.example.resource.ProductResource_Subclass$$function$$1.apply(Unknown 
Source)
	at io.quarkus.arc.impl.AroundInvokeInvocationContext.proceed(AroundInvokeInvoc
ationContext.java:54)
	at io.quarkus.narayana.jta.runtime.interceptor.TransactionalInterceptorBase.in
vokeInOurTx(TransactionalInterceptorBase.java:133)
	at io.quarkus.narayana.jta.runtime.interceptor.TransactionalInterceptorBase.in
vokeInOurTx(TransactionalInterceptorBase.java:104)
	at io.quarkus.narayana.jta.runtime.interceptor.TransactionalInterceptorRequire
d.doIntercept(TransactionalInterceptorRequired.java:38)
	at io.quarkus.narayana.jta.runtime.interceptor.TransactionalInterceptorBase.in
tercept(TransactionalInterceptorBase.java:58)
	at io.quarkus.narayana.jta.runtime.interceptor.TransactionalInterceptorRequire
d.intercept(TransactionalInterceptorRequired.java:32)
	at io.quarkus.narayana.jta.runtime.interceptor.TransactionalInterceptorRequire
d_Bean.intercept(Unknown Source)
	at 
io.quarkus.arc.impl.InterceptorInvocation.invoke(InterceptorInvocation.java:42)
	at io.quarkus.arc.impl.AroundInvokeInvocationContext.perform(AroundInvokeInvoc
ationContext.java:41)
	at io.quarkus.arc.impl.InvocationContexts.performAroundInvoke(InvocationContex
ts.java:33)
	at com.example.resource.ProductResource_Subclass.create(Unknown Source)
	at jdk.internal.reflect.GeneratedMethodAccessor223.invoke(Unknown Source)
	at java.base/jdk.internal.reflect.DelegatingMethodAccessorImpl.invoke(Delegati
ngMethodAccessorImpl.java:43)
	at java.base/java.lang.reflect.Method.invoke(Method.java:568)
	at 
org.jboss.resteasy.core.MethodInjectorImpl.invoke(MethodInjectorImpl.java:170)
	at 
org.jboss.resteasy.core.MethodInjectorImpl.invoke(MethodInjectorImpl.java:130)
	at org.jboss.resteasy.core.ResourceMethodInvoker.internalInvokeOnTarget(Resour
ceMethodInvoker.java:660)
	at org.jboss.resteasy.core.ResourceMethodInvoker.invokeOnTargetAfterFilter(Res
ourceMethodInvoker.java:524)
	at org.jboss.resteasy.core.ResourceMethodInvoker.lambda$invokeOnTarget$2(Resou
rceMethodInvoker.java:474)
	at org.jboss.resteasy.core.interception.jaxrs.PreMatchContainerRequestContext.
filter(PreMatchContainerRequestContext.java:364)
	at org.jboss.resteasy.core.ResourceMethodInvoker.invokeOnTarget(ResourceMethod
Invoker.java:476)
	at org.jboss.resteasy.core.ResourceMethodInvoker.invoke(ResourceMethodInvoker.
java:434)
	at org.jboss.resteasy.core.ResourceMethodInvoker.invoke(ResourceMethodInvoker.
java:408)
	at org.jboss.resteasy.core.ResourceMethodInvoker.invoke(ResourceMethodInvoker.
java:69)
	at org.jboss.resteasy.core.SynchronousDispatcher.invoke(SynchronousDispatcher.
java:492)
	... 15 more
Caused by: org.hibernate.exception.ConstraintViolationException: could not 
execute statement
	at org.hibernate.exception.internal.SQLStateConversionDelegate.convert(SQLStat
eConversionDelegate.java:109)
	at org.hibernate.exception.internal.StandardSQLExceptionConverter.convert(Stan
dardSQLExceptionConverter.java:37)
	at org.hibernate.engine.jdbc.spi.SqlExceptionHelper.convert(SqlExceptionHelper
.java:113)
	at org.hibernate.engine.jdbc.spi.SqlExceptionHelper.convert(SqlExceptionHelper
.java:99)
	at org.hibernate.engine.jdbc.internal.ResultSetReturnImpl.executeUpdate(Result
SetReturnImpl.java:200)
	at org.hibernate.dialect.identity.GetGeneratedKeysDelegate.executeAndExtract(G
etGeneratedKeysDelegate.java:58)
	at org.hibernate.id.insert.AbstractReturningDelegate.performInsert(AbstractRet
urningDelegate.java:43)
	at org.hibernate.persister.entity.AbstractEntityPersister.insert(AbstractEntit
yPersister.java:3279)
	at org.hibernate.persister.entity.AbstractEntityPersister.insert(AbstractEntit
yPersister.java:3914)
	at org.hibernate.action.internal.EntityIdentityInsertAction.execute(EntityIden
tityInsertAction.java:84)
	at org.hibernate.engine.spi.ActionQueue.execute(ActionQueue.java:645)
	at org.hibernate.engine.spi.ActionQueue.addResolvedEntityInsertAction(ActionQu
eue.java:282)
	at org.hibernate.engine.spi.ActionQueue.addInsertAction(ActionQueue.java:263)
	at org.hibernate.engine.spi.ActionQueue.addAction(ActionQueue.java:317)
	at org.hibernate.event.internal.AbstractSaveEventListener.addInsertAction(Abst
ractSaveEventListener.java:329)
	at org.hibernate.event.internal.AbstractSaveEventListener.performSaveOrReplica
te(AbstractSaveEventListener.java:286)
	at org.hibernate.event.internal.AbstractSaveEventListener.performSave(Abstract
SaveEventListener.java:192)
	at org.hibernate.event.internal.AbstractSaveEventListener.saveWithGeneratedId(
AbstractSaveEventListener.java:122)
	at org.hibernate.event.internal.DefaultPersistEventListener.entityIsTransient(
DefaultPersistEventListener.java:185)
	at org.hibernate.event.internal.DefaultPersistEventListener.onPersist(DefaultP
ersistEventListener.java:128)
	at org.hibernate.event.internal.DefaultPersistEventListener.onPersist(DefaultP
ersistEventListener.java:55)
	at org.hibernate.event.service.internal.EventListenerGroupImpl.fireEventOnEach
Listener(EventListenerGroupImpl.java:107)
	at org.hibernate.internal.SessionImpl.firePersist(SessionImpl.java:756)
	... 51 more
Caused by: org.postgresql.util.PSQLException: ERRO: duplicar valor da chave 
viola a restriþÒo de unicidade "uk_h3w5r1mx6d0e5c6um32dgyjej"
  Detalhe: Chave (code)=(ZERO-QTY-001) jß existe.
	at org.postgresql.core.v3.QueryExecutorImpl.receiveErrorResponse(QueryExecutor
Impl.java:2676)
	at org.postgresql.core.v3.QueryExecutorImpl.processResults(QueryExecutorImpl.j
ava:2366)
	at 
org.postgresql.core.v3.QueryExecutorImpl.execute(QueryExecutorImpl.java:356)
	at org.postgresql.jdbc.PgStatement.executeInternal(PgStatement.java:496)
	at org.postgresql.jdbc.PgStatement.execute(PgStatement.java:413)
	at org.postgresql.jdbc.PgPreparedStatement.executeWithFlags(PgPreparedStatemen
t.java:190)
	at org.postgresql.jdbc.PgPreparedStatement.executeUpdate(PgPreparedStatement.j
ava:152)
	at io.agroal.pool.wrapper.PreparedStatementWrapper.executeUpdate(PreparedState
mentWrapper.java:88)
	at org.hibernate.engine.jdbc.internal.ResultSetReturnImpl.executeUpdate(Result
SetReturnImpl.java:197)
	... 69 more

fev. 08, 2026 8:15:31 PM org.hibernate.engine.jdbc.spi.SqlExceptionHelper 
logExceptions
WARN: SQL Error: 0, SQLState: 23505
fev. 08, 2026 8:15:31 PM org.hibernate.engine.jdbc.spi.SqlExceptionHelper 
logExceptions
ERROR: ERRO: duplicar valor da chave viola a restriþÒo de unicidade 
"uk_h3w5r1mx6d0e5c6um32dgyjej"
  Detalhe: Chave (code)=(CONCURRENT-0) jß existe.
fev. 08, 2026 8:15:31 PM io.quarkus.vertx.http.runtime.QuarkusErrorHandler 
handle
ERROR: HTTP Request to /products failed, error id: 
1219e6c1-bfc5-4ef5-a0ec-05f438119002-22
org.jboss.resteasy.spi.UnhandledException: 
javax.persistence.PersistenceException: 
org.hibernate.exception.ConstraintViolationException: could not execute 
statement
	at org.jboss.resteasy.core.ExceptionHandler.handleApplicationException(Excepti
onHandler.java:105)
	at org.jboss.resteasy.core.ExceptionHandler.handleException(ExceptionHandler.j
ava:359)
	at org.jboss.resteasy.core.SynchronousDispatcher.writeException(SynchronousDis
patcher.java:218)
	at org.jboss.resteasy.core.SynchronousDispatcher.invoke(SynchronousDispatcher.
java:519)
	at org.jboss.resteasy.core.SynchronousDispatcher.lambda$invoke$4(SynchronousDi
spatcher.java:261)
	at org.jboss.resteasy.core.SynchronousDispatcher.lambda$preprocess$0(Synchrono
usDispatcher.java:161)
	at org.jboss.resteasy.core.interception.jaxrs.PreMatchContainerRequestContext.
filter(PreMatchContainerRequestContext.java:364)
	at org.jboss.resteasy.core.SynchronousDispatcher.preprocess(SynchronousDispatc
her.java:164)
	at org.jboss.resteasy.core.SynchronousDispatcher.invoke(SynchronousDispatcher.
java:247)
	at io.quarkus.resteasy.runtime.standalone.RequestDispatcher.service(RequestDis
patcher.java:82)
	at io.quarkus.resteasy.runtime.standalone.VertxRequestHandler.dispatch(VertxRe
questHandler.java:147)
	at io.quarkus.resteasy.runtime.standalone.VertxRequestHandler$1.run(VertxReque
stHandler.java:93)
	at io.quarkus.vertx.core.runtime.VertxCoreRecorder$14.runWith(VertxCoreRecorde
r.java:576)
	at org.jboss.threads.EnhancedQueueExecutor$Task.run(EnhancedQueueExecutor.java
:2449)
	at org.jboss.threads.EnhancedQueueExecutor$ThreadBody.run(EnhancedQueueExecuto
r.java:1478)
	at org.jboss.threads.DelegatingRunnable.run(DelegatingRunnable.java:29)
	at org.jboss.threads.ThreadLocalResettingRunnable.run(ThreadLocalResettingRunn
able.java:29)
	at io.netty.util.concurrent.FastThreadLocalRunnable.run(FastThreadLocalRunnabl
e.java:30)
	at java.base/java.lang.Thread.run(Thread.java:842)
Caused by: javax.persistence.PersistenceException: 
org.hibernate.exception.ConstraintViolationException: could not execute 
statement
	at org.hibernate.internal.ExceptionConverterImpl.convert(ExceptionConverterImp
l.java:154)
	at org.hibernate.internal.ExceptionConverterImpl.convert(ExceptionConverterImp
l.java:181)
	at org.hibernate.internal.ExceptionConverterImpl.convert(ExceptionConverterImp
l.java:188)
	at org.hibernate.internal.SessionImpl.firePersist(SessionImpl.java:762)
	at org.hibernate.internal.SessionImpl.persist(SessionImpl.java:742)
	at io.quarkus.hibernate.orm.runtime.session.TransactionScopedSession.persist(T
ransactionScopedSession.java:144)
	at org.hibernate.engine.spi.SessionLazyDelegator.persist(SessionLazyDelegator.
java:241)
	at org.hibernate.Session_5b93bee577ae2f8d76647de04cfab36afbf52958_Synthetic_Cl
ientProxy.persist(Unknown Source)
	at io.quarkus.hibernate.orm.panache.common.runtime.AbstractJpaOperations.persi
st(AbstractJpaOperations.java:101)
	at io.quarkus.hibernate.orm.panache.common.runtime.AbstractJpaOperations.persi
st(AbstractJpaOperations.java:96)
	at io.quarkus.hibernate.orm.panache.PanacheRepositoryBase.persist(PanacheRepos
itoryBase.java:54)
	at com.example.repository.ProductRepository_ClientProxy.persist(Unknown 
Source)
	at com.example.resource.ProductResource.create(ProductResource.java:26)
	at 
com.example.resource.ProductResource_Subclass.create$$superforward1(Unknown 
Source)
	at com.example.resource.ProductResource_Subclass$$function$$1.apply(Unknown 
Source)
	at io.quarkus.arc.impl.AroundInvokeInvocationContext.proceed(AroundInvokeInvoc
ationContext.java:54)
	at io.quarkus.narayana.jta.runtime.interceptor.TransactionalInterceptorBase.in
vokeInOurTx(TransactionalInterceptorBase.java:133)
	at io.quarkus.narayana.jta.runtime.interceptor.TransactionalInterceptorBase.in
vokeInOurTx(TransactionalInterceptorBase.java:104)
	at io.quarkus.narayana.jta.runtime.interceptor.TransactionalInterceptorRequire
d.doIntercept(TransactionalInterceptorRequired.java:38)
	at io.quarkus.narayana.jta.runtime.interceptor.TransactionalInterceptorBase.in
tercept(TransactionalInterceptorBase.java:58)
	at io.quarkus.narayana.jta.runtime.interceptor.TransactionalInterceptorRequire
d.intercept(TransactionalInterceptorRequired.java:32)
	at io.quarkus.narayana.jta.runtime.interceptor.TransactionalInterceptorRequire
d_Bean.intercept(Unknown Source)
	at 
io.quarkus.arc.impl.InterceptorInvocation.invoke(InterceptorInvocation.java:42)
	at io.quarkus.arc.impl.AroundInvokeInvocationContext.perform(AroundInvokeInvoc
ationContext.java:41)
	at io.quarkus.arc.impl.InvocationContexts.performAroundInvoke(InvocationContex
ts.java:33)
	at com.example.resource.ProductResource_Subclass.create(Unknown Source)
	at jdk.internal.reflect.GeneratedMethodAccessor223.invoke(Unknown Source)
	at java.base/jdk.internal.reflect.DelegatingMethodAccessorImpl.invoke(Delegati
ngMethodAccessorImpl.java:43)
	at java.base/java.lang.reflect.Method.invoke(Method.java:568)
	at 
org.jboss.resteasy.core.MethodInjectorImpl.invoke(MethodInjectorImpl.java:170)
	at 
org.jboss.resteasy.core.MethodInjectorImpl.invoke(MethodInjectorImpl.java:130)
	at org.jboss.resteasy.core.ResourceMethodInvoker.internalInvokeOnTarget(Resour
ceMethodInvoker.java:660)
	at org.jboss.resteasy.core.ResourceMethodInvoker.invokeOnTargetAfterFilter(Res
ourceMethodInvoker.java:524)
	at org.jboss.resteasy.core.ResourceMethodInvoker.lambda$invokeOnTarget$2(Resou
rceMethodInvoker.java:474)
	at org.jboss.resteasy.core.interception.jaxrs.PreMatchContainerRequestContext.
filter(PreMatchContainerRequestContext.java:364)
	at org.jboss.resteasy.core.ResourceMethodInvoker.invokeOnTarget(ResourceMethod
Invoker.java:476)
	at org.jboss.resteasy.core.ResourceMethodInvoker.invoke(ResourceMethodInvoker.
java:434)
	at org.jboss.resteasy.core.ResourceMethodInvoker.invoke(ResourceMethodInvoker.
java:408)
	at org.jboss.resteasy.core.ResourceMethodInvoker.invoke(ResourceMethodInvoker.
java:69)
	at org.jboss.resteasy.core.SynchronousDispatcher.invoke(SynchronousDispatcher.
java:492)
	... 15 more
Caused by: org.hibernate.exception.ConstraintViolationException: could not 
execute statement
	at org.hibernate.exception.internal.SQLStateConversionDelegate.convert(SQLStat
eConversionDelegate.java:109)
	at org.hibernate.exception.internal.StandardSQLExceptionConverter.convert(Stan
dardSQLExceptionConverter.java:37)
	at org.hibernate.engine.jdbc.spi.SqlExceptionHelper.convert(SqlExceptionHelper
.java:113)
	at org.hibernate.engine.jdbc.spi.SqlExceptionHelper.convert(SqlExceptionHelper
.java:99)
	at org.hibernate.engine.jdbc.internal.ResultSetReturnImpl.executeUpdate(Result
SetReturnImpl.java:200)
	at org.hibernate.dialect.identity.GetGeneratedKeysDelegate.executeAndExtract(G
etGeneratedKeysDelegate.java:58)
	at org.hibernate.id.insert.AbstractReturningDelegate.performInsert(AbstractRet
urningDelegate.java:43)
	at org.hibernate.persister.entity.AbstractEntityPersister.insert(AbstractEntit
yPersister.java:3279)
	at org.hibernate.persister.entity.AbstractEntityPersister.insert(AbstractEntit
yPersister.java:3914)
	at org.hibernate.action.internal.EntityIdentityInsertAction.execute(EntityIden
tityInsertAction.java:84)
	at org.hibernate.engine.spi.ActionQueue.execute(ActionQueue.java:645)
	at org.hibernate.engine.spi.ActionQueue.addResolvedEntityInsertAction(ActionQu
eue.java:282)
	at org.hibernate.engine.spi.ActionQueue.addInsertAction(ActionQueue.java:263)
	at org.hibernate.engine.spi.ActionQueue.addAction(ActionQueue.java:317)
	at org.hibernate.event.internal.AbstractSaveEventListener.addInsertAction(Abst
ractSaveEventListener.java:329)
	at org.hibernate.event.internal.AbstractSaveEventListener.performSaveOrReplica
te(AbstractSaveEventListener.java:286)
	at org.hibernate.event.internal.AbstractSaveEventListener.performSave(Abstract
SaveEventListener.java:192)
	at org.hibernate.event.internal.AbstractSaveEventListener.saveWithGeneratedId(
AbstractSaveEventListener.java:122)
	at org.hibernate.event.internal.DefaultPersistEventListener.entityIsTransient(
DefaultPersistEventListener.java:185)
	at org.hibernate.event.internal.DefaultPersistEventListener.onPersist(DefaultP
ersistEventListener.java:128)
	at org.hibernate.event.internal.DefaultPersistEventListener.onPersist(DefaultP
ersistEventListener.java:55)
	at org.hibernate.event.service.internal.EventListenerGroupImpl.fireEventOnEach
Listener(EventListenerGroupImpl.java:107)
	at org.hibernate.internal.SessionImpl.firePersist(SessionImpl.java:756)
	... 51 more
Caused by: org.postgresql.util.PSQLException: ERRO: duplicar valor da chave 
viola a restriþÒo de unicidade "uk_h3w5r1mx6d0e5c6um32dgyjej"
  Detalhe: Chave (code)=(CONCURRENT-0) jß existe.
	at org.postgresql.core.v3.QueryExecutorImpl.receiveErrorResponse(QueryExecutor
Impl.java:2676)
	at org.postgresql.core.v3.QueryExecutorImpl.processResults(QueryExecutorImpl.j
ava:2366)
	at 
org.postgresql.core.v3.QueryExecutorImpl.execute(QueryExecutorImpl.java:356)
	at org.postgresql.jdbc.PgStatement.executeInternal(PgStatement.java:496)
	at org.postgresql.jdbc.PgStatement.execute(PgStatement.java:413)
	at org.postgresql.jdbc.PgPreparedStatement.executeWithFlags(PgPreparedStatemen
t.java:190)
	at org.postgresql.jdbc.PgPreparedStatement.executeUpdate(PgPreparedStatement.j
ava:152)
	at io.agroal.pool.wrapper.PreparedStatementWrapper.executeUpdate(PreparedState
mentWrapper.java:88)
	at org.hibernate.engine.jdbc.internal.ResultSetReturnImpl.executeUpdate(Result
SetReturnImpl.java:197)
	... 69 more

fev. 08, 2026 8:15:31 PM org.hibernate.engine.jdbc.spi.SqlExceptionHelper 
logExceptions
WARN: SQL Error: 0, SQLState: 23505
fev. 08, 2026 8:15:31 PM org.hibernate.engine.jdbc.spi.SqlExceptionHelper 
logExceptions
ERROR: ERRO: duplicar valor da chave viola a restriþÒo de unicidade 
"uk_h3w5r1mx6d0e5c6um32dgyjej"
  Detalhe: Chave (code)=(CONCURRENT-1) jß existe.
fev. 08, 2026 8:15:31 PM io.quarkus.vertx.http.runtime.QuarkusErrorHandler 
handle
ERROR: HTTP Request to /products failed, error id: 
1219e6c1-bfc5-4ef5-a0ec-05f438119002-23
org.jboss.resteasy.spi.UnhandledException: 
javax.persistence.PersistenceException: 
org.hibernate.exception.ConstraintViolationException: could not execute 
statement
	at org.jboss.resteasy.core.ExceptionHandler.handleApplicationException(Excepti
onHandler.java:105)
	at org.jboss.resteasy.core.ExceptionHandler.handleException(ExceptionHandler.j
ava:359)
	at org.jboss.resteasy.core.SynchronousDispatcher.writeException(SynchronousDis
patcher.java:218)
	at org.jboss.resteasy.core.SynchronousDispatcher.invoke(SynchronousDispatcher.
java:519)
	at org.jboss.resteasy.core.SynchronousDispatcher.lambda$invoke$4(SynchronousDi
spatcher.java:261)
	at org.jboss.resteasy.core.SynchronousDispatcher.lambda$preprocess$0(Synchrono
usDispatcher.java:161)
	at org.jboss.resteasy.core.interception.jaxrs.PreMatchContainerRequestContext.
filter(PreMatchContainerRequestContext.java:364)
	at org.jboss.resteasy.core.SynchronousDispatcher.preprocess(SynchronousDispatc
her.java:164)
	at org.jboss.resteasy.core.SynchronousDispatcher.invoke(SynchronousDispatcher.
java:247)
	at io.quarkus.resteasy.runtime.standalone.RequestDispatcher.service(RequestDis
patcher.java:82)
	at io.quarkus.resteasy.runtime.standalone.VertxRequestHandler.dispatch(VertxRe
questHandler.java:147)
	at io.quarkus.resteasy.runtime.standalone.VertxRequestHandler$1.run(VertxReque
stHandler.java:93)
	at io.quarkus.vertx.core.runtime.VertxCoreRecorder$14.runWith(VertxCoreRecorde
r.java:576)
	at org.jboss.threads.EnhancedQueueExecutor$Task.run(EnhancedQueueExecutor.java
:2449)
	at org.jboss.threads.EnhancedQueueExecutor$ThreadBody.run(EnhancedQueueExecuto
r.java:1478)
	at org.jboss.threads.DelegatingRunnable.run(DelegatingRunnable.java:29)
	at org.jboss.threads.ThreadLocalResettingRunnable.run(ThreadLocalResettingRunn
able.java:29)
	at io.netty.util.concurrent.FastThreadLocalRunnable.run(FastThreadLocalRunnabl
e.java:30)
	at java.base/java.lang.Thread.run(Thread.java:842)
Caused by: javax.persistence.PersistenceException: 
org.hibernate.exception.ConstraintViolationException: could not execute 
statement
	at org.hibernate.internal.ExceptionConverterImpl.convert(ExceptionConverterImp
l.java:154)
	at org.hibernate.internal.ExceptionConverterImpl.convert(ExceptionConverterImp
l.java:181)
	at org.hibernate.internal.ExceptionConverterImpl.convert(ExceptionConverterImp
l.java:188)
	at org.hibernate.internal.SessionImpl.firePersist(SessionImpl.java:762)
	at org.hibernate.internal.SessionImpl.persist(SessionImpl.java:742)
	at io.quarkus.hibernate.orm.runtime.session.TransactionScopedSession.persist(T
ransactionScopedSession.java:144)
	at org.hibernate.engine.spi.SessionLazyDelegator.persist(SessionLazyDelegator.
java:241)
	at org.hibernate.Session_5b93bee577ae2f8d76647de04cfab36afbf52958_Synthetic_Cl
ientProxy.persist(Unknown Source)
	at io.quarkus.hibernate.orm.panache.common.runtime.AbstractJpaOperations.persi
st(AbstractJpaOperations.java:101)
	at io.quarkus.hibernate.orm.panache.common.runtime.AbstractJpaOperations.persi
st(AbstractJpaOperations.java:96)
	at io.quarkus.hibernate.orm.panache.PanacheRepositoryBase.persist(PanacheRepos
itoryBase.java:54)
	at com.example.repository.ProductRepository_ClientProxy.persist(Unknown 
Source)
	at com.example.resource.ProductResource.create(ProductResource.java:26)
	at 
com.example.resource.ProductResource_Subclass.create$$superforward1(Unknown 
Source)
	at com.example.resource.ProductResource_Subclass$$function$$1.apply(Unknown 
Source)
	at io.quarkus.arc.impl.AroundInvokeInvocationContext.proceed(AroundInvokeInvoc
ationContext.java:54)
	at io.quarkus.narayana.jta.runtime.interceptor.TransactionalInterceptorBase.in
vokeInOurTx(TransactionalInterceptorBase.java:133)
	at io.quarkus.narayana.jta.runtime.interceptor.TransactionalInterceptorBase.in
vokeInOurTx(TransactionalInterceptorBase.java:104)
	at io.quarkus.narayana.jta.runtime.interceptor.TransactionalInterceptorRequire
d.doIntercept(TransactionalInterceptorRequired.java:38)
	at io.quarkus.narayana.jta.runtime.interceptor.TransactionalInterceptorBase.in
tercept(TransactionalInterceptorBase.java:58)
	at io.quarkus.narayana.jta.runtime.interceptor.TransactionalInterceptorRequire
d.intercept(TransactionalInterceptorRequired.java:32)
	at io.quarkus.narayana.jta.runtime.interceptor.TransactionalInterceptorRequire
d_Bean.intercept(Unknown Source)
	at 
io.quarkus.arc.impl.InterceptorInvocation.invoke(InterceptorInvocation.java:42)
	at io.quarkus.arc.impl.AroundInvokeInvocationContext.perform(AroundInvokeInvoc
ationContext.java:41)
	at io.quarkus.arc.impl.InvocationContexts.performAroundInvoke(InvocationContex
ts.java:33)
	at com.example.resource.ProductResource_Subclass.create(Unknown Source)
	at jdk.internal.reflect.GeneratedMethodAccessor223.invoke(Unknown Source)
	at java.base/jdk.internal.reflect.DelegatingMethodAccessorImpl.invoke(Delegati
ngMethodAccessorImpl.java:43)
	at java.base/java.lang.reflect.Method.invoke(Method.java:568)
	at 
org.jboss.resteasy.core.MethodInjectorImpl.invoke(MethodInjectorImpl.java:170)
	at 
org.jboss.resteasy.core.MethodInjectorImpl.invoke(MethodInjectorImpl.java:130)
	at org.jboss.resteasy.core.ResourceMethodInvoker.internalInvokeOnTarget(Resour
ceMethodInvoker.java:660)
	at org.jboss.resteasy.core.ResourceMethodInvoker.invokeOnTargetAfterFilter(Res
ourceMethodInvoker.java:524)
	at org.jboss.resteasy.core.ResourceMethodInvoker.lambda$invokeOnTarget$2(Resou
rceMethodInvoker.java:474)
	at org.jboss.resteasy.core.interception.jaxrs.PreMatchContainerRequestContext.
filter(PreMatchContainerRequestContext.java:364)
	at org.jboss.resteasy.core.ResourceMethodInvoker.invokeOnTarget(ResourceMethod
Invoker.java:476)
	at org.jboss.resteasy.core.ResourceMethodInvoker.invoke(ResourceMethodInvoker.
java:434)
	at org.jboss.resteasy.core.ResourceMethodInvoker.invoke(ResourceMethodInvoker.
java:408)
	at org.jboss.resteasy.core.ResourceMethodInvoker.invoke(ResourceMethodInvoker.
java:69)
	at org.jboss.resteasy.core.SynchronousDispatcher.invoke(SynchronousDispatcher.
java:492)
	... 15 more
Caused by: org.hibernate.exception.ConstraintViolationException: could not 
execute statement
	at org.hibernate.exception.internal.SQLStateConversionDelegate.convert(SQLStat
eConversionDelegate.java:109)
	at org.hibernate.exception.internal.StandardSQLExceptionConverter.convert(Stan
dardSQLExceptionConverter.java:37)
	at org.hibernate.engine.jdbc.spi.SqlExceptionHelper.convert(SqlExceptionHelper
.java:113)
	at org.hibernate.engine.jdbc.spi.SqlExceptionHelper.convert(SqlExceptionHelper
.java:99)
	at org.hibernate.engine.jdbc.internal.ResultSetReturnImpl.executeUpdate(Result
SetReturnImpl.java:200)
	at org.hibernate.dialect.identity.GetGeneratedKeysDelegate.executeAndExtract(G
etGeneratedKeysDelegate.java:58)
	at org.hibernate.id.insert.AbstractReturningDelegate.performInsert(AbstractRet
urningDelegate.java:43)
	at org.hibernate.persister.entity.AbstractEntityPersister.insert(AbstractEntit
yPersister.java:3279)
	at org.hibernate.persister.entity.AbstractEntityPersister.insert(AbstractEntit
yPersister.java:3914)
	at org.hibernate.action.internal.EntityIdentityInsertAction.execute(EntityIden
tityInsertAction.java:84)
	at org.hibernate.engine.spi.ActionQueue.execute(ActionQueue.java:645)
	at org.hibernate.engine.spi.ActionQueue.addResolvedEntityInsertAction(ActionQu
eue.java:282)
	at org.hibernate.engine.spi.ActionQueue.addInsertAction(ActionQueue.java:263)
	at org.hibernate.engine.spi.ActionQueue.addAction(ActionQueue.java:317)
	at org.hibernate.event.internal.AbstractSaveEventListener.addInsertAction(Abst
ractSaveEventListener.java:329)
	at org.hibernate.event.internal.AbstractSaveEventListener.performSaveOrReplica
te(AbstractSaveEventListener.java:286)
	at org.hibernate.event.internal.AbstractSaveEventListener.performSave(Abstract
SaveEventListener.java:192)
	at org.hibernate.event.internal.AbstractSaveEventListener.saveWithGeneratedId(
AbstractSaveEventListener.java:122)
	at org.hibernate.event.internal.DefaultPersistEventListener.entityIsTransient(
DefaultPersistEventListener.java:185)
	at org.hibernate.event.internal.DefaultPersistEventListener.onPersist(DefaultP
ersistEventListener.java:128)
	at org.hibernate.event.internal.DefaultPersistEventListener.onPersist(DefaultP
ersistEventListener.java:55)
	at org.hibernate.event.service.internal.EventListenerGroupImpl.fireEventOnEach
Listener(EventListenerGroupImpl.java:107)
	at org.hibernate.internal.SessionImpl.firePersist(SessionImpl.java:756)
	... 51 more
Caused by: org.postgresql.util.PSQLException: ERRO: duplicar valor da chave 
viola a restriþÒo de unicidade "uk_h3w5r1mx6d0e5c6um32dgyjej"
  Detalhe: Chave (code)=(CONCURRENT-1) jß existe.
	at org.postgresql.core.v3.QueryExecutorImpl.receiveErrorResponse(QueryExecutor
Impl.java:2676)
	at org.postgresql.core.v3.QueryExecutorImpl.processResults(QueryExecutorImpl.j
ava:2366)
	at 
org.postgresql.core.v3.QueryExecutorImpl.execute(QueryExecutorImpl.java:356)
	at org.postgresql.jdbc.PgStatement.executeInternal(PgStatement.java:496)
	at org.postgresql.jdbc.PgStatement.execute(PgStatement.java:413)
	at org.postgresql.jdbc.PgPreparedStatement.executeWithFlags(PgPreparedStatemen
t.java:190)
	at org.postgresql.jdbc.PgPreparedStatement.executeUpdate(PgPreparedStatement.j
ava:152)
	at io.agroal.pool.wrapper.PreparedStatementWrapper.executeUpdate(PreparedState
mentWrapper.java:88)
	at org.hibernate.engine.jdbc.internal.ResultSetReturnImpl.executeUpdate(Result
SetReturnImpl.java:197)
	... 69 more

fev. 08, 2026 8:15:31 PM org.hibernate.engine.jdbc.spi.SqlExceptionHelper 
logExceptions
WARN: SQL Error: 0, SQLState: 23505
fev. 08, 2026 8:15:31 PM org.hibernate.engine.jdbc.spi.SqlExceptionHelper 
logExceptions
ERROR: ERRO: duplicar valor da chave viola a restriþÒo de unicidade 
"uk_h3w5r1mx6d0e5c6um32dgyjej"
  Detalhe: Chave (code)=(CONCURRENT-2) jß existe.
fev. 08, 2026 8:15:31 PM io.quarkus.vertx.http.runtime.QuarkusErrorHandler 
handle
ERROR: HTTP Request to /products failed, error id: 
1219e6c1-bfc5-4ef5-a0ec-05f438119002-24
org.jboss.resteasy.spi.UnhandledException: 
javax.persistence.PersistenceException: 
org.hibernate.exception.ConstraintViolationException: could not execute 
statement
	at org.jboss.resteasy.core.ExceptionHandler.handleApplicationException(Excepti
onHandler.java:105)
	at org.jboss.resteasy.core.ExceptionHandler.handleException(ExceptionHandler.j
ava:359)
	at org.jboss.resteasy.core.SynchronousDispatcher.writeException(SynchronousDis
patcher.java:218)
	at org.jboss.resteasy.core.SynchronousDispatcher.invoke(SynchronousDispatcher.
java:519)
	at org.jboss.resteasy.core.SynchronousDispatcher.lambda$invoke$4(SynchronousDi
spatcher.java:261)
	at org.jboss.resteasy.core.SynchronousDispatcher.lambda$preprocess$0(Synchrono
usDispatcher.java:161)
	at org.jboss.resteasy.core.interception.jaxrs.PreMatchContainerRequestContext.
filter(PreMatchContainerRequestContext.java:364)
	at org.jboss.resteasy.core.SynchronousDispatcher.preprocess(SynchronousDispatc
her.java:164)
	at org.jboss.resteasy.core.SynchronousDispatcher.invoke(SynchronousDispatcher.
java:247)
	at io.quarkus.resteasy.runtime.standalone.RequestDispatcher.service(RequestDis
patcher.java:82)
	at io.quarkus.resteasy.runtime.standalone.VertxRequestHandler.dispatch(VertxRe
questHandler.java:147)
	at io.quarkus.resteasy.runtime.standalone.VertxRequestHandler$1.run(VertxReque
stHandler.java:93)
	at io.quarkus.vertx.core.runtime.VertxCoreRecorder$14.runWith(VertxCoreRecorde
r.java:576)
	at org.jboss.threads.EnhancedQueueExecutor$Task.run(EnhancedQueueExecutor.java
:2449)
	at org.jboss.threads.EnhancedQueueExecutor$ThreadBody.run(EnhancedQueueExecuto
r.java:1478)
	at org.jboss.threads.DelegatingRunnable.run(DelegatingRunnable.java:29)
	at org.jboss.threads.ThreadLocalResettingRunnable.run(ThreadLocalResettingRunn
able.java:29)
	at io.netty.util.concurrent.FastThreadLocalRunnable.run(FastThreadLocalRunnabl
e.java:30)
	at java.base/java.lang.Thread.run(Thread.java:842)
Caused by: javax.persistence.PersistenceException: 
org.hibernate.exception.ConstraintViolationException: could not execute 
statement
	at org.hibernate.internal.ExceptionConverterImpl.convert(ExceptionConverterImp
l.java:154)
	at org.hibernate.internal.ExceptionConverterImpl.convert(ExceptionConverterImp
l.java:181)
	at org.hibernate.internal.ExceptionConverterImpl.convert(ExceptionConverterImp
l.java:188)
	at org.hibernate.internal.SessionImpl.firePersist(SessionImpl.java:762)
	at org.hibernate.internal.SessionImpl.persist(SessionImpl.java:742)
	at io.quarkus.hibernate.orm.runtime.session.TransactionScopedSession.persist(T
ransactionScopedSession.java:144)
	at org.hibernate.engine.spi.SessionLazyDelegator.persist(SessionLazyDelegator.
java:241)
	at org.hibernate.Session_5b93bee577ae2f8d76647de04cfab36afbf52958_Synthetic_Cl
ientProxy.persist(Unknown Source)
	at io.quarkus.hibernate.orm.panache.common.runtime.AbstractJpaOperations.persi
st(AbstractJpaOperations.java:101)
	at io.quarkus.hibernate.orm.panache.common.runtime.AbstractJpaOperations.persi
st(AbstractJpaOperations.java:96)
	at io.quarkus.hibernate.orm.panache.PanacheRepositoryBase.persist(PanacheRepos
itoryBase.java:54)
	at com.example.repository.ProductRepository_ClientProxy.persist(Unknown 
Source)
	at com.example.resource.ProductResource.create(ProductResource.java:26)
	at 
com.example.resource.ProductResource_Subclass.create$$superforward1(Unknown 
Source)
	at com.example.resource.ProductResource_Subclass$$function$$1.apply(Unknown 
Source)
	at io.quarkus.arc.impl.AroundInvokeInvocationContext.proceed(AroundInvokeInvoc
ationContext.java:54)
	at io.quarkus.narayana.jta.runtime.interceptor.TransactionalInterceptorBase.in
vokeInOurTx(TransactionalInterceptorBase.java:133)
	at io.quarkus.narayana.jta.runtime.interceptor.TransactionalInterceptorBase.in
vokeInOurTx(TransactionalInterceptorBase.java:104)
	at io.quarkus.narayana.jta.runtime.interceptor.TransactionalInterceptorRequire
d.doIntercept(TransactionalInterceptorRequired.java:38)
	at io.quarkus.narayana.jta.runtime.interceptor.TransactionalInterceptorBase.in
tercept(TransactionalInterceptorBase.java:58)
	at io.quarkus.narayana.jta.runtime.interceptor.TransactionalInterceptorRequire
d.intercept(TransactionalInterceptorRequired.java:32)
	at io.quarkus.narayana.jta.runtime.interceptor.TransactionalInterceptorRequire
d_Bean.intercept(Unknown Source)
	at 
io.quarkus.arc.impl.InterceptorInvocation.invoke(InterceptorInvocation.java:42)
	at io.quarkus.arc.impl.AroundInvokeInvocationContext.perform(AroundInvokeInvoc
ationContext.java:41)
	at io.quarkus.arc.impl.InvocationContexts.performAroundInvoke(InvocationContex
ts.java:33)
	at com.example.resource.ProductResource_Subclass.create(Unknown Source)
	at jdk.internal.reflect.GeneratedMethodAccessor223.invoke(Unknown Source)
	at java.base/jdk.internal.reflect.DelegatingMethodAccessorImpl.invoke(Delegati
ngMethodAccessorImpl.java:43)
	at java.base/java.lang.reflect.Method.invoke(Method.java:568)
	at 
org.jboss.resteasy.core.MethodInjectorImpl.invoke(MethodInjectorImpl.java:170)
	at 
org.jboss.resteasy.core.MethodInjectorImpl.invoke(MethodInjectorImpl.java:130)
	at org.jboss.resteasy.core.ResourceMethodInvoker.internalInvokeOnTarget(Resour
ceMethodInvoker.java:660)
	at org.jboss.resteasy.core.ResourceMethodInvoker.invokeOnTargetAfterFilter(Res
ourceMethodInvoker.java:524)
	at org.jboss.resteasy.core.ResourceMethodInvoker.lambda$invokeOnTarget$2(Resou
rceMethodInvoker.java:474)
	at org.jboss.resteasy.core.interception.jaxrs.PreMatchContainerRequestContext.
filter(PreMatchContainerRequestContext.java:364)
	at org.jboss.resteasy.core.ResourceMethodInvoker.invokeOnTarget(ResourceMethod
Invoker.java:476)
	at org.jboss.resteasy.core.ResourceMethodInvoker.invoke(ResourceMethodInvoker.
java:434)
	at org.jboss.resteasy.core.ResourceMethodInvoker.invoke(ResourceMethodInvoker.
java:408)
	at org.jboss.resteasy.core.ResourceMethodInvoker.invoke(ResourceMethodInvoker.
java:69)
	at org.jboss.resteasy.core.SynchronousDispatcher.invoke(SynchronousDispatcher.
java:492)
	... 15 more
Caused by: org.hibernate.exception.ConstraintViolationException: could not 
execute statement
	at org.hibernate.exception.internal.SQLStateConversionDelegate.convert(SQLStat
eConversionDelegate.java:109)
	at org.hibernate.exception.internal.StandardSQLExceptionConverter.convert(Stan
dardSQLExceptionConverter.java:37)
	at org.hibernate.engine.jdbc.spi.SqlExceptionHelper.convert(SqlExceptionHelper
.java:113)
	at org.hibernate.engine.jdbc.spi.SqlExceptionHelper.convert(SqlExceptionHelper
.java:99)
	at org.hibernate.engine.jdbc.internal.ResultSetReturnImpl.executeUpdate(Result
SetReturnImpl.java:200)
	at org.hibernate.dialect.identity.GetGeneratedKeysDelegate.executeAndExtract(G
etGeneratedKeysDelegate.java:58)
	at org.hibernate.id.insert.AbstractReturningDelegate.performInsert(AbstractRet
urningDelegate.java:43)
	at org.hibernate.persister.entity.AbstractEntityPersister.insert(AbstractEntit
yPersister.java:3279)
	at org.hibernate.persister.entity.AbstractEntityPersister.insert(AbstractEntit
yPersister.java:3914)
	at org.hibernate.action.internal.EntityIdentityInsertAction.execute(EntityIden
tityInsertAction.java:84)
	at org.hibernate.engine.spi.ActionQueue.execute(ActionQueue.java:645)
	at org.hibernate.engine.spi.ActionQueue.addResolvedEntityInsertAction(ActionQu
eue.java:282)
	at org.hibernate.engine.spi.ActionQueue.addInsertAction(ActionQueue.java:263)
	at org.hibernate.engine.spi.ActionQueue.addAction(ActionQueue.java:317)
	at org.hibernate.event.internal.AbstractSaveEventListener.addInsertAction(Abst
ractSaveEventListener.java:329)
	at org.hibernate.event.internal.AbstractSaveEventListener.performSaveOrReplica
te(AbstractSaveEventListener.java:286)
	at org.hibernate.event.internal.AbstractSaveEventListener.performSave(Abstract
SaveEventListener.java:192)
	at org.hibernate.event.internal.AbstractSaveEventListener.saveWithGeneratedId(
AbstractSaveEventListener.java:122)
	at org.hibernate.event.internal.DefaultPersistEventListener.entityIsTransient(
DefaultPersistEventListener.java:185)
	at org.hibernate.event.internal.DefaultPersistEventListener.onPersist(DefaultP
ersistEventListener.java:128)
	at org.hibernate.event.internal.DefaultPersistEventListener.onPersist(DefaultP
ersistEventListener.java:55)
	at org.hibernate.event.service.internal.EventListenerGroupImpl.fireEventOnEach
Listener(EventListenerGroupImpl.java:107)
	at org.hibernate.internal.SessionImpl.firePersist(SessionImpl.java:756)
	... 51 more
Caused by: org.postgresql.util.PSQLException: ERRO: duplicar valor da chave 
viola a restriþÒo de unicidade "uk_h3w5r1mx6d0e5c6um32dgyjej"
  Detalhe: Chave (code)=(CONCURRENT-2) jß existe.
	at org.postgresql.core.v3.QueryExecutorImpl.receiveErrorResponse(QueryExecutor
Impl.java:2676)
	at org.postgresql.core.v3.QueryExecutorImpl.processResults(QueryExecutorImpl.j
ava:2366)
	at 
org.postgresql.core.v3.QueryExecutorImpl.execute(QueryExecutorImpl.java:356)
	at org.postgresql.jdbc.PgStatement.executeInternal(PgStatement.java:496)
	at org.postgresql.jdbc.PgStatement.execute(PgStatement.java:413)
	at org.postgresql.jdbc.PgPreparedStatement.executeWithFlags(PgPreparedStatemen
t.java:190)
	at org.postgresql.jdbc.PgPreparedStatement.executeUpdate(PgPreparedStatement.j
ava:152)
	at io.agroal.pool.wrapper.PreparedStatementWrapper.executeUpdate(PreparedState
mentWrapper.java:88)
	at org.hibernate.engine.jdbc.internal.ResultSetReturnImpl.executeUpdate(Result
SetReturnImpl.java:197)
	... 69 more

fev. 08, 2026 8:15:31 PM org.hibernate.engine.jdbc.spi.SqlExceptionHelper 
logExceptions
WARN: SQL Error: 0, SQLState: 23505
fev. 08, 2026 8:15:31 PM org.hibernate.engine.jdbc.spi.SqlExceptionHelper 
logExceptions
ERROR: ERRO: duplicar valor da chave viola a restriþÒo de unicidade 
"uk_h3w5r1mx6d0e5c6um32dgyjej"
  Detalhe: Chave (code)=(CONCURRENT-3) jß existe.
fev. 08, 2026 8:15:31 PM io.quarkus.vertx.http.runtime.QuarkusErrorHandler 
handle
ERROR: HTTP Request to /products failed, error id: 
1219e6c1-bfc5-4ef5-a0ec-05f438119002-25
org.jboss.resteasy.spi.UnhandledException: 
javax.persistence.PersistenceException: 
org.hibernate.exception.ConstraintViolationException: could not execute 
statement
	at org.jboss.resteasy.core.ExceptionHandler.handleApplicationException(Excepti
onHandler.java:105)
	at org.jboss.resteasy.core.ExceptionHandler.handleException(ExceptionHandler.j
ava:359)
	at org.jboss.resteasy.core.SynchronousDispatcher.writeException(SynchronousDis
patcher.java:218)
	at org.jboss.resteasy.core.SynchronousDispatcher.invoke(SynchronousDispatcher.
java:519)
	at org.jboss.resteasy.core.SynchronousDispatcher.lambda$invoke$4(SynchronousDi
spatcher.java:261)
	at org.jboss.resteasy.core.SynchronousDispatcher.lambda$preprocess$0(Synchrono
usDispatcher.java:161)
	at org.jboss.resteasy.core.interception.jaxrs.PreMatchContainerRequestContext.
filter(PreMatchContainerRequestContext.java:364)
	at org.jboss.resteasy.core.SynchronousDispatcher.preprocess(SynchronousDispatc
her.java:164)
	at org.jboss.resteasy.core.SynchronousDispatcher.invoke(SynchronousDispatcher.
java:247)
	at io.quarkus.resteasy.runtime.standalone.RequestDispatcher.service(RequestDis
patcher.java:82)
	at io.quarkus.resteasy.runtime.standalone.VertxRequestHandler.dispatch(VertxRe
questHandler.java:147)
	at io.quarkus.resteasy.runtime.standalone.VertxRequestHandler$1.run(VertxReque
stHandler.java:93)
	at io.quarkus.vertx.core.runtime.VertxCoreRecorder$14.runWith(VertxCoreRecorde
r.java:576)
	at org.jboss.threads.EnhancedQueueExecutor$Task.run(EnhancedQueueExecutor.java
:2449)
	at org.jboss.threads.EnhancedQueueExecutor$ThreadBody.run(EnhancedQueueExecuto
r.java:1478)
	at org.jboss.threads.DelegatingRunnable.run(DelegatingRunnable.java:29)
	at org.jboss.threads.ThreadLocalResettingRunnable.run(ThreadLocalResettingRunn
able.java:29)
	at io.netty.util.concurrent.FastThreadLocalRunnable.run(FastThreadLocalRunnabl
e.java:30)
	at java.base/java.lang.Thread.run(Thread.java:842)
Caused by: javax.persistence.PersistenceException: 
org.hibernate.exception.ConstraintViolationException: could not execute 
statement
	at org.hibernate.internal.ExceptionConverterImpl.convert(ExceptionConverterImp
l.java:154)
	at org.hibernate.internal.ExceptionConverterImpl.convert(ExceptionConverterImp
l.java:181)
	at org.hibernate.internal.ExceptionConverterImpl.convert(ExceptionConverterImp
l.java:188)
	at org.hibernate.internal.SessionImpl.firePersist(SessionImpl.java:762)
	at org.hibernate.internal.SessionImpl.persist(SessionImpl.java:742)
	at io.quarkus.hibernate.orm.runtime.session.TransactionScopedSession.persist(T
ransactionScopedSession.java:144)
	at org.hibernate.engine.spi.SessionLazyDelegator.persist(SessionLazyDelegator.
java:241)
	at org.hibernate.Session_5b93bee577ae2f8d76647de04cfab36afbf52958_Synthetic_Cl
ientProxy.persist(Unknown Source)
	at io.quarkus.hibernate.orm.panache.common.runtime.AbstractJpaOperations.persi
st(AbstractJpaOperations.java:101)
	at io.quarkus.hibernate.orm.panache.common.runtime.AbstractJpaOperations.persi
st(AbstractJpaOperations.java:96)
	at io.quarkus.hibernate.orm.panache.PanacheRepositoryBase.persist(PanacheRepos
itoryBase.java:54)
	at com.example.repository.ProductRepository_ClientProxy.persist(Unknown 
Source)
	at com.example.resource.ProductResource.create(ProductResource.java:26)
	at 
com.example.resource.ProductResource_Subclass.create$$superforward1(Unknown 
Source)
	at com.example.resource.ProductResource_Subclass$$function$$1.apply(Unknown 
Source)
	at io.quarkus.arc.impl.AroundInvokeInvocationContext.proceed(AroundInvokeInvoc
ationContext.java:54)
	at io.quarkus.narayana.jta.runtime.interceptor.TransactionalInterceptorBase.in
vokeInOurTx(TransactionalInterceptorBase.java:133)
	at io.quarkus.narayana.jta.runtime.interceptor.TransactionalInterceptorBase.in
vokeInOurTx(TransactionalInterceptorBase.java:104)
	at io.quarkus.narayana.jta.runtime.interceptor.TransactionalInterceptorRequire
d.doIntercept(TransactionalInterceptorRequired.java:38)
	at io.quarkus.narayana.jta.runtime.interceptor.TransactionalInterceptorBase.in
tercept(TransactionalInterceptorBase.java:58)
	at io.quarkus.narayana.jta.runtime.interceptor.TransactionalInterceptorRequire
d.intercept(TransactionalInterceptorRequired.java:32)
	at io.quarkus.narayana.jta.runtime.interceptor.TransactionalInterceptorRequire
d_Bean.intercept(Unknown Source)
	at 
io.quarkus.arc.impl.InterceptorInvocation.invoke(InterceptorInvocation.java:42)
	at io.quarkus.arc.impl.AroundInvokeInvocationContext.perform(AroundInvokeInvoc
ationContext.java:41)
	at io.quarkus.arc.impl.InvocationContexts.performAroundInvoke(InvocationContex
ts.java:33)
	at com.example.resource.ProductResource_Subclass.create(Unknown Source)
	at jdk.internal.reflect.GeneratedMethodAccessor223.invoke(Unknown Source)
	at java.base/jdk.internal.reflect.DelegatingMethodAccessorImpl.invoke(Delegati
ngMethodAccessorImpl.java:43)
	at java.base/java.lang.reflect.Method.invoke(Method.java:568)
	at 
org.jboss.resteasy.core.MethodInjectorImpl.invoke(MethodInjectorImpl.java:170)
	at 
org.jboss.resteasy.core.MethodInjectorImpl.invoke(MethodInjectorImpl.java:130)
	at org.jboss.resteasy.core.ResourceMethodInvoker.internalInvokeOnTarget(Resour
ceMethodInvoker.java:660)
	at org.jboss.resteasy.core.ResourceMethodInvoker.invokeOnTargetAfterFilter(Res
ourceMethodInvoker.java:524)
	at org.jboss.resteasy.core.ResourceMethodInvoker.lambda$invokeOnTarget$2(Resou
rceMethodInvoker.java:474)
	at org.jboss.resteasy.core.interception.jaxrs.PreMatchContainerRequestContext.
filter(PreMatchContainerRequestContext.java:364)
	at org.jboss.resteasy.core.ResourceMethodInvoker.invokeOnTarget(ResourceMethod
Invoker.java:476)
	at org.jboss.resteasy.core.ResourceMethodInvoker.invoke(ResourceMethodInvoker.
java:434)
	at org.jboss.resteasy.core.ResourceMethodInvoker.invoke(ResourceMethodInvoker.
java:408)
	at org.jboss.resteasy.core.ResourceMethodInvoker.invoke(ResourceMethodInvoker.
java:69)
	at org.jboss.resteasy.core.SynchronousDispatcher.invoke(SynchronousDispatcher.
java:492)
	... 15 more
Caused by: org.hibernate.exception.ConstraintViolationException: could not 
execute statement
	at org.hibernate.exception.internal.SQLStateConversionDelegate.convert(SQLStat
eConversionDelegate.java:109)
	at org.hibernate.exception.internal.StandardSQLExceptionConverter.convert(Stan
dardSQLExceptionConverter.java:37)
	at org.hibernate.engine.jdbc.spi.SqlExceptionHelper.convert(SqlExceptionHelper
.java:113)
	at org.hibernate.engine.jdbc.spi.SqlExceptionHelper.convert(SqlExceptionHelper
.java:99)
	at org.hibernate.engine.jdbc.internal.ResultSetReturnImpl.executeUpdate(Result
SetReturnImpl.java:200)
	at org.hibernate.dialect.identity.GetGeneratedKeysDelegate.executeAndExtract(G
etGeneratedKeysDelegate.java:58)
	at org.hibernate.id.insert.AbstractReturningDelegate.performInsert(AbstractRet
urningDelegate.java:43)
	at org.hibernate.persister.entity.AbstractEntityPersister.insert(AbstractEntit
yPersister.java:3279)
	at org.hibernate.persister.entity.AbstractEntityPersister.insert(AbstractEntit
yPersister.java:3914)
	at org.hibernate.action.internal.EntityIdentityInsertAction.execute(EntityIden
tityInsertAction.java:84)
	at org.hibernate.engine.spi.ActionQueue.execute(ActionQueue.java:645)
	at org.hibernate.engine.spi.ActionQueue.addResolvedEntityInsertAction(ActionQu
eue.java:282)
	at org.hibernate.engine.spi.ActionQueue.addInsertAction(ActionQueue.java:263)
	at org.hibernate.engine.spi.ActionQueue.addAction(ActionQueue.java:317)
	at org.hibernate.event.internal.AbstractSaveEventListener.addInsertAction(Abst
ractSaveEventListener.java:329)
	at org.hibernate.event.internal.AbstractSaveEventListener.performSaveOrReplica
te(AbstractSaveEventListener.java:286)
	at org.hibernate.event.internal.AbstractSaveEventListener.performSave(Abstract
SaveEventListener.java:192)
	at org.hibernate.event.internal.AbstractSaveEventListener.saveWithGeneratedId(
AbstractSaveEventListener.java:122)
	at org.hibernate.event.internal.DefaultPersistEventListener.entityIsTransient(
DefaultPersistEventListener.java:185)
	at org.hibernate.event.internal.DefaultPersistEventListener.onPersist(DefaultP
ersistEventListener.java:128)
	at org.hibernate.event.internal.DefaultPersistEventListener.onPersist(DefaultP
ersistEventListener.java:55)
	at org.hibernate.event.service.internal.EventListenerGroupImpl.fireEventOnEach
Listener(EventListenerGroupImpl.java:107)
	at org.hibernate.internal.SessionImpl.firePersist(SessionImpl.java:756)
	... 51 more
Caused by: org.postgresql.util.PSQLException: ERRO: duplicar valor da chave 
viola a restriþÒo de unicidade "uk_h3w5r1mx6d0e5c6um32dgyjej"
  Detalhe: Chave (code)=(CONCURRENT-3) jß existe.
	at org.postgresql.core.v3.QueryExecutorImpl.receiveErrorResponse(QueryExecutor
Impl.java:2676)
	at org.postgresql.core.v3.QueryExecutorImpl.processResults(QueryExecutorImpl.j
ava:2366)
	at 
org.postgresql.core.v3.QueryExecutorImpl.execute(QueryExecutorImpl.java:356)
	at org.postgresql.jdbc.PgStatement.executeInternal(PgStatement.java:496)
	at org.postgresql.jdbc.PgStatement.execute(PgStatement.java:413)
	at org.postgresql.jdbc.PgPreparedStatement.executeWithFlags(PgPreparedStatemen
t.java:190)
	at org.postgresql.jdbc.PgPreparedStatement.executeUpdate(PgPreparedStatement.j
ava:152)
	at io.agroal.pool.wrapper.PreparedStatementWrapper.executeUpdate(PreparedState
mentWrapper.java:88)
	at org.hibernate.engine.jdbc.internal.ResultSetReturnImpl.executeUpdate(Result
SetReturnImpl.java:197)
	... 69 more

fev. 08, 2026 8:15:31 PM org.hibernate.engine.jdbc.spi.SqlExceptionHelper 
logExceptions
WARN: SQL Error: 0, SQLState: 23505
fev. 08, 2026 8:15:31 PM org.hibernate.engine.jdbc.spi.SqlExceptionHelper 
logExceptions
ERROR: ERRO: duplicar valor da chave viola a restriþÒo de unicidade 
"uk_h3w5r1mx6d0e5c6um32dgyjej"
  Detalhe: Chave (code)=(CONCURRENT-4) jß existe.
fev. 08, 2026 8:15:31 PM io.quarkus.vertx.http.runtime.QuarkusErrorHandler 
handle
ERROR: HTTP Request to /products failed, error id: 
1219e6c1-bfc5-4ef5-a0ec-05f438119002-26
org.jboss.resteasy.spi.UnhandledException: 
javax.persistence.PersistenceException: 
org.hibernate.exception.ConstraintViolationException: could not execute 
statement
	at org.jboss.resteasy.core.ExceptionHandler.handleApplicationException(Excepti
onHandler.java:105)
	at org.jboss.resteasy.core.ExceptionHandler.handleException(ExceptionHandler.j
ava:359)
	at org.jboss.resteasy.core.SynchronousDispatcher.writeException(SynchronousDis
patcher.java:218)
	at org.jboss.resteasy.core.SynchronousDispatcher.invoke(SynchronousDispatcher.
java:519)
	at org.jboss.resteasy.core.SynchronousDispatcher.lambda$invoke$4(SynchronousDi
spatcher.java:261)
	at org.jboss.resteasy.core.SynchronousDispatcher.lambda$preprocess$0(Synchrono
usDispatcher.java:161)
	at org.jboss.resteasy.core.interception.jaxrs.PreMatchContainerRequestContext.
filter(PreMatchContainerRequestContext.java:364)
	at org.jboss.resteasy.core.SynchronousDispatcher.preprocess(SynchronousDispatc
her.java:164)
	at org.jboss.resteasy.core.SynchronousDispatcher.invoke(SynchronousDispatcher.
java:247)
	at io.quarkus.resteasy.runtime.standalone.RequestDispatcher.service(RequestDis
patcher.java:82)
	at io.quarkus.resteasy.runtime.standalone.VertxRequestHandler.dispatch(VertxRe
questHandler.java:147)
	at io.quarkus.resteasy.runtime.standalone.VertxRequestHandler$1.run(VertxReque
stHandler.java:93)
	at io.quarkus.vertx.core.runtime.VertxCoreRecorder$14.runWith(VertxCoreRecorde
r.java:576)
	at org.jboss.threads.EnhancedQueueExecutor$Task.run(EnhancedQueueExecutor.java
:2449)
	at org.jboss.threads.EnhancedQueueExecutor$ThreadBody.run(EnhancedQueueExecuto
r.java:1478)
	at org.jboss.threads.DelegatingRunnable.run(DelegatingRunnable.java:29)
	at org.jboss.threads.ThreadLocalResettingRunnable.run(ThreadLocalResettingRunn
able.java:29)
	at io.netty.util.concurrent.FastThreadLocalRunnable.run(FastThreadLocalRunnabl
e.java:30)
	at java.base/java.lang.Thread.run(Thread.java:842)
Caused by: javax.persistence.PersistenceException: 
org.hibernate.exception.ConstraintViolationException: could not execute 
statement
	at org.hibernate.internal.ExceptionConverterImpl.convert(ExceptionConverterImp
l.java:154)
	at org.hibernate.internal.ExceptionConverterImpl.convert(ExceptionConverterImp
l.java:181)
	at org.hibernate.internal.ExceptionConverterImpl.convert(ExceptionConverterImp
l.java:188)
	at org.hibernate.internal.SessionImpl.firePersist(SessionImpl.java:762)
	at org.hibernate.internal.SessionImpl.persist(SessionImpl.java:742)
	at io.quarkus.hibernate.orm.runtime.session.TransactionScopedSession.persist(T
ransactionScopedSession.java:144)
	at org.hibernate.engine.spi.SessionLazyDelegator.persist(SessionLazyDelegator.
java:241)
	at org.hibernate.Session_5b93bee577ae2f8d76647de04cfab36afbf52958_Synthetic_Cl
ientProxy.persist(Unknown Source)
	at io.quarkus.hibernate.orm.panache.common.runtime.AbstractJpaOperations.persi
st(AbstractJpaOperations.java:101)
	at io.quarkus.hibernate.orm.panache.common.runtime.AbstractJpaOperations.persi
st(AbstractJpaOperations.java:96)
	at io.quarkus.hibernate.orm.panache.PanacheRepositoryBase.persist(PanacheRepos
itoryBase.java:54)
	at com.example.repository.ProductRepository_ClientProxy.persist(Unknown 
Source)
	at com.example.resource.ProductResource.create(ProductResource.java:26)
	at 
com.example.resource.ProductResource_Subclass.create$$superforward1(Unknown 
Source)
	at com.example.resource.ProductResource_Subclass$$function$$1.apply(Unknown 
Source)
	at io.quarkus.arc.impl.AroundInvokeInvocationContext.proceed(AroundInvokeInvoc
ationContext.java:54)
	at io.quarkus.narayana.jta.runtime.interceptor.TransactionalInterceptorBase.in
vokeInOurTx(TransactionalInterceptorBase.java:133)
	at io.quarkus.narayana.jta.runtime.interceptor.TransactionalInterceptorBase.in
vokeInOurTx(TransactionalInterceptorBase.java:104)
	at io.quarkus.narayana.jta.runtime.interceptor.TransactionalInterceptorRequire
d.doIntercept(TransactionalInterceptorRequired.java:38)
	at io.quarkus.narayana.jta.runtime.interceptor.TransactionalInterceptorBase.in
tercept(TransactionalInterceptorBase.java:58)
	at io.quarkus.narayana.jta.runtime.interceptor.TransactionalInterceptorRequire
d.intercept(TransactionalInterceptorRequired.java:32)
	at io.quarkus.narayana.jta.runtime.interceptor.TransactionalInterceptorRequire
d_Bean.intercept(Unknown Source)
	at 
io.quarkus.arc.impl.InterceptorInvocation.invoke(InterceptorInvocation.java:42)
	at io.quarkus.arc.impl.AroundInvokeInvocationContext.perform(AroundInvokeInvoc
ationContext.java:41)
	at io.quarkus.arc.impl.InvocationContexts.performAroundInvoke(InvocationContex
ts.java:33)
	at com.example.resource.ProductResource_Subclass.create(Unknown Source)
	at jdk.internal.reflect.GeneratedMethodAccessor223.invoke(Unknown Source)
	at java.base/jdk.internal.reflect.DelegatingMethodAccessorImpl.invoke(Delegati
ngMethodAccessorImpl.java:43)
	at java.base/java.lang.reflect.Method.invoke(Method.java:568)
	at 
org.jboss.resteasy.core.MethodInjectorImpl.invoke(MethodInjectorImpl.java:170)
	at 
org.jboss.resteasy.core.MethodInjectorImpl.invoke(MethodInjectorImpl.java:130)
	at org.jboss.resteasy.core.ResourceMethodInvoker.internalInvokeOnTarget(Resour
ceMethodInvoker.java:660)
	at org.jboss.resteasy.core.ResourceMethodInvoker.invokeOnTargetAfterFilter(Res
ourceMethodInvoker.java:524)
	at org.jboss.resteasy.core.ResourceMethodInvoker.lambda$invokeOnTarget$2(Resou
rceMethodInvoker.java:474)
	at org.jboss.resteasy.core.interception.jaxrs.PreMatchContainerRequestContext.
filter(PreMatchContainerRequestContext.java:364)
	at org.jboss.resteasy.core.ResourceMethodInvoker.invokeOnTarget(ResourceMethod
Invoker.java:476)
	at org.jboss.resteasy.core.ResourceMethodInvoker.invoke(ResourceMethodInvoker.
java:434)
	at org.jboss.resteasy.core.ResourceMethodInvoker.invoke(ResourceMethodInvoker.
java:408)
	at org.jboss.resteasy.core.ResourceMethodInvoker.invoke(ResourceMethodInvoker.
java:69)
	at org.jboss.resteasy.core.SynchronousDispatcher.invoke(SynchronousDispatcher.
java:492)
	... 15 more
Caused by: org.hibernate.exception.ConstraintViolationException: could not 
execute statement
	at org.hibernate.exception.internal.SQLStateConversionDelegate.convert(SQLStat
eConversionDelegate.java:109)
	at org.hibernate.exception.internal.StandardSQLExceptionConverter.convert(Stan
dardSQLExceptionConverter.java:37)
	at org.hibernate.engine.jdbc.spi.SqlExceptionHelper.convert(SqlExceptionHelper
.java:113)
	at org.hibernate.engine.jdbc.spi.SqlExceptionHelper.convert(SqlExceptionHelper
.java:99)
	at org.hibernate.engine.jdbc.internal.ResultSetReturnImpl.executeUpdate(Result
SetReturnImpl.java:200)
	at org.hibernate.dialect.identity.GetGeneratedKeysDelegate.executeAndExtract(G
etGeneratedKeysDelegate.java:58)
	at org.hibernate.id.insert.AbstractReturningDelegate.performInsert(AbstractRet
urningDelegate.java:43)
	at org.hibernate.persister.entity.AbstractEntityPersister.insert(AbstractEntit
yPersister.java:3279)
	at org.hibernate.persister.entity.AbstractEntityPersister.insert(AbstractEntit
yPersister.java:3914)
	at org.hibernate.action.internal.EntityIdentityInsertAction.execute(EntityIden
tityInsertAction.java:84)
	at org.hibernate.engine.spi.ActionQueue.execute(ActionQueue.java:645)
	at org.hibernate.engine.spi.ActionQueue.addResolvedEntityInsertAction(ActionQu
eue.java:282)
	at org.hibernate.engine.spi.ActionQueue.addInsertAction(ActionQueue.java:263)
	at org.hibernate.engine.spi.ActionQueue.addAction(ActionQueue.java:317)
	at org.hibernate.event.internal.AbstractSaveEventListener.addInsertAction(Abst
ractSaveEventListener.java:329)
	at org.hibernate.event.internal.AbstractSaveEventListener.performSaveOrReplica
te(AbstractSaveEventListener.java:286)
	at org.hibernate.event.internal.AbstractSaveEventListener.performSave(Abstract
SaveEventListener.java:192)
	at org.hibernate.event.internal.AbstractSaveEventListener.saveWithGeneratedId(
AbstractSaveEventListener.java:122)
	at org.hibernate.event.internal.DefaultPersistEventListener.entityIsTransient(
DefaultPersistEventListener.java:185)
	at org.hibernate.event.internal.DefaultPersistEventListener.onPersist(DefaultP
ersistEventListener.java:128)
	at org.hibernate.event.internal.DefaultPersistEventListener.onPersist(DefaultP
ersistEventListener.java:55)
	at org.hibernate.event.service.internal.EventListenerGroupImpl.fireEventOnEach
Listener(EventListenerGroupImpl.java:107)
	at org.hibernate.internal.SessionImpl.firePersist(SessionImpl.java:756)
	... 51 more
Caused by: org.postgresql.util.PSQLException: ERRO: duplicar valor da chave 
viola a restriþÒo de unicidade "uk_h3w5r1mx6d0e5c6um32dgyjej"
  Detalhe: Chave (code)=(CONCURRENT-4) jß existe.
	at org.postgresql.core.v3.QueryExecutorImpl.receiveErrorResponse(QueryExecutor
Impl.java:2676)
	at org.postgresql.core.v3.QueryExecutorImpl.processResults(QueryExecutorImpl.j
ava:2366)
	at 
org.postgresql.core.v3.QueryExecutorImpl.execute(QueryExecutorImpl.java:356)
	at org.postgresql.jdbc.PgStatement.executeInternal(PgStatement.java:496)
	at org.postgresql.jdbc.PgStatement.execute(PgStatement.java:413)
	at org.postgresql.jdbc.PgPreparedStatement.executeWithFlags(PgPreparedStatemen
t.java:190)
	at org.postgresql.jdbc.PgPreparedStatement.executeUpdate(PgPreparedStatement.j
ava:152)
	at io.agroal.pool.wrapper.PreparedStatementWrapper.executeUpdate(PreparedState
mentWrapper.java:88)
	at org.hibernate.engine.jdbc.internal.ResultSetReturnImpl.executeUpdate(Result
SetReturnImpl.java:197)
	... 69 more

fev. 08, 2026 8:15:31 PM org.hibernate.engine.jdbc.spi.SqlExceptionHelper 
logExceptions
WARN: SQL Error: 0, SQLState: 23505
fev. 08, 2026 8:15:31 PM org.hibernate.engine.jdbc.spi.SqlExceptionHelper 
logExceptions
ERROR: ERRO: duplicar valor da chave viola a restriþÒo de unicidade 
"uk_h3w5r1mx6d0e5c6um32dgyjej"
  Detalhe: Chave (code)=(LARGE-QTY-001) jß existe.
fev. 08, 2026 8:15:31 PM io.quarkus.vertx.http.runtime.QuarkusErrorHandler 
handle
ERROR: HTTP Request to /products failed, error id: 
1219e6c1-bfc5-4ef5-a0ec-05f438119002-27
org.jboss.resteasy.spi.UnhandledException: 
javax.persistence.PersistenceException: 
org.hibernate.exception.ConstraintViolationException: could not execute 
statement
	at org.jboss.resteasy.core.ExceptionHandler.handleApplicationException(Excepti
onHandler.java:105)
	at org.jboss.resteasy.core.ExceptionHandler.handleException(ExceptionHandler.j
ava:359)
	at org.jboss.resteasy.core.SynchronousDispatcher.writeException(SynchronousDis
patcher.java:218)
	at org.jboss.resteasy.core.SynchronousDispatcher.invoke(SynchronousDispatcher.
java:519)
	at org.jboss.resteasy.core.SynchronousDispatcher.lambda$invoke$4(SynchronousDi
spatcher.java:261)
	at org.jboss.resteasy.core.SynchronousDispatcher.lambda$preprocess$0(Synchrono
usDispatcher.java:161)
	at org.jboss.resteasy.core.interception.jaxrs.PreMatchContainerRequestContext.
filter(PreMatchContainerRequestContext.java:364)
	at org.jboss.resteasy.core.SynchronousDispatcher.preprocess(SynchronousDispatc
her.java:164)
	at org.jboss.resteasy.core.SynchronousDispatcher.invoke(SynchronousDispatcher.
java:247)
	at io.quarkus.resteasy.runtime.standalone.RequestDispatcher.service(RequestDis
patcher.java:82)
	at io.quarkus.resteasy.runtime.standalone.VertxRequestHandler.dispatch(VertxRe
questHandler.java:147)
	at io.quarkus.resteasy.runtime.standalone.VertxRequestHandler$1.run(VertxReque
stHandler.java:93)
	at io.quarkus.vertx.core.runtime.VertxCoreRecorder$14.runWith(VertxCoreRecorde
r.java:576)
	at org.jboss.threads.EnhancedQueueExecutor$Task.run(EnhancedQueueExecutor.java
:2449)
	at org.jboss.threads.EnhancedQueueExecutor$ThreadBody.run(EnhancedQueueExecuto
r.java:1478)
	at org.jboss.threads.DelegatingRunnable.run(DelegatingRunnable.java:29)
	at org.jboss.threads.ThreadLocalResettingRunnable.run(ThreadLocalResettingRunn
able.java:29)
	at io.netty.util.concurrent.FastThreadLocalRunnable.run(FastThreadLocalRunnabl
e.java:30)
	at java.base/java.lang.Thread.run(Thread.java:842)
Caused by: javax.persistence.PersistenceException: 
org.hibernate.exception.ConstraintViolationException: could not execute 
statement
	at org.hibernate.internal.ExceptionConverterImpl.convert(ExceptionConverterImp
l.java:154)
	at org.hibernate.internal.ExceptionConverterImpl.convert(ExceptionConverterImp
l.java:181)
	at org.hibernate.internal.ExceptionConverterImpl.convert(ExceptionConverterImp
l.java:188)
	at org.hibernate.internal.SessionImpl.firePersist(SessionImpl.java:762)
	at org.hibernate.internal.SessionImpl.persist(SessionImpl.java:742)
	at io.quarkus.hibernate.orm.runtime.session.TransactionScopedSession.persist(T
ransactionScopedSession.java:144)
	at org.hibernate.engine.spi.SessionLazyDelegator.persist(SessionLazyDelegator.
java:241)
	at org.hibernate.Session_5b93bee577ae2f8d76647de04cfab36afbf52958_Synthetic_Cl
ientProxy.persist(Unknown Source)
	at io.quarkus.hibernate.orm.panache.common.runtime.AbstractJpaOperations.persi
st(AbstractJpaOperations.java:101)
	at io.quarkus.hibernate.orm.panache.common.runtime.AbstractJpaOperations.persi
st(AbstractJpaOperations.java:96)
	at io.quarkus.hibernate.orm.panache.PanacheRepositoryBase.persist(PanacheRepos
itoryBase.java:54)
	at com.example.repository.ProductRepository_ClientProxy.persist(Unknown 
Source)
	at com.example.resource.ProductResource.create(ProductResource.java:26)
	at 
com.example.resource.ProductResource_Subclass.create$$superforward1(Unknown 
Source)
	at com.example.resource.ProductResource_Subclass$$function$$1.apply(Unknown 
Source)
	at io.quarkus.arc.impl.AroundInvokeInvocationContext.proceed(AroundInvokeInvoc
ationContext.java:54)
	at io.quarkus.narayana.jta.runtime.interceptor.TransactionalInterceptorBase.in
vokeInOurTx(TransactionalInterceptorBase.java:133)
	at io.quarkus.narayana.jta.runtime.interceptor.TransactionalInterceptorBase.in
vokeInOurTx(TransactionalInterceptorBase.java:104)
	at io.quarkus.narayana.jta.runtime.interceptor.TransactionalInterceptorRequire
d.doIntercept(TransactionalInterceptorRequired.java:38)
	at io.quarkus.narayana.jta.runtime.interceptor.TransactionalInterceptorBase.in
tercept(TransactionalInterceptorBase.java:58)
	at io.quarkus.narayana.jta.runtime.interceptor.TransactionalInterceptorRequire
d.intercept(TransactionalInterceptorRequired.java:32)
	at io.quarkus.narayana.jta.runtime.interceptor.TransactionalInterceptorRequire
d_Bean.intercept(Unknown Source)
	at 
io.quarkus.arc.impl.InterceptorInvocation.invoke(InterceptorInvocation.java:42)
	at io.quarkus.arc.impl.AroundInvokeInvocationContext.perform(AroundInvokeInvoc
ationContext.java:41)
	at io.quarkus.arc.impl.InvocationContexts.performAroundInvoke(InvocationContex
ts.java:33)
	at com.example.resource.ProductResource_Subclass.create(Unknown Source)
	at jdk.internal.reflect.GeneratedMethodAccessor223.invoke(Unknown Source)
	at java.base/jdk.internal.reflect.DelegatingMethodAccessorImpl.invoke(Delegati
ngMethodAccessorImpl.java:43)
	at java.base/java.lang.reflect.Method.invoke(Method.java:568)
	at 
org.jboss.resteasy.core.MethodInjectorImpl.invoke(MethodInjectorImpl.java:170)
	at 
org.jboss.resteasy.core.MethodInjectorImpl.invoke(MethodInjectorImpl.java:130)
	at org.jboss.resteasy.core.ResourceMethodInvoker.internalInvokeOnTarget(Resour
ceMethodInvoker.java:660)
	at org.jboss.resteasy.core.ResourceMethodInvoker.invokeOnTargetAfterFilter(Res
ourceMethodInvoker.java:524)
	at org.jboss.resteasy.core.ResourceMethodInvoker.lambda$invokeOnTarget$2(Resou
rceMethodInvoker.java:474)
	at org.jboss.resteasy.core.interception.jaxrs.PreMatchContainerRequestContext.
filter(PreMatchContainerRequestContext.java:364)
	at org.jboss.resteasy.core.ResourceMethodInvoker.invokeOnTarget(ResourceMethod
Invoker.java:476)
	at org.jboss.resteasy.core.ResourceMethodInvoker.invoke(ResourceMethodInvoker.
java:434)
	at org.jboss.resteasy.core.ResourceMethodInvoker.invoke(ResourceMethodInvoker.
java:408)
	at org.jboss.resteasy.core.ResourceMethodInvoker.invoke(ResourceMethodInvoker.
java:69)
	at org.jboss.resteasy.core.SynchronousDispatcher.invoke(SynchronousDispatcher.
java:492)
	... 15 more
Caused by: org.hibernate.exception.ConstraintViolationException: could not 
execute statement
	at org.hibernate.exception.internal.SQLStateConversionDelegate.convert(SQLStat
eConversionDelegate.java:109)
	at org.hibernate.exception.internal.StandardSQLExceptionConverter.convert(Stan
dardSQLExceptionConverter.java:37)
	at org.hibernate.engine.jdbc.spi.SqlExceptionHelper.convert(SqlExceptionHelper
.java:113)
	at org.hibernate.engine.jdbc.spi.SqlExceptionHelper.convert(SqlExceptionHelper
.java:99)
	at org.hibernate.engine.jdbc.internal.ResultSetReturnImpl.executeUpdate(Result
SetReturnImpl.java:200)
	at org.hibernate.dialect.identity.GetGeneratedKeysDelegate.executeAndExtract(G
etGeneratedKeysDelegate.java:58)
	at org.hibernate.id.insert.AbstractReturningDelegate.performInsert(AbstractRet
urningDelegate.java:43)
	at org.hibernate.persister.entity.AbstractEntityPersister.insert(AbstractEntit
yPersister.java:3279)
	at org.hibernate.persister.entity.AbstractEntityPersister.insert(AbstractEntit
yPersister.java:3914)
	at org.hibernate.action.internal.EntityIdentityInsertAction.execute(EntityIden
tityInsertAction.java:84)
	at org.hibernate.engine.spi.ActionQueue.execute(ActionQueue.java:645)
	at org.hibernate.engine.spi.ActionQueue.addResolvedEntityInsertAction(ActionQu
eue.java:282)
	at org.hibernate.engine.spi.ActionQueue.addInsertAction(ActionQueue.java:263)
	at org.hibernate.engine.spi.ActionQueue.addAction(ActionQueue.java:317)
	at org.hibernate.event.internal.AbstractSaveEventListener.addInsertAction(Abst
ractSaveEventListener.java:329)
	at org.hibernate.event.internal.AbstractSaveEventListener.performSaveOrReplica
te(AbstractSaveEventListener.java:286)
	at org.hibernate.event.internal.AbstractSaveEventListener.performSave(Abstract
SaveEventListener.java:192)
	at org.hibernate.event.internal.AbstractSaveEventListener.saveWithGeneratedId(
AbstractSaveEventListener.java:122)
	at org.hibernate.event.internal.DefaultPersistEventListener.entityIsTransient(
DefaultPersistEventListener.java:185)
	at org.hibernate.event.internal.DefaultPersistEventListener.onPersist(DefaultP
ersistEventListener.java:128)
	at org.hibernate.event.internal.DefaultPersistEventListener.onPersist(DefaultP
ersistEventListener.java:55)
	at org.hibernate.event.service.internal.EventListenerGroupImpl.fireEventOnEach
Listener(EventListenerGroupImpl.java:107)
	at org.hibernate.internal.SessionImpl.firePersist(SessionImpl.java:756)
	... 51 more
Caused by: org.postgresql.util.PSQLException: ERRO: duplicar valor da chave 
viola a restriþÒo de unicidade "uk_h3w5r1mx6d0e5c6um32dgyjej"
  Detalhe: Chave (code)=(LARGE-QTY-001) jß existe.
	at org.postgresql.core.v3.QueryExecutorImpl.receiveErrorResponse(QueryExecutor
Impl.java:2676)
	at org.postgresql.core.v3.QueryExecutorImpl.processResults(QueryExecutorImpl.j
ava:2366)
	at 
org.postgresql.core.v3.QueryExecutorImpl.execute(QueryExecutorImpl.java:356)
	at org.postgresql.jdbc.PgStatement.executeInternal(PgStatement.java:496)
	at org.postgresql.jdbc.PgStatement.execute(PgStatement.java:413)
	at org.postgresql.jdbc.PgPreparedStatement.executeWithFlags(PgPreparedStatemen
t.java:190)
	at org.postgresql.jdbc.PgPreparedStatement.executeUpdate(PgPreparedStatement.j
ava:152)
	at io.agroal.pool.wrapper.PreparedStatementWrapper.executeUpdate(PreparedState
mentWrapper.java:88)
	at org.hibernate.engine.jdbc.internal.ResultSetReturnImpl.executeUpdate(Result
SetReturnImpl.java:197)
	... 69 more

fev. 08, 2026 8:15:31 PM org.hibernate.engine.jdbc.spi.SqlExceptionHelper 
logExceptions
WARN: SQL Error: 0, SQLState: 23505
fev. 08, 2026 8:15:31 PM org.hibernate.engine.jdbc.spi.SqlExceptionHelper 
logExceptions
ERROR: ERRO: duplicar valor da chave viola a restriþÒo de unicidade 
"uk_h3w5r1mx6d0e5c6um32dgyjej"
  Detalhe: Chave (code)=(SPECIAL-001) jß existe.
fev. 08, 2026 8:15:31 PM io.quarkus.vertx.http.runtime.QuarkusErrorHandler 
handle
ERROR: HTTP Request to /products failed, error id: 
1219e6c1-bfc5-4ef5-a0ec-05f438119002-28
org.jboss.resteasy.spi.UnhandledException: 
javax.persistence.PersistenceException: 
org.hibernate.exception.ConstraintViolationException: could not execute 
statement
	at org.jboss.resteasy.core.ExceptionHandler.handleApplicationException(Excepti
onHandler.java:105)
	at org.jboss.resteasy.core.ExceptionHandler.handleException(ExceptionHandler.j
ava:359)
	at org.jboss.resteasy.core.SynchronousDispatcher.writeException(SynchronousDis
patcher.java:218)
	at org.jboss.resteasy.core.SynchronousDispatcher.invoke(SynchronousDispatcher.
java:519)
	at org.jboss.resteasy.core.SynchronousDispatcher.lambda$invoke$4(SynchronousDi
spatcher.java:261)
	at org.jboss.resteasy.core.SynchronousDispatcher.lambda$preprocess$0(Synchrono
usDispatcher.java:161)
	at org.jboss.resteasy.core.interception.jaxrs.PreMatchContainerRequestContext.
filter(PreMatchContainerRequestContext.java:364)
	at org.jboss.resteasy.core.SynchronousDispatcher.preprocess(SynchronousDispatc
her.java:164)
	at org.jboss.resteasy.core.SynchronousDispatcher.invoke(SynchronousDispatcher.
java:247)
	at io.quarkus.resteasy.runtime.standalone.RequestDispatcher.service(RequestDis
patcher.java:82)
	at io.quarkus.resteasy.runtime.standalone.VertxRequestHandler.dispatch(VertxRe
questHandler.java:147)
	at io.quarkus.resteasy.runtime.standalone.VertxRequestHandler$1.run(VertxReque
stHandler.java:93)
	at io.quarkus.vertx.core.runtime.VertxCoreRecorder$14.runWith(VertxCoreRecorde
r.java:576)
	at org.jboss.threads.EnhancedQueueExecutor$Task.run(EnhancedQueueExecutor.java
:2449)
	at org.jboss.threads.EnhancedQueueExecutor$ThreadBody.run(EnhancedQueueExecuto
r.java:1478)
	at org.jboss.threads.DelegatingRunnable.run(DelegatingRunnable.java:29)
	at org.jboss.threads.ThreadLocalResettingRunnable.run(ThreadLocalResettingRunn
able.java:29)
	at io.netty.util.concurrent.FastThreadLocalRunnable.run(FastThreadLocalRunnabl
e.java:30)
	at java.base/java.lang.Thread.run(Thread.java:842)
Caused by: javax.persistence.PersistenceException: 
org.hibernate.exception.ConstraintViolationException: could not execute 
statement
	at org.hibernate.internal.ExceptionConverterImpl.convert(ExceptionConverterImp
l.java:154)
	at org.hibernate.internal.ExceptionConverterImpl.convert(ExceptionConverterImp
l.java:181)
	at org.hibernate.internal.ExceptionConverterImpl.convert(ExceptionConverterImp
l.java:188)
	at org.hibernate.internal.SessionImpl.firePersist(SessionImpl.java:762)
	at org.hibernate.internal.SessionImpl.persist(SessionImpl.java:742)
	at io.quarkus.hibernate.orm.runtime.session.TransactionScopedSession.persist(T
ransactionScopedSession.java:144)
	at org.hibernate.engine.spi.SessionLazyDelegator.persist(SessionLazyDelegator.
java:241)
	at org.hibernate.Session_5b93bee577ae2f8d76647de04cfab36afbf52958_Synthetic_Cl
ientProxy.persist(Unknown Source)
	at io.quarkus.hibernate.orm.panache.common.runtime.AbstractJpaOperations.persi
st(AbstractJpaOperations.java:101)
	at io.quarkus.hibernate.orm.panache.common.runtime.AbstractJpaOperations.persi
st(AbstractJpaOperations.java:96)
	at io.quarkus.hibernate.orm.panache.PanacheRepositoryBase.persist(PanacheRepos
itoryBase.java:54)
	at com.example.repository.ProductRepository_ClientProxy.persist(Unknown 
Source)
	at com.example.resource.ProductResource.create(ProductResource.java:26)
	at 
com.example.resource.ProductResource_Subclass.create$$superforward1(Unknown 
Source)
	at com.example.resource.ProductResource_Subclass$$function$$1.apply(Unknown 
Source)
	at io.quarkus.arc.impl.AroundInvokeInvocationContext.proceed(AroundInvokeInvoc
ationContext.java:54)
	at io.quarkus.narayana.jta.runtime.interceptor.TransactionalInterceptorBase.in
vokeInOurTx(TransactionalInterceptorBase.java:133)
	at io.quarkus.narayana.jta.runtime.interceptor.TransactionalInterceptorBase.in
vokeInOurTx(TransactionalInterceptorBase.java:104)
	at io.quarkus.narayana.jta.runtime.interceptor.TransactionalInterceptorRequire
d.doIntercept(TransactionalInterceptorRequired.java:38)
	at io.quarkus.narayana.jta.runtime.interceptor.TransactionalInterceptorBase.in
tercept(TransactionalInterceptorBase.java:58)
	at io.quarkus.narayana.jta.runtime.interceptor.TransactionalInterceptorRequire
d.intercept(TransactionalInterceptorRequired.java:32)
	at io.quarkus.narayana.jta.runtime.interceptor.TransactionalInterceptorRequire
d_Bean.intercept(Unknown Source)
	at 
io.quarkus.arc.impl.InterceptorInvocation.invoke(InterceptorInvocation.java:42)
	at io.quarkus.arc.impl.AroundInvokeInvocationContext.perform(AroundInvokeInvoc
ationContext.java:41)
	at io.quarkus.arc.impl.InvocationContexts.performAroundInvoke(InvocationContex
ts.java:33)
	at com.example.resource.ProductResource_Subclass.create(Unknown Source)
	at jdk.internal.reflect.GeneratedMethodAccessor223.invoke(Unknown Source)
	at java.base/jdk.internal.reflect.DelegatingMethodAccessorImpl.invoke(Delegati
ngMethodAccessorImpl.java:43)
	at java.base/java.lang.reflect.Method.invoke(Method.java:568)
	at 
org.jboss.resteasy.core.MethodInjectorImpl.invoke(MethodInjectorImpl.java:170)
	at 
org.jboss.resteasy.core.MethodInjectorImpl.invoke(MethodInjectorImpl.java:130)
	at org.jboss.resteasy.core.ResourceMethodInvoker.internalInvokeOnTarget(Resour
ceMethodInvoker.java:660)
	at org.jboss.resteasy.core.ResourceMethodInvoker.invokeOnTargetAfterFilter(Res
ourceMethodInvoker.java:524)
	at org.jboss.resteasy.core.ResourceMethodInvoker.lambda$invokeOnTarget$2(Resou
rceMethodInvoker.java:474)
	at org.jboss.resteasy.core.interception.jaxrs.PreMatchContainerRequestContext.
filter(PreMatchContainerRequestContext.java:364)
	at org.jboss.resteasy.core.ResourceMethodInvoker.invokeOnTarget(ResourceMethod
Invoker.java:476)
	at org.jboss.resteasy.core.ResourceMethodInvoker.invoke(ResourceMethodInvoker.
java:434)
	at org.jboss.resteasy.core.ResourceMethodInvoker.invoke(ResourceMethodInvoker.
java:408)
	at org.jboss.resteasy.core.ResourceMethodInvoker.invoke(ResourceMethodInvoker.
java:69)
	at org.jboss.resteasy.core.SynchronousDispatcher.invoke(SynchronousDispatcher.
java:492)
	... 15 more
Caused by: org.hibernate.exception.ConstraintViolationException: could not 
execute statement
	at org.hibernate.exception.internal.SQLStateConversionDelegate.convert(SQLStat
eConversionDelegate.java:109)
	at org.hibernate.exception.internal.StandardSQLExceptionConverter.convert(Stan
dardSQLExceptionConverter.java:37)
	at org.hibernate.engine.jdbc.spi.SqlExceptionHelper.convert(SqlExceptionHelper
.java:113)
	at org.hibernate.engine.jdbc.spi.SqlExceptionHelper.convert(SqlExceptionHelper
.java:99)
	at org.hibernate.engine.jdbc.internal.ResultSetReturnImpl.executeUpdate(Result
SetReturnImpl.java:200)
	at org.hibernate.dialect.identity.GetGeneratedKeysDelegate.executeAndExtract(G
etGeneratedKeysDelegate.java:58)
	at org.hibernate.id.insert.AbstractReturningDelegate.performInsert(AbstractRet
urningDelegate.java:43)
	at org.hibernate.persister.entity.AbstractEntityPersister.insert(AbstractEntit
yPersister.java:3279)
	at org.hibernate.persister.entity.AbstractEntityPersister.insert(AbstractEntit
yPersister.java:3914)
	at org.hibernate.action.internal.EntityIdentityInsertAction.execute(EntityIden
tityInsertAction.java:84)
	at org.hibernate.engine.spi.ActionQueue.execute(ActionQueue.java:645)
	at org.hibernate.engine.spi.ActionQueue.addResolvedEntityInsertAction(ActionQu
eue.java:282)
	at org.hibernate.engine.spi.ActionQueue.addInsertAction(ActionQueue.java:263)
	at org.hibernate.engine.spi.ActionQueue.addAction(ActionQueue.java:317)
	at org.hibernate.event.internal.AbstractSaveEventListener.addInsertAction(Abst
ractSaveEventListener.java:329)
	at org.hibernate.event.internal.AbstractSaveEventListener.performSaveOrReplica
te(AbstractSaveEventListener.java:286)
	at org.hibernate.event.internal.AbstractSaveEventListener.performSave(Abstract
SaveEventListener.java:192)
	at org.hibernate.event.internal.AbstractSaveEventListener.saveWithGeneratedId(
AbstractSaveEventListener.java:122)
	at org.hibernate.event.internal.DefaultPersistEventListener.entityIsTransient(
DefaultPersistEventListener.java:185)
	at org.hibernate.event.internal.DefaultPersistEventListener.onPersist(DefaultP
ersistEventListener.java:128)
	at org.hibernate.event.internal.DefaultPersistEventListener.onPersist(DefaultP
ersistEventListener.java:55)
	at org.hibernate.event.service.internal.EventListenerGroupImpl.fireEventOnEach
Listener(EventListenerGroupImpl.java:107)
	at org.hibernate.internal.SessionImpl.firePersist(SessionImpl.java:756)
	... 51 more
Caused by: org.postgresql.util.PSQLException: ERRO: duplicar valor da chave 
viola a restriþÒo de unicidade "uk_h3w5r1mx6d0e5c6um32dgyjej"
  Detalhe: Chave (code)=(SPECIAL-001) jß existe.
	at org.postgresql.core.v3.QueryExecutorImpl.receiveErrorResponse(QueryExecutor
Impl.java:2676)
	at org.postgresql.core.v3.QueryExecutorImpl.processResults(QueryExecutorImpl.j
ava:2366)
	at 
org.postgresql.core.v3.QueryExecutorImpl.execute(QueryExecutorImpl.java:356)
	at org.postgresql.jdbc.PgStatement.executeInternal(PgStatement.java:496)
	at org.postgresql.jdbc.PgStatement.execute(PgStatement.java:413)
	at org.postgresql.jdbc.PgPreparedStatement.executeWithFlags(PgPreparedStatemen
t.java:190)
	at org.postgresql.jdbc.PgPreparedStatement.executeUpdate(PgPreparedStatement.j
ava:152)
	at io.agroal.pool.wrapper.PreparedStatementWrapper.executeUpdate(PreparedState
mentWrapper.java:88)
	at org.hibernate.engine.jdbc.internal.ResultSetReturnImpl.executeUpdate(Result
SetReturnImpl.java:197)
	... 69 more

HTTP/1.1 200 OK
Content-Type: application/json
content-length: 1207

[
    {
        "id": 171,
        "code": "NEG-PRICE",
        "name": "Negative Price Product",
        "price": -50.00,
        "quantity": null
    },
    {
        "id": 172,
        "code": "CONCURRENT-0",
        "name": "Concurrent Product 0",
        "price": 30.00,
        "quantity": null
    },
    {
        "id": 173,
        "code": "CONCURRENT-1",
        "name": "Concurrent Product 1",
        "price": 30.00,
        "quantity": null
    },
    {
        "id": 174,
        "code": "CONCURRENT-2",
        "name": "Concurrent Product 2",
        "price": 30.00,
        "quantity": null
    },
    {
        "id": 175,
        "code": "CONCURRENT-3",
        "name": "Concurrent Product 3",
        "price": 30.00,
        "quantity": null
    },
    {
        "id": 176,
        "code": "CONCURRENT-4",
        "name": "Concurrent Product 4",
        "price": 30.00,
        "quantity": null
    },
    {
        "id": 177,
        "code": "DUPLICATE-001",
        "name": "First Product",
        "price": 50.00,
        "quantity": null
    },
    {
        "id": 181,
        "code": "EXPENSIVE-001",
        "name": "Expensive Product",
        "price": 999999.99,
        "quantity": 5
    },
    {
        "id": 184,
        "code": "MINIMAL-001",
        "name": "Minimal Product",
        "price": 1.00,
        "quantity": null
    },
    {
        "id": 189,
        "code": "PROD-TEST-001",
        "name": "Test Product",
        "price": 99.99,
        "quantity": 10
    },
    {
        "id": 192,
        "code": "ZERO-QTY-001",
        "name": "Zero Quantity Product",
        "price": 50.00,
        "quantity": 0
    },
    {
        "id": 200,
        "code": "LARGE-QTY-001",
        "name": "Large Quantity Product",
        "price": 25.00,
        "quantity": 1000000
    },
    {
        "id": 207,
        "code": "SPECIAL-001",
        "name": "Product with þÒ special charactersÖ",
        "price": 75.50,
        "quantity": 15
    }
]
fev. 08, 2026 8:15:32 PM org.hibernate.engine.jdbc.spi.SqlExceptionHelper 
logExceptions
WARN: SQL Error: 0, SQLState: 23505
fev. 08, 2026 8:15:32 PM org.hibernate.engine.jdbc.spi.SqlExceptionHelper 
logExceptions
ERROR: ERRO: duplicar valor da chave viola a restriþÒo de unicidade 
"uk_fk3yutmr81q9vnj581vnfn12r"
  Detalhe: Chave (code)=(SPECIAL-RM-001) jß existe.
fev. 08, 2026 8:15:32 PM io.quarkus.vertx.http.runtime.QuarkusErrorHandler 
handle
ERROR: HTTP Request to /raw-materials failed, error id: 
1219e6c1-bfc5-4ef5-a0ec-05f438119002-29
org.jboss.resteasy.spi.UnhandledException: 
javax.persistence.PersistenceException: 
org.hibernate.exception.ConstraintViolationException: could not execute 
statement
	at org.jboss.resteasy.core.ExceptionHandler.handleApplicationException(Excepti
onHandler.java:105)
	at org.jboss.resteasy.core.ExceptionHandler.handleException(ExceptionHandler.j
ava:359)
	at org.jboss.resteasy.core.SynchronousDispatcher.writeException(SynchronousDis
patcher.java:218)
	at org.jboss.resteasy.core.SynchronousDispatcher.invoke(SynchronousDispatcher.
java:519)
	at org.jboss.resteasy.core.SynchronousDispatcher.lambda$invoke$4(SynchronousDi
spatcher.java:261)
	at org.jboss.resteasy.core.SynchronousDispatcher.lambda$preprocess$0(Synchrono
usDispatcher.java:161)
	at org.jboss.resteasy.core.interception.jaxrs.PreMatchContainerRequestContext.
filter(PreMatchContainerRequestContext.java:364)
	at org.jboss.resteasy.core.SynchronousDispatcher.preprocess(SynchronousDispatc
her.java:164)
	at org.jboss.resteasy.core.SynchronousDispatcher.invoke(SynchronousDispatcher.
java:247)
	at io.quarkus.resteasy.runtime.standalone.RequestDispatcher.service(RequestDis
patcher.java:82)
	at io.quarkus.resteasy.runtime.standalone.VertxRequestHandler.dispatch(VertxRe
questHandler.java:147)
	at io.quarkus.resteasy.runtime.standalone.VertxRequestHandler$1.run(VertxReque
stHandler.java:93)
	at io.quarkus.vertx.core.runtime.VertxCoreRecorder$14.runWith(VertxCoreRecorde
r.java:576)
	at org.jboss.threads.EnhancedQueueExecutor$Task.run(EnhancedQueueExecutor.java
:2449)
	at org.jboss.threads.EnhancedQueueExecutor$ThreadBody.run(EnhancedQueueExecuto
r.java:1478)
	at org.jboss.threads.DelegatingRunnable.run(DelegatingRunnable.java:29)
	at org.jboss.threads.ThreadLocalResettingRunnable.run(ThreadLocalResettingRunn
able.java:29)
	at io.netty.util.concurrent.FastThreadLocalRunnable.run(FastThreadLocalRunnabl
e.java:30)
	at java.base/java.lang.Thread.run(Thread.java:842)
Caused by: javax.persistence.PersistenceException: 
org.hibernate.exception.ConstraintViolationException: could not execute 
statement
	at org.hibernate.internal.ExceptionConverterImpl.convert(ExceptionConverterImp
l.java:154)
	at org.hibernate.internal.ExceptionConverterImpl.convert(ExceptionConverterImp
l.java:181)
	at org.hibernate.internal.ExceptionConverterImpl.convert(ExceptionConverterImp
l.java:188)
	at org.hibernate.internal.SessionImpl.firePersist(SessionImpl.java:762)
	at org.hibernate.internal.SessionImpl.persist(SessionImpl.java:742)
	at io.quarkus.hibernate.orm.runtime.session.TransactionScopedSession.persist(T
ransactionScopedSession.java:144)
	at org.hibernate.engine.spi.SessionLazyDelegator.persist(SessionLazyDelegator.
java:241)
	at org.hibernate.Session_5b93bee577ae2f8d76647de04cfab36afbf52958_Synthetic_Cl
ientProxy.persist(Unknown Source)
	at io.quarkus.hibernate.orm.panache.common.runtime.AbstractJpaOperations.persi
st(AbstractJpaOperations.java:101)
	at io.quarkus.hibernate.orm.panache.common.runtime.AbstractJpaOperations.persi
st(AbstractJpaOperations.java:96)
	at io.quarkus.hibernate.orm.panache.PanacheRepositoryBase.persist(PanacheRepos
itoryBase.java:54)
	at com.example.repository.RawMaterialRepository_ClientProxy.persist(Unknown 
Source)
	at 
com.example.resource.RawMaterialResource.create(RawMaterialResource.java:27)
	at com.example.resource.RawMaterialResource_Subclass.create$$superforward1(Unk
nown Source)
	at 
com.example.resource.RawMaterialResource_Subclass$$function$$1.apply(Unknown 
Source)
	at io.quarkus.arc.impl.AroundInvokeInvocationContext.proceed(AroundInvokeInvoc
ationContext.java:54)
	at io.quarkus.narayana.jta.runtime.interceptor.TransactionalInterceptorBase.in
vokeInOurTx(TransactionalInterceptorBase.java:133)
	at io.quarkus.narayana.jta.runtime.interceptor.TransactionalInterceptorBase.in
vokeInOurTx(TransactionalInterceptorBase.java:104)
	at io.quarkus.narayana.jta.runtime.interceptor.TransactionalInterceptorRequire
d.doIntercept(TransactionalInterceptorRequired.java:38)
	at io.quarkus.narayana.jta.runtime.interceptor.TransactionalInterceptorBase.in
tercept(TransactionalInterceptorBase.java:58)
	at io.quarkus.narayana.jta.runtime.interceptor.TransactionalInterceptorRequire
d.intercept(TransactionalInterceptorRequired.java:32)
	at io.quarkus.narayana.jta.runtime.interceptor.TransactionalInterceptorRequire
d_Bean.intercept(Unknown Source)
	at 
io.quarkus.arc.impl.InterceptorInvocation.invoke(InterceptorInvocation.java:42)
	at io.quarkus.arc.impl.AroundInvokeInvocationContext.perform(AroundInvokeInvoc
ationContext.java:41)
	at io.quarkus.arc.impl.InvocationContexts.performAroundInvoke(InvocationContex
ts.java:33)
	at com.example.resource.RawMaterialResource_Subclass.create(Unknown Source)
	at jdk.internal.reflect.GeneratedMethodAccessor258.invoke(Unknown Source)
	at java.base/jdk.internal.reflect.DelegatingMethodAccessorImpl.invoke(Delegati
ngMethodAccessorImpl.java:43)
	at java.base/java.lang.reflect.Method.invoke(Method.java:568)
	at 
org.jboss.resteasy.core.MethodInjectorImpl.invoke(MethodInjectorImpl.java:170)
	at 
org.jboss.resteasy.core.MethodInjectorImpl.invoke(MethodInjectorImpl.java:130)
	at org.jboss.resteasy.core.ResourceMethodInvoker.internalInvokeOnTarget(Resour
ceMethodInvoker.java:660)
	at org.jboss.resteasy.core.ResourceMethodInvoker.invokeOnTargetAfterFilter(Res
ourceMethodInvoker.java:524)
	at org.jboss.resteasy.core.ResourceMethodInvoker.lambda$invokeOnTarget$2(Resou
rceMethodInvoker.java:474)
	at org.jboss.resteasy.core.interception.jaxrs.PreMatchContainerRequestContext.
filter(PreMatchContainerRequestContext.java:364)
	at org.jboss.resteasy.core.ResourceMethodInvoker.invokeOnTarget(ResourceMethod
Invoker.java:476)
	at org.jboss.resteasy.core.ResourceMethodInvoker.invoke(ResourceMethodInvoker.
java:434)
	at org.jboss.resteasy.core.ResourceMethodInvoker.invoke(ResourceMethodInvoker.
java:408)
	at org.jboss.resteasy.core.ResourceMethodInvoker.invoke(ResourceMethodInvoker.
java:69)
	at org.jboss.resteasy.core.SynchronousDispatcher.invoke(SynchronousDispatcher.
java:492)
	... 15 more
Caused by: org.hibernate.exception.ConstraintViolationException: could not 
execute statement
	at org.hibernate.exception.internal.SQLStateConversionDelegate.convert(SQLStat
eConversionDelegate.java:109)
	at org.hibernate.exception.internal.StandardSQLExceptionConverter.convert(Stan
dardSQLExceptionConverter.java:37)
	at org.hibernate.engine.jdbc.spi.SqlExceptionHelper.convert(SqlExceptionHelper
.java:113)
	at org.hibernate.engine.jdbc.spi.SqlExceptionHelper.convert(SqlExceptionHelper
.java:99)
	at org.hibernate.engine.jdbc.internal.ResultSetReturnImpl.executeUpdate(Result
SetReturnImpl.java:200)
	at org.hibernate.dialect.identity.GetGeneratedKeysDelegate.executeAndExtract(G
etGeneratedKeysDelegate.java:58)
	at org.hibernate.id.insert.AbstractReturningDelegate.performInsert(AbstractRet
urningDelegate.java:43)
	at org.hibernate.persister.entity.AbstractEntityPersister.insert(AbstractEntit
yPersister.java:3279)
	at org.hibernate.persister.entity.AbstractEntityPersister.insert(AbstractEntit
yPersister.java:3914)
	at org.hibernate.action.internal.EntityIdentityInsertAction.execute(EntityIden
tityInsertAction.java:84)
	at org.hibernate.engine.spi.ActionQueue.execute(ActionQueue.java:645)
	at org.hibernate.engine.spi.ActionQueue.addResolvedEntityInsertAction(ActionQu
eue.java:282)
	at org.hibernate.engine.spi.ActionQueue.addInsertAction(ActionQueue.java:263)
	at org.hibernate.engine.spi.ActionQueue.addAction(ActionQueue.java:317)
	at org.hibernate.event.internal.AbstractSaveEventListener.addInsertAction(Abst
ractSaveEventListener.java:329)
	at org.hibernate.event.internal.AbstractSaveEventListener.performSaveOrReplica
te(AbstractSaveEventListener.java:286)
	at org.hibernate.event.internal.AbstractSaveEventListener.performSave(Abstract
SaveEventListener.java:192)
	at org.hibernate.event.internal.AbstractSaveEventListener.saveWithGeneratedId(
AbstractSaveEventListener.java:122)
	at org.hibernate.event.internal.DefaultPersistEventListener.entityIsTransient(
DefaultPersistEventListener.java:185)
	at org.hibernate.event.internal.DefaultPersistEventListener.onPersist(DefaultP
ersistEventListener.java:128)
	at org.hibernate.event.internal.DefaultPersistEventListener.onPersist(DefaultP
ersistEventListener.java:55)
	at org.hibernate.event.service.internal.EventListenerGroupImpl.fireEventOnEach
Listener(EventListenerGroupImpl.java:107)
	at org.hibernate.internal.SessionImpl.firePersist(SessionImpl.java:756)
	... 51 more
Caused by: org.postgresql.util.PSQLException: ERRO: duplicar valor da chave 
viola a restriþÒo de unicidade "uk_fk3yutmr81q9vnj581vnfn12r"
  Detalhe: Chave (code)=(SPECIAL-RM-001) jß existe.
	at org.postgresql.core.v3.QueryExecutorImpl.receiveErrorResponse(QueryExecutor
Impl.java:2676)
	at org.postgresql.core.v3.QueryExecutorImpl.processResults(QueryExecutorImpl.j
ava:2366)
	at 
org.postgresql.core.v3.QueryExecutorImpl.execute(QueryExecutorImpl.java:356)
	at org.postgresql.jdbc.PgStatement.executeInternal(PgStatement.java:496)
	at org.postgresql.jdbc.PgStatement.execute(PgStatement.java:413)
	at org.postgresql.jdbc.PgPreparedStatement.executeWithFlags(PgPreparedStatemen
t.java:190)
	at org.postgresql.jdbc.PgPreparedStatement.executeUpdate(PgPreparedStatement.j
ava:152)
	at io.agroal.pool.wrapper.PreparedStatementWrapper.executeUpdate(PreparedState
mentWrapper.java:88)
	at org.hibernate.engine.jdbc.internal.ResultSetReturnImpl.executeUpdate(Result
SetReturnImpl.java:197)
	... 69 more

fev. 08, 2026 8:15:32 PM org.hibernate.engine.jdbc.spi.SqlExceptionHelper 
logExceptions
WARN: SQL Error: 0, SQLState: 23505
fev. 08, 2026 8:15:32 PM org.hibernate.engine.jdbc.spi.SqlExceptionHelper 
logExceptions
ERROR: ERRO: duplicar valor da chave viola a restriþÒo de unicidade 
"uk_fk3yutmr81q9vnj581vnfn12r"
  Detalhe: Chave (code)=(MINIMAL-RM) jß existe.
fev. 08, 2026 8:15:32 PM io.quarkus.vertx.http.runtime.QuarkusErrorHandler 
handle
ERROR: HTTP Request to /raw-materials failed, error id: 
1219e6c1-bfc5-4ef5-a0ec-05f438119002-30
org.jboss.resteasy.spi.UnhandledException: 
javax.persistence.PersistenceException: 
org.hibernate.exception.ConstraintViolationException: could not execute 
statement
	at org.jboss.resteasy.core.ExceptionHandler.handleApplicationException(Excepti
onHandler.java:105)
	at org.jboss.resteasy.core.ExceptionHandler.handleException(ExceptionHandler.j
ava:359)
	at org.jboss.resteasy.core.SynchronousDispatcher.writeException(SynchronousDis
patcher.java:218)
	at org.jboss.resteasy.core.SynchronousDispatcher.invoke(SynchronousDispatcher.
java:519)
	at org.jboss.resteasy.core.SynchronousDispatcher.lambda$invoke$4(SynchronousDi
spatcher.java:261)
	at org.jboss.resteasy.core.SynchronousDispatcher.lambda$preprocess$0(Synchrono
usDispatcher.java:161)
	at org.jboss.resteasy.core.interception.jaxrs.PreMatchContainerRequestContext.
filter(PreMatchContainerRequestContext.java:364)
	at org.jboss.resteasy.core.SynchronousDispatcher.preprocess(SynchronousDispatc
her.java:164)
	at org.jboss.resteasy.core.SynchronousDispatcher.invoke(SynchronousDispatcher.
java:247)
	at io.quarkus.resteasy.runtime.standalone.RequestDispatcher.service(RequestDis
patcher.java:82)
	at io.quarkus.resteasy.runtime.standalone.VertxRequestHandler.dispatch(VertxRe
questHandler.java:147)
	at io.quarkus.resteasy.runtime.standalone.VertxRequestHandler$1.run(VertxReque
stHandler.java:93)
	at io.quarkus.vertx.core.runtime.VertxCoreRecorder$14.runWith(VertxCoreRecorde
r.java:576)
	at org.jboss.threads.EnhancedQueueExecutor$Task.run(EnhancedQueueExecutor.java
:2449)
	at org.jboss.threads.EnhancedQueueExecutor$ThreadBody.run(EnhancedQueueExecuto
r.java:1478)
	at org.jboss.threads.DelegatingRunnable.run(DelegatingRunnable.java:29)
	at org.jboss.threads.ThreadLocalResettingRunnable.run(ThreadLocalResettingRunn
able.java:29)
	at io.netty.util.concurrent.FastThreadLocalRunnable.run(FastThreadLocalRunnabl
e.java:30)
	at java.base/java.lang.Thread.run(Thread.java:842)
Caused by: javax.persistence.PersistenceException: 
org.hibernate.exception.ConstraintViolationException: could not execute 
statement
	at org.hibernate.internal.ExceptionConverterImpl.convert(ExceptionConverterImp
l.java:154)
	at org.hibernate.internal.ExceptionConverterImpl.convert(ExceptionConverterImp
l.java:181)
	at org.hibernate.internal.ExceptionConverterImpl.convert(ExceptionConverterImp
l.java:188)
	at org.hibernate.internal.SessionImpl.firePersist(SessionImpl.java:762)
	at org.hibernate.internal.SessionImpl.persist(SessionImpl.java:742)
	at io.quarkus.hibernate.orm.runtime.session.TransactionScopedSession.persist(T
ransactionScopedSession.java:144)
	at org.hibernate.engine.spi.SessionLazyDelegator.persist(SessionLazyDelegator.
java:241)
	at org.hibernate.Session_5b93bee577ae2f8d76647de04cfab36afbf52958_Synthetic_Cl
ientProxy.persist(Unknown Source)
	at io.quarkus.hibernate.orm.panache.common.runtime.AbstractJpaOperations.persi
st(AbstractJpaOperations.java:101)
	at io.quarkus.hibernate.orm.panache.common.runtime.AbstractJpaOperations.persi
st(AbstractJpaOperations.java:96)
	at io.quarkus.hibernate.orm.panache.PanacheRepositoryBase.persist(PanacheRepos
itoryBase.java:54)
	at com.example.repository.RawMaterialRepository_ClientProxy.persist(Unknown 
Source)
	at 
com.example.resource.RawMaterialResource.create(RawMaterialResource.java:27)
	at com.example.resource.RawMaterialResource_Subclass.create$$superforward1(Unk
nown Source)
	at 
com.example.resource.RawMaterialResource_Subclass$$function$$1.apply(Unknown 
Source)
	at io.quarkus.arc.impl.AroundInvokeInvocationContext.proceed(AroundInvokeInvoc
ationContext.java:54)
	at io.quarkus.narayana.jta.runtime.interceptor.TransactionalInterceptorBase.in
vokeInOurTx(TransactionalInterceptorBase.java:133)
	at io.quarkus.narayana.jta.runtime.interceptor.TransactionalInterceptorBase.in
vokeInOurTx(TransactionalInterceptorBase.java:104)
	at io.quarkus.narayana.jta.runtime.interceptor.TransactionalInterceptorRequire
d.doIntercept(TransactionalInterceptorRequired.java:38)
	at io.quarkus.narayana.jta.runtime.interceptor.TransactionalInterceptorBase.in
tercept(TransactionalInterceptorBase.java:58)
	at io.quarkus.narayana.jta.runtime.interceptor.TransactionalInterceptorRequire
d.intercept(TransactionalInterceptorRequired.java:32)
	at io.quarkus.narayana.jta.runtime.interceptor.TransactionalInterceptorRequire
d_Bean.intercept(Unknown Source)
	at 
io.quarkus.arc.impl.InterceptorInvocation.invoke(InterceptorInvocation.java:42)
	at io.quarkus.arc.impl.AroundInvokeInvocationContext.perform(AroundInvokeInvoc
ationContext.java:41)
	at io.quarkus.arc.impl.InvocationContexts.performAroundInvoke(InvocationContex
ts.java:33)
	at com.example.resource.RawMaterialResource_Subclass.create(Unknown Source)
	at jdk.internal.reflect.GeneratedMethodAccessor258.invoke(Unknown Source)
	at java.base/jdk.internal.reflect.DelegatingMethodAccessorImpl.invoke(Delegati
ngMethodAccessorImpl.java:43)
	at java.base/java.lang.reflect.Method.invoke(Method.java:568)
	at 
org.jboss.resteasy.core.MethodInjectorImpl.invoke(MethodInjectorImpl.java:170)
	at 
org.jboss.resteasy.core.MethodInjectorImpl.invoke(MethodInjectorImpl.java:130)
	at org.jboss.resteasy.core.ResourceMethodInvoker.internalInvokeOnTarget(Resour
ceMethodInvoker.java:660)
	at org.jboss.resteasy.core.ResourceMethodInvoker.invokeOnTargetAfterFilter(Res
ourceMethodInvoker.java:524)
	at org.jboss.resteasy.core.ResourceMethodInvoker.lambda$invokeOnTarget$2(Resou
rceMethodInvoker.java:474)
	at org.jboss.resteasy.core.interception.jaxrs.PreMatchContainerRequestContext.
filter(PreMatchContainerRequestContext.java:364)
	at org.jboss.resteasy.core.ResourceMethodInvoker.invokeOnTarget(ResourceMethod
Invoker.java:476)
	at org.jboss.resteasy.core.ResourceMethodInvoker.invoke(ResourceMethodInvoker.
java:434)
	at org.jboss.resteasy.core.ResourceMethodInvoker.invoke(ResourceMethodInvoker.
java:408)
	at org.jboss.resteasy.core.ResourceMethodInvoker.invoke(ResourceMethodInvoker.
java:69)
	at org.jboss.resteasy.core.SynchronousDispatcher.invoke(SynchronousDispatcher.
java:492)
	... 15 more
Caused by: org.hibernate.exception.ConstraintViolationException: could not 
execute statement
	at org.hibernate.exception.internal.SQLStateConversionDelegate.convert(SQLStat
eConversionDelegate.java:109)
	at org.hibernate.exception.internal.StandardSQLExceptionConverter.convert(Stan
dardSQLExceptionConverter.java:37)
	at org.hibernate.engine.jdbc.spi.SqlExceptionHelper.convert(SqlExceptionHelper
.java:113)
	at org.hibernate.engine.jdbc.spi.SqlExceptionHelper.convert(SqlExceptionHelper
.java:99)
	at org.hibernate.engine.jdbc.internal.ResultSetReturnImpl.executeUpdate(Result
SetReturnImpl.java:200)
	at org.hibernate.dialect.identity.GetGeneratedKeysDelegate.executeAndExtract(G
etGeneratedKeysDelegate.java:58)
	at org.hibernate.id.insert.AbstractReturningDelegate.performInsert(AbstractRet
urningDelegate.java:43)
	at org.hibernate.persister.entity.AbstractEntityPersister.insert(AbstractEntit
yPersister.java:3279)
	at org.hibernate.persister.entity.AbstractEntityPersister.insert(AbstractEntit
yPersister.java:3914)
	at org.hibernate.action.internal.EntityIdentityInsertAction.execute(EntityIden
tityInsertAction.java:84)
	at org.hibernate.engine.spi.ActionQueue.execute(ActionQueue.java:645)
	at org.hibernate.engine.spi.ActionQueue.addResolvedEntityInsertAction(ActionQu
eue.java:282)
	at org.hibernate.engine.spi.ActionQueue.addInsertAction(ActionQueue.java:263)
	at org.hibernate.engine.spi.ActionQueue.addAction(ActionQueue.java:317)
	at org.hibernate.event.internal.AbstractSaveEventListener.addInsertAction(Abst
ractSaveEventListener.java:329)
	at org.hibernate.event.internal.AbstractSaveEventListener.performSaveOrReplica
te(AbstractSaveEventListener.java:286)
	at org.hibernate.event.internal.AbstractSaveEventListener.performSave(Abstract
SaveEventListener.java:192)
	at org.hibernate.event.internal.AbstractSaveEventListener.saveWithGeneratedId(
AbstractSaveEventListener.java:122)
	at org.hibernate.event.internal.DefaultPersistEventListener.entityIsTransient(
DefaultPersistEventListener.java:185)
	at org.hibernate.event.internal.DefaultPersistEventListener.onPersist(DefaultP
ersistEventListener.java:128)
	at org.hibernate.event.internal.DefaultPersistEventListener.onPersist(DefaultP
ersistEventListener.java:55)
	at org.hibernate.event.service.internal.EventListenerGroupImpl.fireEventOnEach
Listener(EventListenerGroupImpl.java:107)
	at org.hibernate.internal.SessionImpl.firePersist(SessionImpl.java:756)
	... 51 more
Caused by: org.postgresql.util.PSQLException: ERRO: duplicar valor da chave 
viola a restriþÒo de unicidade "uk_fk3yutmr81q9vnj581vnfn12r"
  Detalhe: Chave (code)=(MINIMAL-RM) jß existe.
	at org.postgresql.core.v3.QueryExecutorImpl.receiveErrorResponse(QueryExecutor
Impl.java:2676)
	at org.postgresql.core.v3.QueryExecutorImpl.processResults(QueryExecutorImpl.j
ava:2366)
	at 
org.postgresql.core.v3.QueryExecutorImpl.execute(QueryExecutorImpl.java:356)
	at org.postgresql.jdbc.PgStatement.executeInternal(PgStatement.java:496)
	at org.postgresql.jdbc.PgStatement.execute(PgStatement.java:413)
	at org.postgresql.jdbc.PgPreparedStatement.executeWithFlags(PgPreparedStatemen
t.java:190)
	at org.postgresql.jdbc.PgPreparedStatement.executeUpdate(PgPreparedStatement.j
ava:152)
	at io.agroal.pool.wrapper.PreparedStatementWrapper.executeUpdate(PreparedState
mentWrapper.java:88)
	at org.hibernate.engine.jdbc.internal.ResultSetReturnImpl.executeUpdate(Result
SetReturnImpl.java:197)
	... 69 more

fev. 08, 2026 8:15:32 PM org.hibernate.engine.jdbc.spi.SqlExceptionHelper 
logExceptions
WARN: SQL Error: 0, SQLState: 23505
fev. 08, 2026 8:15:32 PM org.hibernate.engine.jdbc.spi.SqlExceptionHelper 
logExceptions
ERROR: ERRO: duplicar valor da chave viola a restriþÒo de unicidade 
"uk_fk3yutmr81q9vnj581vnfn12r"
  Detalhe: Chave (code)=(ZERO-STOCK-RM) jß existe.
fev. 08, 2026 8:15:32 PM io.quarkus.vertx.http.runtime.QuarkusErrorHandler 
handle
ERROR: HTTP Request to /raw-materials failed, error id: 
1219e6c1-bfc5-4ef5-a0ec-05f438119002-31
org.jboss.resteasy.spi.UnhandledException: 
javax.persistence.PersistenceException: 
org.hibernate.exception.ConstraintViolationException: could not execute 
statement
	at org.jboss.resteasy.core.ExceptionHandler.handleApplicationException(Excepti
onHandler.java:105)
	at org.jboss.resteasy.core.ExceptionHandler.handleException(ExceptionHandler.j
ava:359)
	at org.jboss.resteasy.core.SynchronousDispatcher.writeException(SynchronousDis
patcher.java:218)
	at org.jboss.resteasy.core.SynchronousDispatcher.invoke(SynchronousDispatcher.
java:519)
	at org.jboss.resteasy.core.SynchronousDispatcher.lambda$invoke$4(SynchronousDi
spatcher.java:261)
	at org.jboss.resteasy.core.SynchronousDispatcher.lambda$preprocess$0(Synchrono
usDispatcher.java:161)
	at org.jboss.resteasy.core.interception.jaxrs.PreMatchContainerRequestContext.
filter(PreMatchContainerRequestContext.java:364)
	at org.jboss.resteasy.core.SynchronousDispatcher.preprocess(SynchronousDispatc
her.java:164)
	at org.jboss.resteasy.core.SynchronousDispatcher.invoke(SynchronousDispatcher.
java:247)
	at io.quarkus.resteasy.runtime.standalone.RequestDispatcher.service(RequestDis
patcher.java:82)
	at io.quarkus.resteasy.runtime.standalone.VertxRequestHandler.dispatch(VertxRe
questHandler.java:147)
	at io.quarkus.resteasy.runtime.standalone.VertxRequestHandler$1.run(VertxReque
stHandler.java:93)
	at io.quarkus.vertx.core.runtime.VertxCoreRecorder$14.runWith(VertxCoreRecorde
r.java:576)
	at org.jboss.threads.EnhancedQueueExecutor$Task.run(EnhancedQueueExecutor.java
:2449)
	at org.jboss.threads.EnhancedQueueExecutor$ThreadBody.run(EnhancedQueueExecuto
r.java:1478)
	at org.jboss.threads.DelegatingRunnable.run(DelegatingRunnable.java:29)
	at org.jboss.threads.ThreadLocalResettingRunnable.run(ThreadLocalResettingRunn
able.java:29)
	at io.netty.util.concurrent.FastThreadLocalRunnable.run(FastThreadLocalRunnabl
e.java:30)
	at java.base/java.lang.Thread.run(Thread.java:842)
Caused by: javax.persistence.PersistenceException: 
org.hibernate.exception.ConstraintViolationException: could not execute 
statement
	at org.hibernate.internal.ExceptionConverterImpl.convert(ExceptionConverterImp
l.java:154)
	at org.hibernate.internal.ExceptionConverterImpl.convert(ExceptionConverterImp
l.java:181)
	at org.hibernate.internal.ExceptionConverterImpl.convert(ExceptionConverterImp
l.java:188)
	at org.hibernate.internal.SessionImpl.firePersist(SessionImpl.java:762)
	at org.hibernate.internal.SessionImpl.persist(SessionImpl.java:742)
	at io.quarkus.hibernate.orm.runtime.session.TransactionScopedSession.persist(T
ransactionScopedSession.java:144)
	at org.hibernate.engine.spi.SessionLazyDelegator.persist(SessionLazyDelegator.
java:241)
	at org.hibernate.Session_5b93bee577ae2f8d76647de04cfab36afbf52958_Synthetic_Cl
ientProxy.persist(Unknown Source)
	at io.quarkus.hibernate.orm.panache.common.runtime.AbstractJpaOperations.persi
st(AbstractJpaOperations.java:101)
	at io.quarkus.hibernate.orm.panache.common.runtime.AbstractJpaOperations.persi
st(AbstractJpaOperations.java:96)
	at io.quarkus.hibernate.orm.panache.PanacheRepositoryBase.persist(PanacheRepos
itoryBase.java:54)
	at com.example.repository.RawMaterialRepository_ClientProxy.persist(Unknown 
Source)
	at 
com.example.resource.RawMaterialResource.create(RawMaterialResource.java:27)
	at com.example.resource.RawMaterialResource_Subclass.create$$superforward1(Unk
nown Source)
	at 
com.example.resource.RawMaterialResource_Subclass$$function$$1.apply(Unknown 
Source)
	at io.quarkus.arc.impl.AroundInvokeInvocationContext.proceed(AroundInvokeInvoc
ationContext.java:54)
	at io.quarkus.narayana.jta.runtime.interceptor.TransactionalInterceptorBase.in
vokeInOurTx(TransactionalInterceptorBase.java:133)
	at io.quarkus.narayana.jta.runtime.interceptor.TransactionalInterceptorBase.in
vokeInOurTx(TransactionalInterceptorBase.java:104)
	at io.quarkus.narayana.jta.runtime.interceptor.TransactionalInterceptorRequire
d.doIntercept(TransactionalInterceptorRequired.java:38)
	at io.quarkus.narayana.jta.runtime.interceptor.TransactionalInterceptorBase.in
tercept(TransactionalInterceptorBase.java:58)
	at io.quarkus.narayana.jta.runtime.interceptor.TransactionalInterceptorRequire
d.intercept(TransactionalInterceptorRequired.java:32)
	at io.quarkus.narayana.jta.runtime.interceptor.TransactionalInterceptorRequire
d_Bean.intercept(Unknown Source)
	at 
io.quarkus.arc.impl.InterceptorInvocation.invoke(InterceptorInvocation.java:42)
	at io.quarkus.arc.impl.AroundInvokeInvocationContext.perform(AroundInvokeInvoc
ationContext.java:41)
	at io.quarkus.arc.impl.InvocationContexts.performAroundInvoke(InvocationContex
ts.java:33)
	at com.example.resource.RawMaterialResource_Subclass.create(Unknown Source)
	at jdk.internal.reflect.GeneratedMethodAccessor258.invoke(Unknown Source)
	at java.base/jdk.internal.reflect.DelegatingMethodAccessorImpl.invoke(Delegati
ngMethodAccessorImpl.java:43)
	at java.base/java.lang.reflect.Method.invoke(Method.java:568)
	at 
org.jboss.resteasy.core.MethodInjectorImpl.invoke(MethodInjectorImpl.java:170)
	at 
org.jboss.resteasy.core.MethodInjectorImpl.invoke(MethodInjectorImpl.java:130)
	at org.jboss.resteasy.core.ResourceMethodInvoker.internalInvokeOnTarget(Resour
ceMethodInvoker.java:660)
	at org.jboss.resteasy.core.ResourceMethodInvoker.invokeOnTargetAfterFilter(Res
ourceMethodInvoker.java:524)
	at org.jboss.resteasy.core.ResourceMethodInvoker.lambda$invokeOnTarget$2(Resou
rceMethodInvoker.java:474)
	at org.jboss.resteasy.core.interception.jaxrs.PreMatchContainerRequestContext.
filter(PreMatchContainerRequestContext.java:364)
	at org.jboss.resteasy.core.ResourceMethodInvoker.invokeOnTarget(ResourceMethod
Invoker.java:476)
	at org.jboss.resteasy.core.ResourceMethodInvoker.invoke(ResourceMethodInvoker.
java:434)
	at org.jboss.resteasy.core.ResourceMethodInvoker.invoke(ResourceMethodInvoker.
java:408)
	at org.jboss.resteasy.core.ResourceMethodInvoker.invoke(ResourceMethodInvoker.
java:69)
	at org.jboss.resteasy.core.SynchronousDispatcher.invoke(SynchronousDispatcher.
java:492)
	... 15 more
Caused by: org.hibernate.exception.ConstraintViolationException: could not 
execute statement
	at org.hibernate.exception.internal.SQLStateConversionDelegate.convert(SQLStat
eConversionDelegate.java:109)
	at org.hibernate.exception.internal.StandardSQLExceptionConverter.convert(Stan
dardSQLExceptionConverter.java:37)
	at org.hibernate.engine.jdbc.spi.SqlExceptionHelper.convert(SqlExceptionHelper
.java:113)
	at org.hibernate.engine.jdbc.spi.SqlExceptionHelper.convert(SqlExceptionHelper
.java:99)
	at org.hibernate.engine.jdbc.internal.ResultSetReturnImpl.executeUpdate(Result
SetReturnImpl.java:200)
	at org.hibernate.dialect.identity.GetGeneratedKeysDelegate.executeAndExtract(G
etGeneratedKeysDelegate.java:58)
	at org.hibernate.id.insert.AbstractReturningDelegate.performInsert(AbstractRet
urningDelegate.java:43)
	at org.hibernate.persister.entity.AbstractEntityPersister.insert(AbstractEntit
yPersister.java:3279)
	at org.hibernate.persister.entity.AbstractEntityPersister.insert(AbstractEntit
yPersister.java:3914)
	at org.hibernate.action.internal.EntityIdentityInsertAction.execute(EntityIden
tityInsertAction.java:84)
	at org.hibernate.engine.spi.ActionQueue.execute(ActionQueue.java:645)
	at org.hibernate.engine.spi.ActionQueue.addResolvedEntityInsertAction(ActionQu
eue.java:282)
	at org.hibernate.engine.spi.ActionQueue.addInsertAction(ActionQueue.java:263)
	at org.hibernate.engine.spi.ActionQueue.addAction(ActionQueue.java:317)
	at org.hibernate.event.internal.AbstractSaveEventListener.addInsertAction(Abst
ractSaveEventListener.java:329)
	at org.hibernate.event.internal.AbstractSaveEventListener.performSaveOrReplica
te(AbstractSaveEventListener.java:286)
	at org.hibernate.event.internal.AbstractSaveEventListener.performSave(Abstract
SaveEventListener.java:192)
	at org.hibernate.event.internal.AbstractSaveEventListener.saveWithGeneratedId(
AbstractSaveEventListener.java:122)
	at org.hibernate.event.internal.DefaultPersistEventListener.entityIsTransient(
DefaultPersistEventListener.java:185)
	at org.hibernate.event.internal.DefaultPersistEventListener.onPersist(DefaultP
ersistEventListener.java:128)
	at org.hibernate.event.internal.DefaultPersistEventListener.onPersist(DefaultP
ersistEventListener.java:55)
	at org.hibernate.event.service.internal.EventListenerGroupImpl.fireEventOnEach
Listener(EventListenerGroupImpl.java:107)
	at org.hibernate.internal.SessionImpl.firePersist(SessionImpl.java:756)
	... 51 more
Caused by: org.postgresql.util.PSQLException: ERRO: duplicar valor da chave 
viola a restriþÒo de unicidade "uk_fk3yutmr81q9vnj581vnfn12r"
  Detalhe: Chave (code)=(ZERO-STOCK-RM) jß existe.
	at org.postgresql.core.v3.QueryExecutorImpl.receiveErrorResponse(QueryExecutor
Impl.java:2676)
	at org.postgresql.core.v3.QueryExecutorImpl.processResults(QueryExecutorImpl.j
ava:2366)
	at 
org.postgresql.core.v3.QueryExecutorImpl.execute(QueryExecutorImpl.java:356)
	at org.postgresql.jdbc.PgStatement.executeInternal(PgStatement.java:496)
	at org.postgresql.jdbc.PgStatement.execute(PgStatement.java:413)
	at org.postgresql.jdbc.PgPreparedStatement.executeWithFlags(PgPreparedStatemen
t.java:190)
	at org.postgresql.jdbc.PgPreparedStatement.executeUpdate(PgPreparedStatement.j
ava:152)
	at io.agroal.pool.wrapper.PreparedStatementWrapper.executeUpdate(PreparedState
mentWrapper.java:88)
	at org.hibernate.engine.jdbc.internal.ResultSetReturnImpl.executeUpdate(Result
SetReturnImpl.java:197)
	... 69 more

fev. 08, 2026 8:15:32 PM org.hibernate.engine.jdbc.spi.SqlExceptionHelper 
logExceptions
WARN: SQL Error: 0, SQLState: 23505
fev. 08, 2026 8:15:32 PM org.hibernate.engine.jdbc.spi.SqlExceptionHelper 
logExceptions
ERROR: ERRO: duplicar valor da chave viola a restriþÒo de unicidade 
"uk_fk3yutmr81q9vnj581vnfn12r"
  Detalhe: Chave (code)=(RM-TEST-001) jß existe.
fev. 08, 2026 8:15:32 PM io.quarkus.vertx.http.runtime.QuarkusErrorHandler 
handle
ERROR: HTTP Request to /raw-materials failed, error id: 
1219e6c1-bfc5-4ef5-a0ec-05f438119002-32
org.jboss.resteasy.spi.UnhandledException: 
javax.persistence.PersistenceException: 
org.hibernate.exception.ConstraintViolationException: could not execute 
statement
	at org.jboss.resteasy.core.ExceptionHandler.handleApplicationException(Excepti
onHandler.java:105)
	at org.jboss.resteasy.core.ExceptionHandler.handleException(ExceptionHandler.j
ava:359)
	at org.jboss.resteasy.core.SynchronousDispatcher.writeException(SynchronousDis
patcher.java:218)
	at org.jboss.resteasy.core.SynchronousDispatcher.invoke(SynchronousDispatcher.
java:519)
	at org.jboss.resteasy.core.SynchronousDispatcher.lambda$invoke$4(SynchronousDi
spatcher.java:261)
	at org.jboss.resteasy.core.SynchronousDispatcher.lambda$preprocess$0(Synchrono
usDispatcher.java:161)
	at org.jboss.resteasy.core.interception.jaxrs.PreMatchContainerRequestContext.
filter(PreMatchContainerRequestContext.java:364)
	at org.jboss.resteasy.core.SynchronousDispatcher.preprocess(SynchronousDispatc
her.java:164)
	at org.jboss.resteasy.core.SynchronousDispatcher.invoke(SynchronousDispatcher.
java:247)
	at io.quarkus.resteasy.runtime.standalone.RequestDispatcher.service(RequestDis
patcher.java:82)
	at io.quarkus.resteasy.runtime.standalone.VertxRequestHandler.dispatch(VertxRe
questHandler.java:147)
	at io.quarkus.resteasy.runtime.standalone.VertxRequestHandler$1.run(VertxReque
stHandler.java:93)
	at io.quarkus.vertx.core.runtime.VertxCoreRecorder$14.runWith(VertxCoreRecorde
r.java:576)
	at org.jboss.threads.EnhancedQueueExecutor$Task.run(EnhancedQueueExecutor.java
:2449)
	at org.jboss.threads.EnhancedQueueExecutor$ThreadBody.run(EnhancedQueueExecuto
r.java:1478)
	at org.jboss.threads.DelegatingRunnable.run(DelegatingRunnable.java:29)
	at org.jboss.threads.ThreadLocalResettingRunnable.run(ThreadLocalResettingRunn
able.java:29)
	at io.netty.util.concurrent.FastThreadLocalRunnable.run(FastThreadLocalRunnabl
e.java:30)
	at java.base/java.lang.Thread.run(Thread.java:842)
Caused by: javax.persistence.PersistenceException: 
org.hibernate.exception.ConstraintViolationException: could not execute 
statement
	at org.hibernate.internal.ExceptionConverterImpl.convert(ExceptionConverterImp
l.java:154)
	at org.hibernate.internal.ExceptionConverterImpl.convert(ExceptionConverterImp
l.java:181)
	at org.hibernate.internal.ExceptionConverterImpl.convert(ExceptionConverterImp
l.java:188)
	at org.hibernate.internal.SessionImpl.firePersist(SessionImpl.java:762)
	at org.hibernate.internal.SessionImpl.persist(SessionImpl.java:742)
	at io.quarkus.hibernate.orm.runtime.session.TransactionScopedSession.persist(T
ransactionScopedSession.java:144)
	at org.hibernate.engine.spi.SessionLazyDelegator.persist(SessionLazyDelegator.
java:241)
	at org.hibernate.Session_5b93bee577ae2f8d76647de04cfab36afbf52958_Synthetic_Cl
ientProxy.persist(Unknown Source)
	at io.quarkus.hibernate.orm.panache.common.runtime.AbstractJpaOperations.persi
st(AbstractJpaOperations.java:101)
	at io.quarkus.hibernate.orm.panache.common.runtime.AbstractJpaOperations.persi
st(AbstractJpaOperations.java:96)
	at io.quarkus.hibernate.orm.panache.PanacheRepositoryBase.persist(PanacheRepos
itoryBase.java:54)
	at com.example.repository.RawMaterialRepository_ClientProxy.persist(Unknown 
Source)
	at 
com.example.resource.RawMaterialResource.create(RawMaterialResource.java:27)
	at com.example.resource.RawMaterialResource_Subclass.create$$superforward1(Unk
nown Source)
	at 
com.example.resource.RawMaterialResource_Subclass$$function$$1.apply(Unknown 
Source)
	at io.quarkus.arc.impl.AroundInvokeInvocationContext.proceed(AroundInvokeInvoc
ationContext.java:54)
	at io.quarkus.narayana.jta.runtime.interceptor.TransactionalInterceptorBase.in
vokeInOurTx(TransactionalInterceptorBase.java:133)
	at io.quarkus.narayana.jta.runtime.interceptor.TransactionalInterceptorBase.in
vokeInOurTx(TransactionalInterceptorBase.java:104)
	at io.quarkus.narayana.jta.runtime.interceptor.TransactionalInterceptorRequire
d.doIntercept(TransactionalInterceptorRequired.java:38)
	at io.quarkus.narayana.jta.runtime.interceptor.TransactionalInterceptorBase.in
tercept(TransactionalInterceptorBase.java:58)
	at io.quarkus.narayana.jta.runtime.interceptor.TransactionalInterceptorRequire
d.intercept(TransactionalInterceptorRequired.java:32)
	at io.quarkus.narayana.jta.runtime.interceptor.TransactionalInterceptorRequire
d_Bean.intercept(Unknown Source)
	at 
io.quarkus.arc.impl.InterceptorInvocation.invoke(InterceptorInvocation.java:42)
	at io.quarkus.arc.impl.AroundInvokeInvocationContext.perform(AroundInvokeInvoc
ationContext.java:41)
	at io.quarkus.arc.impl.InvocationContexts.performAroundInvoke(InvocationContex
ts.java:33)
	at com.example.resource.RawMaterialResource_Subclass.create(Unknown Source)
	at jdk.internal.reflect.GeneratedMethodAccessor258.invoke(Unknown Source)
	at java.base/jdk.internal.reflect.DelegatingMethodAccessorImpl.invoke(Delegati
ngMethodAccessorImpl.java:43)
	at java.base/java.lang.reflect.Method.invoke(Method.java:568)
	at 
org.jboss.resteasy.core.MethodInjectorImpl.invoke(MethodInjectorImpl.java:170)
	at 
org.jboss.resteasy.core.MethodInjectorImpl.invoke(MethodInjectorImpl.java:130)
	at org.jboss.resteasy.core.ResourceMethodInvoker.internalInvokeOnTarget(Resour
ceMethodInvoker.java:660)
	at org.jboss.resteasy.core.ResourceMethodInvoker.invokeOnTargetAfterFilter(Res
ourceMethodInvoker.java:524)
	at org.jboss.resteasy.core.ResourceMethodInvoker.lambda$invokeOnTarget$2(Resou
rceMethodInvoker.java:474)
	at org.jboss.resteasy.core.interception.jaxrs.PreMatchContainerRequestContext.
filter(PreMatchContainerRequestContext.java:364)
	at org.jboss.resteasy.core.ResourceMethodInvoker.invokeOnTarget(ResourceMethod
Invoker.java:476)
	at org.jboss.resteasy.core.ResourceMethodInvoker.invoke(ResourceMethodInvoker.
java:434)
	at org.jboss.resteasy.core.ResourceMethodInvoker.invoke(ResourceMethodInvoker.
java:408)
	at org.jboss.resteasy.core.ResourceMethodInvoker.invoke(ResourceMethodInvoker.
java:69)
	at org.jboss.resteasy.core.SynchronousDispatcher.invoke(SynchronousDispatcher.
java:492)
	... 15 more
Caused by: org.hibernate.exception.ConstraintViolationException: could not 
execute statement
	at org.hibernate.exception.internal.SQLStateConversionDelegate.convert(SQLStat
eConversionDelegate.java:109)
	at org.hibernate.exception.internal.StandardSQLExceptionConverter.convert(Stan
dardSQLExceptionConverter.java:37)
	at org.hibernate.engine.jdbc.spi.SqlExceptionHelper.convert(SqlExceptionHelper
.java:113)
	at org.hibernate.engine.jdbc.spi.SqlExceptionHelper.convert(SqlExceptionHelper
.java:99)
	at org.hibernate.engine.jdbc.internal.ResultSetReturnImpl.executeUpdate(Result
SetReturnImpl.java:200)
	at org.hibernate.dialect.identity.GetGeneratedKeysDelegate.executeAndExtract(G
etGeneratedKeysDelegate.java:58)
	at org.hibernate.id.insert.AbstractReturningDelegate.performInsert(AbstractRet
urningDelegate.java:43)
	at org.hibernate.persister.entity.AbstractEntityPersister.insert(AbstractEntit
yPersister.java:3279)
	at org.hibernate.persister.entity.AbstractEntityPersister.insert(AbstractEntit
yPersister.java:3914)
	at org.hibernate.action.internal.EntityIdentityInsertAction.execute(EntityIden
tityInsertAction.java:84)
	at org.hibernate.engine.spi.ActionQueue.execute(ActionQueue.java:645)
	at org.hibernate.engine.spi.ActionQueue.addResolvedEntityInsertAction(ActionQu
eue.java:282)
	at org.hibernate.engine.spi.ActionQueue.addInsertAction(ActionQueue.java:263)
	at org.hibernate.engine.spi.ActionQueue.addAction(ActionQueue.java:317)
	at org.hibernate.event.internal.AbstractSaveEventListener.addInsertAction(Abst
ractSaveEventListener.java:329)
	at org.hibernate.event.internal.AbstractSaveEventListener.performSaveOrReplica
te(AbstractSaveEventListener.java:286)
	at org.hibernate.event.internal.AbstractSaveEventListener.performSave(Abstract
SaveEventListener.java:192)
	at org.hibernate.event.internal.AbstractSaveEventListener.saveWithGeneratedId(
AbstractSaveEventListener.java:122)
	at org.hibernate.event.internal.DefaultPersistEventListener.entityIsTransient(
DefaultPersistEventListener.java:185)
	at org.hibernate.event.internal.DefaultPersistEventListener.onPersist(DefaultP
ersistEventListener.java:128)
	at org.hibernate.event.internal.DefaultPersistEventListener.onPersist(DefaultP
ersistEventListener.java:55)
	at org.hibernate.event.service.internal.EventListenerGroupImpl.fireEventOnEach
Listener(EventListenerGroupImpl.java:107)
	at org.hibernate.internal.SessionImpl.firePersist(SessionImpl.java:756)
	... 51 more
Caused by: org.postgresql.util.PSQLException: ERRO: duplicar valor da chave 
viola a restriþÒo de unicidade "uk_fk3yutmr81q9vnj581vnfn12r"
  Detalhe: Chave (code)=(RM-TEST-001) jß existe.
	at org.postgresql.core.v3.QueryExecutorImpl.receiveErrorResponse(QueryExecutor
Impl.java:2676)
	at org.postgresql.core.v3.QueryExecutorImpl.processResults(QueryExecutorImpl.j
ava:2366)
	at 
org.postgresql.core.v3.QueryExecutorImpl.execute(QueryExecutorImpl.java:356)
	at org.postgresql.jdbc.PgStatement.executeInternal(PgStatement.java:496)
	at org.postgresql.jdbc.PgStatement.execute(PgStatement.java:413)
	at org.postgresql.jdbc.PgPreparedStatement.executeWithFlags(PgPreparedStatemen
t.java:190)
	at org.postgresql.jdbc.PgPreparedStatement.executeUpdate(PgPreparedStatement.j
ava:152)
	at io.agroal.pool.wrapper.PreparedStatementWrapper.executeUpdate(PreparedState
mentWrapper.java:88)
	at org.hibernate.engine.jdbc.internal.ResultSetReturnImpl.executeUpdate(Result
SetReturnImpl.java:197)
	... 69 more

fev. 08, 2026 8:15:32 PM org.hibernate.engine.jdbc.spi.SqlExceptionHelper 
logExceptions
WARN: SQL Error: 0, SQLState: 23505
fev. 08, 2026 8:15:32 PM org.hibernate.engine.jdbc.spi.SqlExceptionHelper 
logExceptions
ERROR: ERRO: duplicar valor da chave viola a restriþÒo de unicidade 
"uk_fk3yutmr81q9vnj581vnfn12r"
  Detalhe: Chave (code)=(LARGE-STOCK-RM) jß existe.
fev. 08, 2026 8:15:32 PM io.quarkus.vertx.http.runtime.QuarkusErrorHandler 
handle
ERROR: HTTP Request to /raw-materials failed, error id: 
1219e6c1-bfc5-4ef5-a0ec-05f438119002-33
org.jboss.resteasy.spi.UnhandledException: 
javax.persistence.PersistenceException: 
org.hibernate.exception.ConstraintViolationException: could not execute 
statement
	at org.jboss.resteasy.core.ExceptionHandler.handleApplicationException(Excepti
onHandler.java:105)
	at org.jboss.resteasy.core.ExceptionHandler.handleException(ExceptionHandler.j
ava:359)
	at org.jboss.resteasy.core.SynchronousDispatcher.writeException(SynchronousDis
patcher.java:218)
	at org.jboss.resteasy.core.SynchronousDispatcher.invoke(SynchronousDispatcher.
java:519)
	at org.jboss.resteasy.core.SynchronousDispatcher.lambda$invoke$4(SynchronousDi
spatcher.java:261)
	at org.jboss.resteasy.core.SynchronousDispatcher.lambda$preprocess$0(Synchrono
usDispatcher.java:161)
	at org.jboss.resteasy.core.interception.jaxrs.PreMatchContainerRequestContext.
filter(PreMatchContainerRequestContext.java:364)
	at org.jboss.resteasy.core.SynchronousDispatcher.preprocess(SynchronousDispatc
her.java:164)
	at org.jboss.resteasy.core.SynchronousDispatcher.invoke(SynchronousDispatcher.
java:247)
	at io.quarkus.resteasy.runtime.standalone.RequestDispatcher.service(RequestDis
patcher.java:82)
	at io.quarkus.resteasy.runtime.standalone.VertxRequestHandler.dispatch(VertxRe
questHandler.java:147)
	at io.quarkus.resteasy.runtime.standalone.VertxRequestHandler$1.run(VertxReque
stHandler.java:93)
	at io.quarkus.vertx.core.runtime.VertxCoreRecorder$14.runWith(VertxCoreRecorde
r.java:576)
	at org.jboss.threads.EnhancedQueueExecutor$Task.run(EnhancedQueueExecutor.java
:2449)
	at org.jboss.threads.EnhancedQueueExecutor$ThreadBody.run(EnhancedQueueExecuto
r.java:1478)
	at org.jboss.threads.DelegatingRunnable.run(DelegatingRunnable.java:29)
	at org.jboss.threads.ThreadLocalResettingRunnable.run(ThreadLocalResettingRunn
able.java:29)
	at io.netty.util.concurrent.FastThreadLocalRunnable.run(FastThreadLocalRunnabl
e.java:30)
	at java.base/java.lang.Thread.run(Thread.java:842)
Caused by: javax.persistence.PersistenceException: 
org.hibernate.exception.ConstraintViolationException: could not execute 
statement
	at org.hibernate.internal.ExceptionConverterImpl.convert(ExceptionConverterImp
l.java:154)
	at org.hibernate.internal.ExceptionConverterImpl.convert(ExceptionConverterImp
l.java:181)
	at org.hibernate.internal.ExceptionConverterImpl.convert(ExceptionConverterImp
l.java:188)
	at org.hibernate.internal.SessionImpl.firePersist(SessionImpl.java:762)
	at org.hibernate.internal.SessionImpl.persist(SessionImpl.java:742)
	at io.quarkus.hibernate.orm.runtime.session.TransactionScopedSession.persist(T
ransactionScopedSession.java:144)
	at org.hibernate.engine.spi.SessionLazyDelegator.persist(SessionLazyDelegator.
java:241)
	at org.hibernate.Session_5b93bee577ae2f8d76647de04cfab36afbf52958_Synthetic_Cl
ientProxy.persist(Unknown Source)
	at io.quarkus.hibernate.orm.panache.common.runtime.AbstractJpaOperations.persi
st(AbstractJpaOperations.java:101)
	at io.quarkus.hibernate.orm.panache.common.runtime.AbstractJpaOperations.persi
st(AbstractJpaOperations.java:96)
	at io.quarkus.hibernate.orm.panache.PanacheRepositoryBase.persist(PanacheRepos
itoryBase.java:54)
	at com.example.repository.RawMaterialRepository_ClientProxy.persist(Unknown 
Source)
	at 
com.example.resource.RawMaterialResource.create(RawMaterialResource.java:27)
	at com.example.resource.RawMaterialResource_Subclass.create$$superforward1(Unk
nown Source)
	at 
com.example.resource.RawMaterialResource_Subclass$$function$$1.apply(Unknown 
Source)
	at io.quarkus.arc.impl.AroundInvokeInvocationContext.proceed(AroundInvokeInvoc
ationContext.java:54)
	at io.quarkus.narayana.jta.runtime.interceptor.TransactionalInterceptorBase.in
vokeInOurTx(TransactionalInterceptorBase.java:133)
	at io.quarkus.narayana.jta.runtime.interceptor.TransactionalInterceptorBase.in
vokeInOurTx(TransactionalInterceptorBase.java:104)
	at io.quarkus.narayana.jta.runtime.interceptor.TransactionalInterceptorRequire
d.doIntercept(TransactionalInterceptorRequired.java:38)
	at io.quarkus.narayana.jta.runtime.interceptor.TransactionalInterceptorBase.in
tercept(TransactionalInterceptorBase.java:58)
	at io.quarkus.narayana.jta.runtime.interceptor.TransactionalInterceptorRequire
d.intercept(TransactionalInterceptorRequired.java:32)
	at io.quarkus.narayana.jta.runtime.interceptor.TransactionalInterceptorRequire
d_Bean.intercept(Unknown Source)
	at 
io.quarkus.arc.impl.InterceptorInvocation.invoke(InterceptorInvocation.java:42)
	at io.quarkus.arc.impl.AroundInvokeInvocationContext.perform(AroundInvokeInvoc
ationContext.java:41)
	at io.quarkus.arc.impl.InvocationContexts.performAroundInvoke(InvocationContex
ts.java:33)
	at com.example.resource.RawMaterialResource_Subclass.create(Unknown Source)
	at jdk.internal.reflect.GeneratedMethodAccessor258.invoke(Unknown Source)
	at java.base/jdk.internal.reflect.DelegatingMethodAccessorImpl.invoke(Delegati
ngMethodAccessorImpl.java:43)
	at java.base/java.lang.reflect.Method.invoke(Method.java:568)
	at 
org.jboss.resteasy.core.MethodInjectorImpl.invoke(MethodInjectorImpl.java:170)
	at 
org.jboss.resteasy.core.MethodInjectorImpl.invoke(MethodInjectorImpl.java:130)
	at org.jboss.resteasy.core.ResourceMethodInvoker.internalInvokeOnTarget(Resour
ceMethodInvoker.java:660)
	at org.jboss.resteasy.core.ResourceMethodInvoker.invokeOnTargetAfterFilter(Res
ourceMethodInvoker.java:524)
	at org.jboss.resteasy.core.ResourceMethodInvoker.lambda$invokeOnTarget$2(Resou
rceMethodInvoker.java:474)
	at org.jboss.resteasy.core.interception.jaxrs.PreMatchContainerRequestContext.
filter(PreMatchContainerRequestContext.java:364)
	at org.jboss.resteasy.core.ResourceMethodInvoker.invokeOnTarget(ResourceMethod
Invoker.java:476)
	at org.jboss.resteasy.core.ResourceMethodInvoker.invoke(ResourceMethodInvoker.
java:434)
	at org.jboss.resteasy.core.ResourceMethodInvoker.invoke(ResourceMethodInvoker.
java:408)
	at org.jboss.resteasy.core.ResourceMethodInvoker.invoke(ResourceMethodInvoker.
java:69)
	at org.jboss.resteasy.core.SynchronousDispatcher.invoke(SynchronousDispatcher.
java:492)
	... 15 more
Caused by: org.hibernate.exception.ConstraintViolationException: could not 
execute statement
	at org.hibernate.exception.internal.SQLStateConversionDelegate.convert(SQLStat
eConversionDelegate.java:109)
	at org.hibernate.exception.internal.StandardSQLExceptionConverter.convert(Stan
dardSQLExceptionConverter.java:37)
	at org.hibernate.engine.jdbc.spi.SqlExceptionHelper.convert(SqlExceptionHelper
.java:113)
	at org.hibernate.engine.jdbc.spi.SqlExceptionHelper.convert(SqlExceptionHelper
.java:99)
	at org.hibernate.engine.jdbc.internal.ResultSetReturnImpl.executeUpdate(Result
SetReturnImpl.java:200)
	at org.hibernate.dialect.identity.GetGeneratedKeysDelegate.executeAndExtract(G
etGeneratedKeysDelegate.java:58)
	at org.hibernate.id.insert.AbstractReturningDelegate.performInsert(AbstractRet
urningDelegate.java:43)
	at org.hibernate.persister.entity.AbstractEntityPersister.insert(AbstractEntit
yPersister.java:3279)
	at org.hibernate.persister.entity.AbstractEntityPersister.insert(AbstractEntit
yPersister.java:3914)
	at org.hibernate.action.internal.EntityIdentityInsertAction.execute(EntityIden
tityInsertAction.java:84)
	at org.hibernate.engine.spi.ActionQueue.execute(ActionQueue.java:645)
	at org.hibernate.engine.spi.ActionQueue.addResolvedEntityInsertAction(ActionQu
eue.java:282)
	at org.hibernate.engine.spi.ActionQueue.addInsertAction(ActionQueue.java:263)
	at org.hibernate.engine.spi.ActionQueue.addAction(ActionQueue.java:317)
	at org.hibernate.event.internal.AbstractSaveEventListener.addInsertAction(Abst
ractSaveEventListener.java:329)
	at org.hibernate.event.internal.AbstractSaveEventListener.performSaveOrReplica
te(AbstractSaveEventListener.java:286)
	at org.hibernate.event.internal.AbstractSaveEventListener.performSave(Abstract
SaveEventListener.java:192)
	at org.hibernate.event.internal.AbstractSaveEventListener.saveWithGeneratedId(
AbstractSaveEventListener.java:122)
	at org.hibernate.event.internal.DefaultPersistEventListener.entityIsTransient(
DefaultPersistEventListener.java:185)
	at org.hibernate.event.internal.DefaultPersistEventListener.onPersist(DefaultP
ersistEventListener.java:128)
	at org.hibernate.event.internal.DefaultPersistEventListener.onPersist(DefaultP
ersistEventListener.java:55)
	at org.hibernate.event.service.internal.EventListenerGroupImpl.fireEventOnEach
Listener(EventListenerGroupImpl.java:107)
	at org.hibernate.internal.SessionImpl.firePersist(SessionImpl.java:756)
	... 51 more
Caused by: org.postgresql.util.PSQLException: ERRO: duplicar valor da chave 
viola a restriþÒo de unicidade "uk_fk3yutmr81q9vnj581vnfn12r"
  Detalhe: Chave (code)=(LARGE-STOCK-RM) jß existe.
	at org.postgresql.core.v3.QueryExecutorImpl.receiveErrorResponse(QueryExecutor
Impl.java:2676)
	at org.postgresql.core.v3.QueryExecutorImpl.processResults(QueryExecutorImpl.j
ava:2366)
	at 
org.postgresql.core.v3.QueryExecutorImpl.execute(QueryExecutorImpl.java:356)
	at org.postgresql.jdbc.PgStatement.executeInternal(PgStatement.java:496)
	at org.postgresql.jdbc.PgStatement.execute(PgStatement.java:413)
	at org.postgresql.jdbc.PgPreparedStatement.executeWithFlags(PgPreparedStatemen
t.java:190)
	at org.postgresql.jdbc.PgPreparedStatement.executeUpdate(PgPreparedStatement.j
ava:152)
	at io.agroal.pool.wrapper.PreparedStatementWrapper.executeUpdate(PreparedState
mentWrapper.java:88)
	at org.hibernate.engine.jdbc.internal.ResultSetReturnImpl.executeUpdate(Result
SetReturnImpl.java:197)
	... 69 more

fev. 08, 2026 8:15:32 PM io.quarkus.bootstrap.runner.Timing printStopTime
INFO: controle-estoque stopped in 0.026s
[ERROR] Failures: 
[ERROR]   ErrorHandlingTest.testInvalidPathParameter:82 1 expectation failed.
Expected status code (is <400> or is <404> or is <400> or is <422> or is <500>) but was <405>.

[ERROR] Tests run: 101, Failures: 1, Errors: 0, Skipped: 0
[ERROR] Failed to execute goal org.apache.maven.plugins:maven-surefire-plugin:3.2.5:test (default-test) on project controle-estoque: There are test failures.
[ERROR] 
[ERROR] Please refer to C:\Users\Public\Workspace\quest hands\backend\target\surefire-reports for the individual test results.
[ERROR] Please refer to dump files (if any exist) [date].dump, [date]-jvmRun[N].dump and [date].dumpstream.
[ERROR] -> [Help 1]
[ERROR] 
[ERROR] To see the full stack trace of the errors, re-run Maven with the -e switch.
[ERROR] Re-run Maven using the -X switch to enable full debug logging.
[ERROR] 
[ERROR] For more information about the errors and possible solutions, please read the following articles:
[ERROR] [Help 1] http://cwiki.apache.org/confluence/display/MAVEN/MojoFailureException
